12-22 06:59:06.610 W/PackageParser(  879): Ignoring duplicate uses-permissions/uses-permissions-sdk-m: android.permission.ACCESS_FINE_LOCATION in package: com.google.android.gms at: Binary XML file line #224
12-22 06:59:06.610 W/PackageParser(  879): Ignoring duplicate uses-permissions/uses-permissions-sdk-m: android.permission.OBSERVE_GRANT_REVOKE_PERMISSIONS in package: com.google.android.gms at: Binary XML file line #230
12-22 06:59:06.611 W/PackageParser(  879): Ignoring duplicate uses-permissions/uses-permissions-sdk-m: android.permission.READ_CONTACTS in package: com.google.android.gms at: Binary XML file line #268
12-22 06:59:06.611 W/PackageParser(  879): Ignoring duplicate uses-permissions/uses-permissions-sdk-m: android.permission.WRITE_SETTINGS in package: com.google.android.gms at: Binary XML file line #300
12-22 06:59:06.611 W/PackageParser(  879): Ignoring duplicate uses-permissions/uses-permissions-sdk-m: android.permission.CAPTURE_AUDIO_OUTPUT in package: com.google.android.gms at: Binary XML file line #315
12-22 06:59:06.612 W/PackageParser(  879): Ignoring duplicate uses-permissions/uses-permissions-sdk-m: android.permission.CAPTURE_VIDEO_OUTPUT in package: com.google.android.gms at: Binary XML file line #316
12-22 06:59:06.695 W/PackageManager(  879): Failed to parse /system/priv-app/PrebuiltGmsCore: Package com.google.android.gms at /system/priv-app/PrebuiltGmsCore ignored: updated version 8489440 better than this 8186448
12-22 06:59:06.755 W/PackageParser(  879): Ignoring duplicate uses-permissions/uses-permissions-sdk-m: android.permission.USE_CREDENTIALS in package: com.android.settings at: Binary XML file line #55
12-22 06:59:06.756 W/PackageParser(  879): Ignoring duplicate uses-permissions/uses-permissions-sdk-m: android.permission.READ_SYNC_SETTINGS in package: com.android.settings at: Binary XML file line #60
12-22 06:59:06.756 W/PackageParser(  879): Ignoring duplicate uses-permissions/uses-permissions-sdk-m: android.permission.WRITE_SYNC_SETTINGS in package: com.android.settings at: Binary XML file line #61
12-22 06:59:06.843 W/PackageParser(  879): No actions in intent filter at /system/priv-app/SetupWizard/SetupWizard.apk Binary XML file line #184
12-22 06:59:06.876 W/PackageParser(  879): Ignoring duplicate uses-permissions/uses-permissions-sdk-m: android.permission.INSTALL_GRANT_RUNTIME_PERMISSIONS in package: com.android.shell at: Binary XML file line #101
12-22 06:59:06.945 W/PackageParser(  879): Ignoring duplicate uses-permissions/uses-permissions-sdk-m: android.permission.CONFIGURE_WIFI_DISPLAY in package: com.android.systemui at: Binary XML file line #120
12-22 06:59:07.002 D/vold    (  339): Disk at 253:0 changed
12-22 06:59:07.114 E/QC-QMI  (  485): qmi_client [485] 1: failed to locate client data
12-22 06:59:07.115 E/QC-QMI  (  492): qmuxd: RX on fd=15 returned error=0 errno[2:No such file or directory]
12-22 06:59:07.115 E/QC-QMI  (  492): QMUX qmux_client_id=1 not found in qmux client list, unable to remove
12-22 06:59:07.117 E/QC-QMI  (  492): qmi_qmux_open_connection: connection is disabled for conn_id=29
12-22 06:59:07.117 E/QC-QMI  (  492): qmi_qmux_tx_msg: failed to open inactive connd_id=29
12-22 06:59:07.117 E/QC-QMI  (  492): qmi_qmux: TX failed, connection inactive or in reset, conn_id=29, status_flags=4
12-22 06:59:07.117 E/QC-QMI  (  492): qmi_ctl_tx_msg: qmi_qmux_tx_msg failed
12-22 06:59:07.117 E/QC-QMI  (  492): qmi_ctl_handle_request: qmi_ctl_tx_msg call failed
12-22 06:59:07.118 E/QC-QMI  (  492): qmi_qmux_open_connection: connection is disabled for conn_id=29
12-22 06:59:07.118 E/QC-QMI  (  492): qmi_qmux_tx_msg: failed to open inactive connd_id=29
12-22 06:59:07.118 E/QC-QMI  (  492): qmi_qmux: TX failed, connection inactive or in reset, conn_id=29, status_flags=4
12-22 06:59:07.118 E/QC-QMI  (  492): qmi_ctl_tx_msg: qmi_qmux_tx_msg failed
12-22 06:59:07.118 E/QC-QMI  (  492): qmi_ctl_handle_request: qmi_ctl_tx_msg call failed
12-22 06:59:07.120 E/QC-QMI  (  492): qmi_qmux_open_connection: connection is disabled for conn_id=29
12-22 06:59:07.121 E/QC-QMI  (  492): qmi_qmux_tx_msg: failed to open inactive connd_id=29
12-22 06:59:07.121 E/QC-QMI  (  492): qmi_qmux: TX failed, connection inactive or in reset, conn_id=29, status_flags=4
12-22 06:59:07.121 E/QC-QMI  (  492): qmi_ctl_tx_msg: qmi_qmux_tx_msg failed
12-22 06:59:07.121 E/QC-QMI  (  492): qmi_ctl_handle_request: qmi_ctl_tx_msg call failed
12-22 06:59:07.122 E/QC-QMI  (  485): qmi_client [485] 2: failed to locate client data
12-22 06:59:07.123 E/QC-QMI  (  492): qmuxd: RX on fd=15 returned error=0 errno[2:No such file or directory]
12-22 06:59:07.123 E/QC-QMI  (  492): QMUX qmux_client_id=2 not found in qmux client list, unable to remove
12-22 06:59:07.124 E/QC-QMI  (  492): qmi_qmux_open_connection: connection is disabled for conn_id=48
12-22 06:59:07.124 E/QC-QMI  (  492): qmi_qmux_tx_msg: failed to open inactive connd_id=48
12-22 06:59:07.124 E/QC-QMI  (  492): qmi_qmux: TX failed, connection inactive or in reset, conn_id=48, status_flags=4
12-22 06:59:07.124 E/QC-QMI  (  492): qmi_ctl_tx_msg: qmi_qmux_tx_msg failed
12-22 06:59:07.124 E/QC-QMI  (  492): qmi_ctl_handle_request: qmi_ctl_tx_msg call failed
12-22 06:59:07.125 E/QC-QMI  (  492): qmi_qmux_open_connection: connection is disabled for conn_id=48
12-22 06:59:07.125 E/QC-QMI  (  492): qmi_qmux_tx_msg: failed to open inactive connd_id=48
12-22 06:59:07.125 E/QC-QMI  (  492): qmi_qmux: TX failed, connection inactive or in reset, conn_id=48, status_flags=4
12-22 06:59:07.125 E/QC-QMI  (  492): qmi_ctl_tx_msg: qmi_qmux_tx_msg failed
12-22 06:59:07.125 E/QC-QMI  (  492): qmi_ctl_handle_request: qmi_ctl_tx_msg call failed
12-22 06:59:07.126 E/QC-QMI  (  485): qmi_client [485] 3: failed to locate client data
12-22 06:59:07.128 E/QC-QMI  (  492): qmuxd: RX on fd=15 returned error=0 errno[2:No such file or directory]
12-22 06:59:07.129 E/QC-QMI  (  492): QMUX qmux_client_id=3 not found in qmux client list, unable to remove
12-22 06:59:07.132 E/QC-QMI  (  492): qmi_qmux_open_connection: connection is disabled for conn_id=57
12-22 06:59:07.132 E/QC-QMI  (  492): qmi_qmux_tx_msg: failed to open inactive connd_id=57
12-22 06:59:07.132 E/QC-QMI  (  492): qmi_qmux: TX failed, connection inactive or in reset, conn_id=57, status_flags=4
12-22 06:59:07.132 E/QC-QMI  (  492): qmi_ctl_tx_msg: qmi_qmux_tx_msg failed
12-22 06:59:07.132 E/QC-QMI  (  492): qmi_ctl_handle_request: qmi_ctl_tx_msg call failed
12-22 06:59:07.134 E/QC-QMI  (  492): qmi_qmux_open_connection: connection is disabled for conn_id=57
12-22 06:59:07.134 E/QC-QMI  (  492): qmi_qmux_tx_msg: failed to open inactive connd_id=57
12-22 06:59:07.134 E/QC-QMI  (  492): qmi_qmux: TX failed, connection inactive or in reset, conn_id=57, status_flags=4
12-22 06:59:07.134 E/QC-QMI  (  492): qmi_ctl_tx_msg: qmi_qmux_tx_msg failed
12-22 06:59:07.134 E/QC-QMI  (  492): qmi_ctl_handle_request: qmi_ctl_tx_msg call failed
12-22 06:59:07.135 E/QC-QMI  (  485): qmi_client [485] 4: failed to locate client data
12-22 06:59:07.136 E/QC-QMI  (  492): qmuxd: RX on fd=15 returned error=0 errno[2:No such file or directory]
12-22 06:59:07.136 E/QC-QMI  (  492): QMUX qmux_client_id=4 not found in qmux client list, unable to remove
12-22 06:59:07.140 E/QC-QMI  (  485): qmi_client [485] 5: failed to locate client data
12-22 06:59:07.141 E/QC-QMI  (  492): qmuxd: RX on fd=15 returned error=0 errno[2:No such file or directory]
12-22 06:59:07.141 E/QC-QMI  (  492): QMUX qmux_client_id=5 not found in qmux client list, unable to remove
12-22 06:59:07.142 E/QC-QMI  (  492): qmi_qmux_open_connection: connection is disabled for conn_id=29
12-22 06:59:07.142 E/QC-QMI  (  492): qmi_qmux_tx_msg: failed to open inactive connd_id=29
12-22 06:59:07.142 E/QC-QMI  (  492): qmi_qmux: TX failed, connection inactive or in reset, conn_id=29, status_flags=4
12-22 06:59:07.142 E/QC-QMI  (  492): qmi_ctl_tx_msg: qmi_qmux_tx_msg failed
12-22 06:59:07.142 E/QC-QMI  (  492): qmi_ctl_handle_request: qmi_ctl_tx_msg call failed
12-22 06:59:07.144 E/QC-QMI  (  492): qmi_qmux_open_connection: connection is disabled for conn_id=29
12-22 06:59:07.144 E/QC-QMI  (  492): qmi_qmux_tx_msg: failed to open inactive connd_id=29
12-22 06:59:07.144 E/QC-QMI  (  492): qmi_qmux: TX failed, connection inactive or in reset, conn_id=29, status_flags=4
12-22 06:59:07.144 E/QC-QMI  (  492): qmi_ctl_tx_msg: qmi_qmux_tx_msg failed
12-22 06:59:07.144 E/QC-QMI  (  492): qmi_ctl_handle_request: qmi_ctl_tx_msg call failed
12-22 06:59:07.145 E/QC-QMI  (  485): qmi_client [485] 6: failed to locate client data
12-22 06:59:07.145 E/QC-QMI  (  492): qmuxd: RX on fd=15 returned error=0 errno[2:No such file or directory]
12-22 06:59:07.145 E/QC-QMI  (  492): QMUX qmux_client_id=6 not found in qmux client list, unable to remove
12-22 06:59:07.147 E/QC-QMI  (  492): qmi_qmux_open_connection: connection is disabled for conn_id=48
12-22 06:59:07.147 E/QC-QMI  (  492): qmi_qmux_tx_msg: failed to open inactive connd_id=48
12-22 06:59:07.147 E/QC-QMI  (  492): qmi_qmux: TX failed, connection inactive or in reset, conn_id=48, status_flags=4
12-22 06:59:07.147 E/QC-QMI  (  492): qmi_ctl_tx_msg: qmi_qmux_tx_msg failed
12-22 06:59:07.147 E/QC-QMI  (  492): qmi_ctl_handle_request: qmi_ctl_tx_msg call failed
12-22 06:59:07.148 E/QC-QMI  (  492): qmi_qmux_open_connection: connection is disabled for conn_id=48
12-22 06:59:07.148 E/QC-QMI  (  492): qmi_qmux_tx_msg: failed to open inactive connd_id=48
12-22 06:59:07.148 E/QC-QMI  (  492): qmi_qmux: TX failed, connection inactive or in reset, conn_id=48, status_flags=4
12-22 06:59:07.148 E/QC-QMI  (  492): qmi_ctl_tx_msg: qmi_qmux_tx_msg failed
12-22 06:59:07.148 E/QC-QMI  (  492): qmi_ctl_handle_request: qmi_ctl_tx_msg call failed
12-22 06:59:07.151 E/QC-QMI  (  485): qmi_client [485] 7: failed to locate client data
12-22 06:59:07.155 E/QC-QMI  (  492): qmuxd: RX on fd=15 returned error=0 errno[2:No such file or directory]
12-22 06:59:07.155 E/QC-QMI  (  492): QMUX qmux_client_id=7 not found in qmux client list, unable to remove
12-22 06:59:07.167 E/QC-QMI  (  492): qmi_qmux_open_connection: connection is disabled for conn_id=29
12-22 06:59:07.167 E/QC-QMI  (  492): qmi_qmux_tx_msg: failed to open inactive connd_id=29
12-22 06:59:07.167 E/QC-QMI  (  492): qmi_qmux: TX failed, connection inactive or in reset, conn_id=29, status_flags=4
12-22 06:59:07.167 E/QC-QMI  (  492): qmi_ctl_tx_msg: qmi_qmux_tx_msg failed
12-22 06:59:07.167 E/QC-QMI  (  492): qmi_ctl_handle_request: qmi_ctl_tx_msg call failed
12-22 06:59:07.168 E/QC-QMI  (  492): qmi_qmux_open_connection: connection is disabled for conn_id=29
12-22 06:59:07.168 E/QC-QMI  (  492): qmi_qmux_tx_msg: failed to open inactive connd_id=29
12-22 06:59:07.169 E/QC-QMI  (  492): qmi_qmux: TX failed, connection inactive or in reset, conn_id=29, status_flags=4
12-22 06:59:07.169 E/QC-QMI  (  492): qmi_ctl_tx_msg: qmi_qmux_tx_msg failed
12-22 06:59:07.169 E/QC-QMI  (  492): qmi_ctl_handle_request: qmi_ctl_tx_msg call failed
12-22 06:59:07.170 E/QC-QMI  (  492): qmi_qmux_open_connection: connection is disabled for conn_id=29
12-22 06:59:07.170 E/QC-QMI  (  492): qmi_qmux_tx_msg: failed to open inactive connd_id=29
12-22 06:59:07.170 E/QC-QMI  (  492): qmi_qmux: TX failed, connection inactive or in reset, conn_id=29, status_flags=4
12-22 06:59:07.170 E/QC-QMI  (  492): qmi_ctl_tx_msg: qmi_qmux_tx_msg failed
12-22 06:59:07.170 E/QC-QMI  (  492): qmi_ctl_handle_request: qmi_ctl_tx_msg call failed
12-22 06:59:07.170 E/QC-QMI  (  492): qmi_qmux_open_connection: connection is disabled for conn_id=57
12-22 06:59:07.171 E/QC-QMI  (  492): qmi_qmux_tx_msg: failed to open inactive connd_id=57
12-22 06:59:07.171 E/QC-QMI  (  492): qmi_qmux: TX failed, connection inactive or in reset, conn_id=57, status_flags=4
12-22 06:59:07.171 E/QC-QMI  (  492): qmi_ctl_tx_msg: qmi_qmux_tx_msg failed
12-22 06:59:07.171 E/QC-QMI  (  492): qmi_ctl_handle_request: qmi_ctl_tx_msg call failed
12-22 06:59:07.171 E/QC-QMI  (  492): qmi_qmux_open_connection: connection is disabled for conn_id=48
12-22 06:59:07.171 E/QC-QMI  (  492): qmi_qmux_tx_msg: failed to open inactive connd_id=48
12-22 06:59:07.171 E/QC-QMI  (  492): qmi_qmux: TX failed, connection inactive or in reset, conn_id=48, status_flags=4
12-22 06:59:07.171 E/QC-QMI  (  492): qmi_ctl_tx_msg: qmi_qmux_tx_msg failed
12-22 06:59:07.171 E/QC-QMI  (  492): qmi_ctl_handle_request: qmi_ctl_tx_msg call failed
12-22 06:59:07.176 W/PackageManager(  879): Failed to parse /system/priv-app/Velvet: Package com.google.android.googlequicksearchbox at /system/priv-app/Velvet ignored: updated version 300571362 better than this 300515542
12-22 06:59:07.178 E/QC-QMI  (  492): qmi_qmux_open_connection: connection is disabled for conn_id=57
12-22 06:59:07.178 E/QC-QMI  (  492): qmi_qmux_tx_msg: failed to open inactive connd_id=57
12-22 06:59:07.178 E/QC-QMI  (  492): qmi_qmux: TX failed, connection inactive or in reset, conn_id=57, status_flags=4
12-22 06:59:07.178 E/QC-QMI  (  492): qmi_ctl_tx_msg: qmi_qmux_tx_msg failed
12-22 06:59:07.178 E/QC-QMI  (  492): qmi_ctl_handle_request: qmi_ctl_tx_msg call failed
12-22 06:59:07.178 E/QC-QMI  (  492): qmi_qmux_open_connection: connection is disabled for conn_id=48
12-22 06:59:07.178 E/QC-QMI  (  492): qmi_qmux_tx_msg: failed to open inactive connd_id=48
12-22 06:59:07.178 E/QC-QMI  (  492): qmi_qmux: TX failed, connection inactive or in reset, conn_id=48, status_flags=4
12-22 06:59:07.178 E/QC-QMI  (  492): qmi_ctl_tx_msg: qmi_qmux_tx_msg failed
12-22 06:59:07.178 E/QC-QMI  (  492): qmi_ctl_handle_request: qmi_ctl_tx_msg call failed
12-22 06:59:07.180 E/QC-QMI  (  492): qmi_qmux_open_connection: connection is disabled for conn_id=57
12-22 06:59:07.180 E/QC-QMI  (  492): qmi_qmux_tx_msg: failed to open inactive connd_id=57
12-22 06:59:07.180 E/QC-QMI  (  492): qmi_qmux: TX failed, connection inactive or in reset, conn_id=57, status_flags=4
12-22 06:59:07.180 E/QC-QMI  (  492): qmi_ctl_tx_msg: qmi_qmux_tx_msg failed
12-22 06:59:07.180 E/QC-QMI  (  492): qmi_ctl_handle_request: qmi_ctl_tx_msg call failed
12-22 06:59:07.180 E/QC-QMI  (  485): qmi_client [485] 9: failed to locate client data
12-22 06:59:07.181 E/QC-QMI  (  492): qmi_qmux_open_connection: connection is disabled for conn_id=57
12-22 06:59:07.181 E/QC-QMI  (  492): qmi_qmux_tx_msg: failed to open inactive connd_id=57
12-22 06:59:07.181 E/QC-QMI  (  492): qmi_qmux: TX failed, connection inactive or in reset, conn_id=57, status_flags=4
12-22 06:59:07.181 E/QC-QMI  (  492): qmi_ctl_tx_msg: qmi_qmux_tx_msg failed
12-22 06:59:07.181 E/QC-QMI  (  492): qmi_ctl_handle_request: qmi_ctl_tx_msg call failed
12-22 06:59:07.181 E/QC-QMI  (  492): qmuxd: RX on fd=15 returned error=0 errno[2:No such file or directory]
12-22 06:59:07.181 E/QC-QMI  (  492): QMUX qmux_client_id=9 not found in qmux client list, unable to remove
12-22 06:59:07.182 E/QC-QMI  (  492): qmi_qmux_open_connection: connection is disabled for conn_id=29
12-22 06:59:07.182 E/QC-QMI  (  492): qmi_qmux_tx_msg: failed to open inactive connd_id=29
12-22 06:59:07.182 E/QC-QMI  (  492): qmi_qmux: TX failed, connection inactive or in reset, conn_id=29, status_flags=4
12-22 06:59:07.182 E/QC-QMI  (  492): qmi_ctl_tx_msg: qmi_qmux_tx_msg failed
12-22 06:59:07.182 E/QC-QMI  (  492): qmi_ctl_handle_request: qmi_ctl_tx_msg call failed
12-22 06:59:07.183 E/QC-QMI  (  492): qmi_qmux_open_connection: connection is disabled for conn_id=29
12-22 06:59:07.183 E/QC-QMI  (  492): qmi_qmux_tx_msg: failed to open inactive connd_id=29
12-22 06:59:07.183 E/QC-QMI  (  492): qmi_qmux: TX failed, connection inactive or in reset, conn_id=29, status_flags=4
12-22 06:59:07.183 E/QC-QMI  (  492): qmi_ctl_tx_msg: qmi_qmux_tx_msg failed
12-22 06:59:07.183 E/QC-QMI  (  492): qmi_ctl_handle_request: qmi_ctl_tx_msg call failed
12-22 06:59:07.184 E/QC-QMI  (  492): qmi_qmux_open_connection: connection is disabled for conn_id=48
12-22 06:59:07.184 E/QC-QMI  (  492): qmi_qmux_tx_msg: failed to open inactive connd_id=48
12-22 06:59:07.184 E/QC-QMI  (  492): qmi_qmux: TX failed, connection inactive or in reset, conn_id=48, status_flags=4
12-22 06:59:07.184 E/QC-QMI  (  492): qmi_ctl_tx_msg: qmi_qmux_tx_msg failed
12-22 06:59:07.184 E/QC-QMI  (  492): qmi_ctl_handle_request: qmi_ctl_tx_msg call failed
12-22 06:59:07.185 E/QC-QMI  (  492): qmi_qmux_open_connection: connection is disabled for conn_id=48
12-22 06:59:07.185 E/QC-QMI  (  492): qmi_qmux_tx_msg: failed to open inactive connd_id=48
12-22 06:59:07.185 E/QC-QMI  (  492): qmi_qmux: TX failed, connection inactive or in reset, conn_id=48, status_flags=4
12-22 06:59:07.185 E/QC-QMI  (  492): qmi_ctl_tx_msg: qmi_qmux_tx_msg failed
12-22 06:59:07.185 E/QC-QMI  (  492): qmi_ctl_handle_request: qmi_ctl_tx_msg call failed
12-22 06:59:07.186 E/QC-QMI  (  492): qmi_qmux_open_connection: connection is disabled for conn_id=57
12-22 06:59:07.186 E/QC-QMI  (  492): qmi_qmux_tx_msg: failed to open inactive connd_id=57
12-22 06:59:07.186 E/QC-QMI  (  492): qmi_qmux: TX failed, connection inactive or in reset, conn_id=57, status_flags=4
12-22 06:59:07.186 E/QC-QMI  (  492): qmi_ctl_tx_msg: qmi_qmux_tx_msg failed
12-22 06:59:07.186 E/QC-QMI  (  492): qmi_ctl_handle_request: qmi_ctl_tx_msg call failed
12-22 06:59:07.187 E/QC-QMI  (  492): qmi_qmux_open_connection: connection is disabled for conn_id=57
12-22 06:59:07.193 E/QC-QMI  (  492): qmi_qmux_tx_msg: failed to open inactive connd_id=57
12-22 06:59:07.193 E/QC-QMI  (  492): qmi_qmux: TX failed, connection inactive or in reset, conn_id=57, status_flags=4
12-22 06:59:07.193 E/QC-QMI  (  492): qmi_ctl_tx_msg: qmi_qmux_tx_msg failed
12-22 06:59:07.193 E/QC-QMI  (  492): qmi_ctl_handle_request: qmi_ctl_tx_msg call failed
12-22 06:59:07.194 E/QC-QMI  (  492): qmi_qmux_open_connection: connection is disabled for conn_id=29
12-22 06:59:07.194 E/QC-QMI  (  492): qmi_qmux_tx_msg: failed to open inactive connd_id=29
12-22 06:59:07.194 E/QC-QMI  (  492): qmi_qmux: TX failed, connection inactive or in reset, conn_id=29, status_flags=4
12-22 06:59:07.194 E/QC-QMI  (  492): qmi_ctl_tx_msg: qmi_qmux_tx_msg failed
12-22 06:59:07.194 E/QC-QMI  (  492): qmi_ctl_handle_request: qmi_ctl_tx_msg call failed
12-22 06:59:07.194 E/QC-QMI  (  492): qmi_qmux_open_connection: connection is disabled for conn_id=29
12-22 06:59:07.194 E/QC-QMI  (  492): qmi_qmux_tx_msg: failed to open inactive connd_id=29
12-22 06:59:07.194 E/QC-QMI  (  492): qmi_qmux: TX failed, connection inactive or in reset, conn_id=29, status_flags=4
12-22 06:59:07.195 E/QC-QMI  (  492): qmi_ctl_tx_msg: qmi_qmux_tx_msg failed
12-22 06:59:07.195 E/QC-QMI  (  492): qmi_ctl_handle_request: qmi_ctl_tx_msg call failed
12-22 06:59:07.195 E/QC-QMI  (  492): qmi_qmux_open_connection: connection is disabled for conn_id=29
12-22 06:59:07.195 E/QC-QMI  (  492): qmi_qmux_tx_msg: failed to open inactive connd_id=29
12-22 06:59:07.195 E/QC-QMI  (  492): qmi_qmux: TX failed, connection inactive or in reset, conn_id=29, status_flags=4
12-22 06:59:07.195 E/QC-QMI  (  492): qmi_ctl_tx_msg: qmi_qmux_tx_msg failed
12-22 06:59:07.196 E/QC-QMI  (  492): qmi_ctl_handle_request: qmi_ctl_tx_msg call failed
12-22 06:59:07.196 E/QC-QMI  (  492): qmi_qmux_open_connection: connection is disabled for conn_id=29
12-22 06:59:07.196 E/QC-QMI  (  492): qmi_qmux_tx_msg: failed to open inactive connd_id=29
12-22 06:59:07.196 E/QC-QMI  (  492): qmi_qmux: TX failed, connection inactive or in reset, conn_id=29, status_flags=4
12-22 06:59:07.196 E/QC-QMI  (  492): qmi_ctl_tx_msg: qmi_qmux_tx_msg failed
12-22 06:59:07.196 E/QC-QMI  (  492): qmi_ctl_handle_request: qmi_ctl_tx_msg call failed
12-22 06:59:07.197 E/QC-QMI  (  492): qmi_qmux_open_connection: connection is disabled for conn_id=48
12-22 06:59:07.197 E/QC-QMI  (  492): qmi_qmux_tx_msg: failed to open inactive connd_id=48
12-22 06:59:07.197 E/QC-QMI  (  492): qmi_qmux: TX failed, connection inactive or in reset, conn_id=48, status_flags=4
12-22 06:59:07.197 E/QC-QMI  (  492): qmi_ctl_tx_msg: qmi_qmux_tx_msg failed
12-22 06:59:07.197 E/QC-QMI  (  492): qmi_ctl_handle_request: qmi_ctl_tx_msg call failed
12-22 06:59:07.197 E/QC-QMI  (  492): qmi_qmux_open_connection: connection is disabled for conn_id=48
12-22 06:59:07.198 E/QC-QMI  (  492): qmi_qmux_tx_msg: failed to open inactive connd_id=48
12-22 06:59:07.198 E/QC-QMI  (  492): qmi_qmux: TX failed, connection inactive or in reset, conn_id=48, status_flags=4
12-22 06:59:07.198 E/QC-QMI  (  492): qmi_ctl_tx_msg: qmi_qmux_tx_msg failed
12-22 06:59:07.198 E/QC-QMI  (  492): qmi_ctl_handle_request: qmi_ctl_tx_msg call failed
12-22 06:59:07.198 E/QC-QMI  (  492): qmi_qmux_open_connection: connection is disabled for conn_id=48
12-22 06:59:07.198 E/QC-QMI  (  492): qmi_qmux_tx_msg: failed to open inactive connd_id=48
12-22 06:59:07.198 E/QC-QMI  (  492): qmi_qmux: TX failed, connection inactive or in reset, conn_id=48, status_flags=4
12-22 06:59:07.199 E/QC-QMI  (  492): qmi_ctl_tx_msg: qmi_qmux_tx_msg failed
12-22 06:59:07.199 E/QC-QMI  (  492): qmi_ctl_handle_request: qmi_ctl_tx_msg call failed
12-22 06:59:07.199 E/QC-QMI  (  492): qmi_qmux_open_connection: connection is disabled for conn_id=48
12-22 06:59:07.199 E/QC-QMI  (  492): qmi_qmux_tx_msg: failed to open inactive connd_id=48
12-22 06:59:07.199 E/QC-QMI  (  492): qmi_qmux: TX failed, connection inactive or in reset, conn_id=48, status_flags=4
12-22 06:59:07.199 E/QC-QMI  (  492): qmi_ctl_tx_msg: qmi_qmux_tx_msg failed
12-22 06:59:07.199 E/QC-QMI  (  492): qmi_ctl_handle_request: qmi_ctl_tx_msg call failed
12-22 06:59:07.200 E/QC-QMI  (  492): qmi_qmux_open_connection: connection is disabled for conn_id=57
12-22 06:59:07.200 E/QC-QMI  (  492): qmi_qmux_tx_msg: failed to open inactive connd_id=57
12-22 06:59:07.200 E/QC-QMI  (  492): qmi_qmux: TX failed, connection inactive or in reset, conn_id=57, status_flags=4
12-22 06:59:07.200 E/QC-QMI  (  492): qmi_ctl_tx_msg: qmi_qmux_tx_msg failed
12-22 06:59:07.200 E/QC-QMI  (  492): qmi_ctl_handle_request: qmi_ctl_tx_msg call failed
12-22 06:59:07.201 E/QC-QMI  (  492): qmi_qmux_open_connection: connection is disabled for conn_id=57
12-22 06:59:07.201 E/QC-QMI  (  492): qmi_qmux_tx_msg: failed to open inactive connd_id=57
12-22 06:59:07.201 E/QC-QMI  (  492): qmi_qmux: TX failed, connection inactive or in reset, conn_id=57, status_flags=4
12-22 06:59:07.201 E/QC-QMI  (  492): qmi_ctl_tx_msg: qmi_qmux_tx_msg failed
12-22 06:59:07.201 E/QC-QMI  (  492): qmi_ctl_handle_request: qmi_ctl_tx_msg call failed
12-22 06:59:07.201 E/QC-QMI  (  492): qmi_qmux_open_connection: connection is disabled for conn_id=57
12-22 06:59:07.201 E/QC-QMI  (  492): qmi_qmux_tx_msg: failed to open inactive connd_id=57
12-22 06:59:07.202 E/QC-QMI  (  492): qmi_qmux: TX failed, connection inactive or in reset, conn_id=57, status_flags=4
12-22 06:59:07.202 E/QC-QMI  (  492): qmi_ctl_tx_msg: qmi_qmux_tx_msg failed
12-22 06:59:07.202 E/QC-QMI  (  492): qmi_ctl_handle_request: qmi_ctl_tx_msg call failed
12-22 06:59:07.202 E/QC-QMI  (  492): qmi_qmux_open_connection: connection is disabled for conn_id=57
12-22 06:59:07.202 E/QC-QMI  (  492): qmi_qmux_tx_msg: failed to open inactive connd_id=57
12-22 06:59:07.202 E/QC-QMI  (  492): qmi_qmux: TX failed, connection inactive or in reset, conn_id=57, status_flags=4
12-22 06:59:07.202 E/QC-QMI  (  492): qmi_ctl_tx_msg: qmi_qmux_tx_msg failed
12-22 06:59:07.202 E/QC-QMI  (  492): qmi_ctl_handle_request: qmi_ctl_tx_msg call failed
12-22 06:59:07.203 E/QC-QMI  (  492): qmi_qmux_open_connection: connection is disabled for conn_id=29
12-22 06:59:07.203 E/QC-QMI  (  492): qmi_qmux_tx_msg: failed to open inactive connd_id=29
12-22 06:59:07.203 E/QC-QMI  (  492): qmi_qmux: TX failed, connection inactive or in reset, conn_id=29, status_flags=4
12-22 06:59:07.203 E/QC-QMI  (  492): qmi_ctl_tx_msg: qmi_qmux_tx_msg failed
12-22 06:59:07.203 E/QC-QMI  (  492): qmi_ctl_handle_request: qmi_ctl_tx_msg call failed
12-22 06:59:07.204 E/QC-QMI  (  492): qmi_qmux_open_connection: connection is disabled for conn_id=29
12-22 06:59:07.204 E/QC-QMI  (  492): qmi_qmux_tx_msg: failed to open inactive connd_id=29
12-22 06:59:07.204 E/QC-QMI  (  492): qmi_qmux: TX failed, connection inactive or in reset, conn_id=29, status_flags=4
12-22 06:59:07.204 E/QC-QMI  (  492): qmi_ctl_tx_msg: qmi_qmux_tx_msg failed
12-22 06:59:07.204 E/QC-QMI  (  492): qmi_ctl_handle_request: qmi_ctl_tx_msg call failed
12-22 06:59:07.205 E/QC-QMI  (  492): qmi_qmux_open_connection: connection is disabled for conn_id=29
12-22 06:59:07.205 E/QC-QMI  (  492): qmi_qmux_tx_msg: failed to open inactive connd_id=29
12-22 06:59:07.205 E/QC-QMI  (  492): qmi_qmux: TX failed, connection inactive or in reset, conn_id=29, status_flags=4
12-22 06:59:07.205 E/QC-QMI  (  492): qmi_ctl_tx_msg: qmi_qmux_tx_msg failed
12-22 06:59:07.205 E/QC-QMI  (  492): qmi_ctl_handle_request: qmi_ctl_tx_msg call failed
12-22 06:59:07.205 E/QC-QMI  (  492): qmi_qmux_open_connection: connection is disabled for conn_id=29
12-22 06:59:07.206 D/vold    (  339): Disk at 253:0 changed
12-22 06:59:07.206 E/QC-QMI  (  492): qmi_qmux_tx_msg: failed to open inactive connd_id=29
12-22 06:59:07.206 E/QC-QMI  (  492): qmi_qmux: TX failed, connection inactive or in reset, conn_id=29, status_flags=4
12-22 06:59:07.206 E/QC-QMI  (  492): qmi_ctl_tx_msg: qmi_qmux_tx_msg failed
12-22 06:59:07.206 E/QC-QMI  (  492): qmi_ctl_handle_request: qmi_ctl_tx_msg call failed
12-22 06:59:07.206 E/QC-QMI  (  492): qmi_qmux_open_connection: connection is disabled for conn_id=48
12-22 06:59:07.206 E/QC-QMI  (  492): qmi_qmux_tx_msg: failed to open inactive connd_id=48
12-22 06:59:07.206 E/QC-QMI  (  492): qmi_qmux: TX failed, connection inactive or in reset, conn_id=48, status_flags=4
12-22 06:59:07.206 E/QC-QMI  (  492): qmi_ctl_tx_msg: qmi_qmux_tx_msg failed
12-22 06:59:07.207 E/QC-QMI  (  492): qmi_ctl_handle_request: qmi_ctl_tx_msg call failed
12-22 06:59:07.207 E/QC-QMI  (  492): qmi_qmux_open_connection: connection is disabled for conn_id=48
12-22 06:59:07.207 D/vold    (  339): Disk at 253:0 changed
12-22 06:59:07.207 E/QC-QMI  (  492): qmi_qmux_tx_msg: failed to open inactive connd_id=48
12-22 06:59:07.207 D/vold    (  339): Disk at 253:0 changed
12-22 06:59:07.207 E/QC-QMI  (  492): qmi_qmux: TX failed, connection inactive or in reset, conn_id=48, status_flags=4
12-22 06:59:07.208 D/vold    (  339): Disk at 253:0 changed
12-22 06:59:07.208 E/QC-QMI  (  492): qmi_ctl_tx_msg: qmi_qmux_tx_msg failed
12-22 06:59:07.208 D/vold    (  339): Disk at 253:0 changed
12-22 06:59:07.208 E/QC-QMI  (  492): qmi_ctl_handle_request: qmi_ctl_tx_msg call failed
12-22 06:59:07.208 D/vold    (  339): Disk at 253:0 changed
12-22 06:59:07.208 D/vold    (  339): Disk at 253:0 changed
12-22 06:59:07.208 D/vold    (  339): Disk at 253:0 changed
12-22 06:59:07.208 D/vold    (  339): Disk at 253:0 changed
12-22 06:59:07.208 E/QC-QMI  (  492): qmi_qmux_open_connection: connection is disabled for conn_id=48
12-22 06:59:07.208 D/vold    (  339): Disk at 253:0 changed
12-22 06:59:07.208 E/QC-QMI  (  492): qmi_qmux_tx_msg: failed to open inactive connd_id=48
12-22 06:59:07.208 D/vold    (  339): Disk at 253:0 changed
12-22 06:59:07.208 D/vold    (  339): Disk at 253:0 changed
12-22 06:59:07.208 E/QC-QMI  (  492): qmi_qmux: TX failed, connection inactive or in reset, conn_id=48, status_flags=4
12-22 06:59:07.208 D/vold    (  339): Disk at 253:0 changed
12-22 06:59:07.208 E/QC-QMI  (  492): qmi_ctl_tx_msg: qmi_qmux_tx_msg failed
12-22 06:59:07.208 D/vold    (  339): Disk at 253:0 changed
12-22 06:59:07.208 E/QC-QMI  (  492): qmi_ctl_handle_request: qmi_ctl_tx_msg call failed
12-22 06:59:07.208 D/vold    (  339): Disk at 253:0 changed
12-22 06:59:07.208 D/vold    (  339): Disk at 253:0 changed
12-22 06:59:07.209 I/Atfwd_Daemon(  515): result : 255 	 ,Init step :0 	 ,qmiErrorCode: 0
12-22 06:59:07.209 I/Atfwd_Daemon(  515): result : 0 	 ,Init step :1 	 ,qmiErrorCode: 0
12-22 06:59:07.210 I/ServiceManager(  515): Waiting for service AtCmdFwd...
12-22 06:59:07.214 E/QC-QMI  (  492): qmi_qmux_open_connection: connection is disabled for conn_id=57
12-22 06:59:07.214 E/QC-QMI  (  492): qmi_qmux_tx_msg: failed to open inactive connd_id=57
12-22 06:59:07.215 E/QC-QMI  (  492): qmi_qmux: TX failed, connection inactive or in reset, conn_id=57, status_flags=4
12-22 06:59:07.215 E/QC-QMI  (  492): qmi_ctl_tx_msg: qmi_qmux_tx_msg failed
12-22 06:59:07.215 E/QC-QMI  (  492): qmi_ctl_handle_request: qmi_ctl_tx_msg call failed
12-22 06:59:07.215 E/QC-QMI  (  492): qmi_qmux_open_connection: connection is disabled for conn_id=48
12-22 06:59:07.215 E/QC-QMI  (  492): qmi_qmux_tx_msg: failed to open inactive connd_id=48
12-22 06:59:07.215 E/QC-QMI  (  492): qmi_qmux: TX failed, connection inactive or in reset, conn_id=48, status_flags=4
12-22 06:59:07.215 E/QC-QMI  (  492): qmi_ctl_tx_msg: qmi_qmux_tx_msg failed
12-22 06:59:07.215 E/QC-QMI  (  492): qmi_ctl_handle_request: qmi_ctl_tx_msg call failed
12-22 06:59:07.215 E/QC-QMI  (  492): qmi_qmux_open_connection: connection is disabled for conn_id=57
12-22 06:59:07.215 E/QC-QMI  (  492): qmi_qmux_tx_msg: failed to open inactive connd_id=57
12-22 06:59:07.215 E/QC-QMI  (  492): qmi_qmux: TX failed, connection inactive or in reset, conn_id=57, status_flags=4
12-22 06:59:07.215 E/QC-QMI  (  492): qmi_ctl_tx_msg: qmi_qmux_tx_msg failed
12-22 06:59:07.216 E/QC-QMI  (  492): qmi_ctl_handle_request: qmi_ctl_tx_msg call failed
12-22 06:59:07.216 E/QC-QMI  (  492): qmi_qmux_open_connection: connection is disabled for conn_id=57
12-22 06:59:07.216 E/QC-QMI  (  492): qmi_qmux_tx_msg: failed to open inactive connd_id=57
12-22 06:59:07.216 E/QC-QMI  (  492): qmi_qmux: TX failed, connection inactive or in reset, conn_id=57, status_flags=4
12-22 06:59:07.216 E/QC-QMI  (  492): qmi_ctl_tx_msg: qmi_qmux_tx_msg failed
12-22 06:59:07.216 E/QC-QMI  (  492): qmi_ctl_handle_request: qmi_ctl_tx_msg call failed
12-22 06:59:07.217 E/QC-QMI  (  492): qmi_qmux_open_connection: connection is disabled for conn_id=29
12-22 06:59:07.217 E/QC-QMI  (  492): qmi_qmux_tx_msg: failed to open inactive connd_id=29
12-22 06:59:07.217 E/QC-QMI  (  492): qmi_qmux: TX failed, connection inactive or in reset, conn_id=29, status_flags=4
12-22 06:59:07.217 E/QC-QMI  (  492): qmi_ctl_tx_msg: qmi_qmux_tx_msg failed
12-22 06:59:07.217 E/QC-QMI  (  492): qmi_ctl_handle_request: qmi_ctl_tx_msg call failed
12-22 06:59:07.217 E/QC-QMI  (  492): qmi_qmux_open_connection: connection is disabled for conn_id=57
12-22 06:59:07.217 E/QC-QMI  (  492): qmi_qmux_tx_msg: failed to open inactive connd_id=57
12-22 06:59:07.217 E/QC-QMI  (  492): qmi_qmux: TX failed, connection inactive or in reset, conn_id=57, status_flags=4
12-22 06:59:07.217 E/QC-QMI  (  492): qmi_ctl_tx_msg: qmi_qmux_tx_msg failed
12-22 06:59:07.217 E/QC-QMI  (  492): qmi_ctl_handle_request: qmi_ctl_tx_msg call failed
12-22 06:59:07.218 I/ThermalEngine(  496): qmi: Instance id 157 for fusion TS
12-22 06:59:07.219 E/QC-QMI  (  492): qmi_qmux_open_connection: connection is disabled for conn_id=29
12-22 06:59:07.219 E/QC-QMI  (  492): qmi_qmux_tx_msg: failed to open inactive connd_id=29
12-22 06:59:07.219 E/QC-QMI  (  492): qmi_qmux: TX failed, connection inactive or in reset, conn_id=29, status_flags=4
12-22 06:59:07.219 E/QC-QMI  (  492): qmi_ctl_tx_msg: qmi_qmux_tx_msg failed
12-22 06:59:07.219 E/QC-QMI  (  492): qmi_ctl_handle_request: qmi_ctl_tx_msg call failed
12-22 06:59:07.219 E/QC-QMI  (  492): qmi_qmux_open_connection: connection is disabled for conn_id=29
12-22 06:59:07.219 E/QC-QMI  (  492): qmi_qmux_tx_msg: failed to open inactive connd_id=29
12-22 06:59:07.219 E/QC-QMI  (  492): qmi_qmux: TX failed, connection inactive or in reset, conn_id=29, status_flags=4
12-22 06:59:07.219 E/QC-QMI  (  492): qmi_ctl_tx_msg: qmi_qmux_tx_msg failed
12-22 06:59:07.219 E/QC-QMI  (  492): qmi_ctl_handle_request: qmi_ctl_tx_msg call failed
12-22 06:59:07.220 E/QC-QMI  (  492): qmi_qmux_open_connection: connection is disabled for conn_id=48
12-22 06:59:07.220 E/QC-QMI  (  492): qmi_qmux_tx_msg: failed to open inactive connd_id=48
12-22 06:59:07.220 E/QC-QMI  (  492): qmi_qmux: TX failed, connection inactive or in reset, conn_id=48, status_flags=4
12-22 06:59:07.220 E/QC-QMI  (  492): qmi_ctl_tx_msg: qmi_qmux_tx_msg failed
12-22 06:59:07.220 E/QC-QMI  (  492): qmi_ctl_handle_request: qmi_ctl_tx_msg call failed
12-22 06:59:07.220 E/QC-QMI  (  492): qmi_qmux_open_connection: connection is disabled for conn_id=29
12-22 06:59:07.220 E/QC-QMI  (  492): qmi_qmux_tx_msg: failed to open inactive connd_id=29
12-22 06:59:07.220 E/QC-QMI  (  492): qmi_qmux: TX failed, connection inactive or in reset, conn_id=29, status_flags=4
12-22 06:59:07.220 E/QC-QMI  (  492): qmi_ctl_tx_msg: qmi_qmux_tx_msg failed
12-22 06:59:07.220 E/QC-QMI  (  492): qmi_ctl_handle_request: qmi_ctl_tx_msg call failed
12-22 06:59:07.221 E/QC-QMI  (  492): qmi_qmux_open_connection: connection is disabled for conn_id=48
12-22 06:59:07.221 E/QC-QMI  (  492): qmi_qmux_tx_msg: failed to open inactive connd_id=48
12-22 06:59:07.221 E/QC-QMI  (  492): qmi_qmux: TX failed, connection inactive or in reset, conn_id=48, status_flags=4
12-22 06:59:07.221 E/QC-QMI  (  492): qmi_ctl_tx_msg: qmi_qmux_tx_msg failed
12-22 06:59:07.221 E/QC-QMI  (  492): qmi_ctl_handle_request: qmi_ctl_tx_msg call failed
12-22 06:59:07.221 E/QC-QMI  (  492): qmi_qmux_open_connection: connection is disabled for conn_id=48
12-22 06:59:07.221 E/QC-QMI  (  492): qmi_qmux_tx_msg: failed to open inactive connd_id=48
12-22 06:59:07.221 E/QC-QMI  (  492): qmi_qmux: TX failed, connection inactive or in reset, conn_id=48, status_flags=4
12-22 06:59:07.221 E/QC-QMI  (  492): qmi_ctl_tx_msg: qmi_qmux_tx_msg failed
12-22 06:59:07.221 E/QC-QMI  (  492): qmi_ctl_handle_request: qmi_ctl_tx_msg call failed
12-22 06:59:07.223 E/QC-QMI  (  492): qmi_qmux_open_connection: connection is disabled for conn_id=57
12-22 06:59:07.223 E/QC-QMI  (  492): qmi_qmux_tx_msg: failed to open inactive connd_id=57
12-22 06:59:07.223 E/QC-QMI  (  492): qmi_qmux: TX failed, connection inactive or in reset, conn_id=57, status_flags=4
12-22 06:59:07.223 E/QC-QMI  (  492): qmi_ctl_tx_msg: qmi_qmux_tx_msg failed
12-22 06:59:07.223 E/QC-QMI  (  492): qmi_ctl_handle_request: qmi_ctl_tx_msg call failed
12-22 06:59:07.224 E/QC-QMI  (  492): qmi_qmux_open_connection: connection is disabled for conn_id=48
12-22 06:59:07.224 E/QC-QMI  (  492): qmi_qmux_tx_msg: failed to open inactive connd_id=48
12-22 06:59:07.224 E/QC-QMI  (  492): qmi_qmux: TX failed, connection inactive or in reset, conn_id=48, status_flags=4
12-22 06:59:07.224 E/QC-QMI  (  492): qmi_ctl_tx_msg: qmi_qmux_tx_msg failed
12-22 06:59:07.224 E/QC-QMI  (  492): qmi_ctl_handle_request: qmi_ctl_tx_msg call failed
12-22 06:59:07.229 E/QC-QMI  (  492): qmi_qmux_open_connection: connection is disabled for conn_id=57
12-22 06:59:07.229 E/QC-QMI  (  492): qmi_qmux_tx_msg: failed to open inactive connd_id=57
12-22 06:59:07.229 E/QC-QMI  (  492): qmi_qmux: TX failed, connection inactive or in reset, conn_id=57, status_flags=4
12-22 06:59:07.229 E/QC-QMI  (  492): qmi_ctl_tx_msg: qmi_qmux_tx_msg failed
12-22 06:59:07.229 E/QC-QMI  (  492): qmi_ctl_handle_request: qmi_ctl_tx_msg call failed
12-22 06:59:07.229 E/QC-QMI  (  492): qmi_qmux_open_connection: connection is disabled for conn_id=57
12-22 06:59:07.229 E/QC-QMI  (  492): qmi_qmux_tx_msg: failed to open inactive connd_id=57
12-22 06:59:07.230 E/QC-QMI  (  492): qmi_qmux: TX failed, connection inactive or in reset, conn_id=57, status_flags=4
12-22 06:59:07.230 E/QC-QMI  (  492): qmi_ctl_tx_msg: qmi_qmux_tx_msg failed
12-22 06:59:07.230 E/QC-QMI  (  492): qmi_ctl_handle_request: qmi_ctl_tx_msg call failed
12-22 06:59:07.230 E/QC-QMI  (  492): qmi_qmux_open_connection: connection is disabled for conn_id=29
12-22 06:59:07.230 E/QC-QMI  (  492): qmi_qmux_tx_msg: failed to open inactive connd_id=29
12-22 06:59:07.230 E/QC-QMI  (  492): qmi_qmux: TX failed, connection inactive or in reset, conn_id=29, status_flags=4
12-22 06:59:07.230 E/QC-QMI  (  492): qmi_ctl_tx_msg: qmi_qmux_tx_msg failed
12-22 06:59:07.230 E/QC-QMI  (  492): qmi_ctl_handle_request: qmi_ctl_tx_msg call failed
12-22 06:59:07.231 E/QC-QMI  (  492): qmi_qmux_open_connection: connection is disabled for conn_id=57
12-22 06:59:07.231 E/QC-QMI  (  492): qmi_qmux_tx_msg: failed to open inactive connd_id=57
12-22 06:59:07.231 E/QC-QMI  (  492): qmi_qmux: TX failed, connection inactive or in reset, conn_id=57, status_flags=4
12-22 06:59:07.231 E/QC-QMI  (  492): qmi_ctl_tx_msg: qmi_qmux_tx_msg failed
12-22 06:59:07.231 E/QC-QMI  (  492): qmi_ctl_handle_request: qmi_ctl_tx_msg call failed
12-22 06:59:07.232 E/QC-QMI  (  492): qmi_qmux_open_connection: connection is disabled for conn_id=29
12-22 06:59:07.232 E/QC-QMI  (  492): qmi_qmux_tx_msg: failed to open inactive connd_id=29
12-22 06:59:07.232 E/QC-QMI  (  492): qmi_qmux: TX failed, connection inactive or in reset, conn_id=29, status_flags=4
12-22 06:59:07.232 E/QC-QMI  (  492): qmi_ctl_tx_msg: qmi_qmux_tx_msg failed
12-22 06:59:07.232 E/QC-QMI  (  492): qmi_ctl_handle_request: qmi_ctl_tx_msg call failed
12-22 06:59:07.233 E/QC-QMI  (  492): qmi_qmux_open_connection: connection is disabled for conn_id=29
12-22 06:59:07.233 E/QC-QMI  (  492): qmi_qmux_tx_msg: failed to open inactive connd_id=29
12-22 06:59:07.233 E/QC-QMI  (  492): qmi_qmux: TX failed, connection inactive or in reset, conn_id=29, status_flags=4
12-22 06:59:07.233 E/QC-QMI  (  492): qmi_ctl_tx_msg: qmi_qmux_tx_msg failed
12-22 06:59:07.233 E/QC-QMI  (  492): qmi_ctl_handle_request: qmi_ctl_tx_msg call failed
12-22 06:59:07.233 E/QC-QMI  (  492): qmi_qmux_open_connection: connection is disabled for conn_id=48
12-22 06:59:07.234 E/QC-QMI  (  492): qmi_qmux_tx_msg: failed to open inactive connd_id=48
12-22 06:59:07.234 E/QC-QMI  (  492): qmi_qmux: TX failed, connection inactive or in reset, conn_id=48, status_flags=4
12-22 06:59:07.234 E/QC-QMI  (  492): qmi_ctl_tx_msg: qmi_qmux_tx_msg failed
12-22 06:59:07.234 E/QC-QMI  (  492): qmi_ctl_handle_request: qmi_ctl_tx_msg call failed
12-22 06:59:07.235 E/QC-QMI  (  492): qmi_qmux_open_connection: connection is disabled for conn_id=29
12-22 06:59:07.235 E/QC-QMI  (  492): qmi_qmux_tx_msg: failed to open inactive connd_id=29
12-22 06:59:07.235 E/QC-QMI  (  492): qmi_qmux: TX failed, connection inactive or in reset, conn_id=29, status_flags=4
12-22 06:59:07.235 E/QC-QMI  (  492): qmi_ctl_tx_msg: qmi_qmux_tx_msg failed
12-22 06:59:07.235 E/QC-QMI  (  492): qmi_ctl_handle_request: qmi_ctl_tx_msg call failed
12-22 06:59:07.235 E/QC-QMI  (  492): qmi_qmux_open_connection: connection is disabled for conn_id=48
12-22 06:59:07.235 E/QC-QMI  (  492): qmi_qmux_tx_msg: failed to open inactive connd_id=48
12-22 06:59:07.235 E/QC-QMI  (  492): qmi_qmux: TX failed, connection inactive or in reset, conn_id=48, status_flags=4
12-22 06:59:07.235 E/QC-QMI  (  492): qmi_ctl_tx_msg: qmi_qmux_tx_msg failed
12-22 06:59:07.236 E/QC-QMI  (  492): qmi_ctl_handle_request: qmi_ctl_tx_msg call failed
12-22 06:59:07.236 E/QC-QMI  (  492): qmi_qmux_open_connection: connection is disabled for conn_id=48
12-22 06:59:07.236 E/QC-QMI  (  492): qmi_qmux_tx_msg: failed to open inactive connd_id=48
12-22 06:59:07.236 E/QC-QMI  (  492): qmi_qmux: TX failed, connection inactive or in reset, conn_id=48, status_flags=4
12-22 06:59:07.236 E/QC-QMI  (  492): qmi_ctl_tx_msg: qmi_qmux_tx_msg failed
12-22 06:59:07.236 E/QC-QMI  (  492): qmi_ctl_handle_request: qmi_ctl_tx_msg call failed
12-22 06:59:07.237 E/QC-QMI  (  492): qmi_qmux_open_connection: connection is disabled for conn_id=57
12-22 06:59:07.237 E/QC-QMI  (  492): qmi_qmux_tx_msg: failed to open inactive connd_id=57
12-22 06:59:07.237 E/QC-QMI  (  492): qmi_qmux: TX failed, connection inactive or in reset, conn_id=57, status_flags=4
12-22 06:59:07.237 E/QC-QMI  (  492): qmi_ctl_tx_msg: qmi_qmux_tx_msg failed
12-22 06:59:07.237 E/QC-QMI  (  492): qmi_ctl_handle_request: qmi_ctl_tx_msg call failed
12-22 06:59:07.237 E/QC-QMI  (  492): qmi_qmux_open_connection: connection is disabled for conn_id=48
12-22 06:59:07.238 E/QC-QMI  (  492): qmi_qmux_tx_msg: failed to open inactive connd_id=48
12-22 06:59:07.238 E/QC-QMI  (  492): qmi_qmux: TX failed, connection inactive or in reset, conn_id=48, status_flags=4
12-22 06:59:07.238 E/QC-QMI  (  492): qmi_ctl_tx_msg: qmi_qmux_tx_msg failed
12-22 06:59:07.238 E/QC-QMI  (  492): qmi_ctl_handle_request: qmi_ctl_tx_msg call failed
12-22 06:59:07.238 E/QC-QMI  (  492): qmi_qmux_open_connection: connection is disabled for conn_id=57
12-22 06:59:07.238 E/QC-QMI  (  492): qmi_qmux_tx_msg: failed to open inactive connd_id=57
12-22 06:59:07.238 E/QC-QMI  (  492): qmi_qmux: TX failed, connection inactive or in reset, conn_id=57, status_flags=4
12-22 06:59:07.238 E/QC-QMI  (  492): qmi_ctl_tx_msg: qmi_qmux_tx_msg failed
12-22 06:59:07.239 E/QC-QMI  (  492): qmi_ctl_handle_request: qmi_ctl_tx_msg call failed
12-22 06:59:07.239 E/QC-QMI  (  492): qmi_qmux_open_connection: connection is disabled for conn_id=57
12-22 06:59:07.239 E/QC-QMI  (  492): qmi_qmux_tx_msg: failed to open inactive connd_id=57
12-22 06:59:07.239 E/QC-QMI  (  492): qmi_qmux: TX failed, connection inactive or in reset, conn_id=57, status_flags=4
12-22 06:59:07.239 E/QC-QMI  (  492): qmi_ctl_tx_msg: qmi_qmux_tx_msg failed
12-22 06:59:07.239 E/QC-QMI  (  492): qmi_ctl_handle_request: qmi_ctl_tx_msg call failed
12-22 06:59:07.240 E/QC-QMI  (  492): qmi_qmux_open_connection: connection is disabled for conn_id=57
12-22 06:59:07.240 E/QC-QMI  (  492): qmi_qmux_tx_msg: failed to open inactive connd_id=57
12-22 06:59:07.240 E/QC-QMI  (  492): qmi_qmux: TX failed, connection inactive or in reset, conn_id=57, status_flags=4
12-22 06:59:07.240 E/QC-QMI  (  492): qmi_ctl_tx_msg: qmi_qmux_tx_msg failed
12-22 06:59:07.240 E/QC-QMI  (  492): qmi_ctl_handle_request: qmi_ctl_tx_msg call failed
12-22 06:59:07.242 E/QC-QMI  (  492): qmi_qmux_open_connection: connection is disabled for conn_id=29
12-22 06:59:07.242 E/QC-QMI  (  492): qmi_qmux_tx_msg: failed to open inactive connd_id=29
12-22 06:59:07.242 E/QC-QMI  (  492): qmi_qmux: TX failed, connection inactive or in reset, conn_id=29, status_flags=4
12-22 06:59:07.242 E/QC-QMI  (  492): qmi_ctl_tx_msg: qmi_qmux_tx_msg failed
12-22 06:59:07.242 E/QC-QMI  (  492): qmi_ctl_handle_request: qmi_ctl_tx_msg call failed
12-22 06:59:07.242 E/QC-QMI  (  492): qmi_qmux_open_connection: connection is disabled for conn_id=29
12-22 06:59:07.242 E/QC-QMI  (  492): qmi_qmux_tx_msg: failed to open inactive connd_id=29
12-22 06:59:07.242 E/QC-QMI  (  492): qmi_qmux: TX failed, connection inactive or in reset, conn_id=29, status_flags=4
12-22 06:59:07.242 E/QC-QMI  (  492): qmi_ctl_tx_msg: qmi_qmux_tx_msg failed
12-22 06:59:07.242 E/QC-QMI  (  492): qmi_ctl_handle_request: qmi_ctl_tx_msg call failed
12-22 06:59:07.243 E/QC-QMI  (  492): qmi_qmux_open_connection: connection is disabled for conn_id=48
12-22 06:59:07.243 E/QC-QMI  (  492): qmi_qmux_tx_msg: failed to open inactive connd_id=48
12-22 06:59:07.243 E/QC-QMI  (  492): qmi_qmux: TX failed, connection inactive or in reset, conn_id=48, status_flags=4
12-22 06:59:07.243 E/QC-QMI  (  492): qmi_ctl_tx_msg: qmi_qmux_tx_msg failed
12-22 06:59:07.243 E/QC-QMI  (  492): qmi_ctl_handle_request: qmi_ctl_tx_msg call failed
12-22 06:59:07.244 E/QC-QMI  (  492): qmi_qmux_open_connection: connection is disabled for conn_id=48
12-22 06:59:07.244 E/QC-QMI  (  492): qmi_qmux_tx_msg: failed to open inactive connd_id=48
12-22 06:59:07.244 E/QC-QMI  (  492): qmi_qmux: TX failed, connection inactive or in reset, conn_id=48, status_flags=4
12-22 06:59:07.244 E/QC-QMI  (  492): qmi_ctl_tx_msg: qmi_qmux_tx_msg failed
12-22 06:59:07.244 E/QC-QMI  (  492): qmi_ctl_handle_request: qmi_ctl_tx_msg call failed
12-22 06:59:07.244 E/QC-QMI  (  492): qmi_qmux_open_connection: connection is disabled for conn_id=29
12-22 06:59:07.244 E/QC-QMI  (  492): qmi_qmux_tx_msg: failed to open inactive connd_id=29
12-22 06:59:07.244 E/QC-QMI  (  492): qmi_qmux: TX failed, connection inactive or in reset, conn_id=29, status_flags=4
12-22 06:59:07.244 E/QC-QMI  (  492): qmi_ctl_tx_msg: qmi_qmux_tx_msg failed
12-22 06:59:07.244 E/QC-QMI  (  492): qmi_ctl_handle_request: qmi_ctl_tx_msg call failed
12-22 06:59:07.245 E/QC-QMI  (  492): qmi_qmux_open_connection: connection is disabled for conn_id=57
12-22 06:59:07.245 E/QC-QMI  (  492): qmi_qmux_tx_msg: failed to open inactive connd_id=57
12-22 06:59:07.245 E/QC-QMI  (  492): qmi_qmux: TX failed, connection inactive or in reset, conn_id=57, status_flags=4
12-22 06:59:07.245 E/QC-QMI  (  492): qmi_ctl_tx_msg: qmi_qmux_tx_msg failed
12-22 06:59:07.245 E/QC-QMI  (  492): qmi_ctl_handle_request: qmi_ctl_tx_msg call failed
12-22 06:59:07.245 E/QC-QMI  (  492): qmi_qmux_open_connection: connection is disabled for conn_id=29
12-22 06:59:07.245 E/QC-QMI  (  492): qmi_qmux_tx_msg: failed to open inactive connd_id=29
12-22 06:59:07.245 E/QC-QMI  (  492): qmi_qmux: TX failed, connection inactive or in reset, conn_id=29, status_flags=4
12-22 06:59:07.245 E/QC-QMI  (  492): qmi_ctl_tx_msg: qmi_qmux_tx_msg failed
12-22 06:59:07.245 E/QC-QMI  (  492): qmi_ctl_handle_request: qmi_ctl_tx_msg call failed
12-22 06:59:07.246 E/QC-QMI  (  492): qmi_qmux_open_connection: connection is disabled for conn_id=57
12-22 06:59:07.246 E/QC-QMI  (  492): qmi_qmux_tx_msg: failed to open inactive connd_id=57
12-22 06:59:07.246 E/QC-QMI  (  492): qmi_qmux: TX failed, connection inactive or in reset, conn_id=57, status_flags=4
12-22 06:59:07.246 E/QC-QMI  (  492): qmi_ctl_tx_msg: qmi_qmux_tx_msg failed
12-22 06:59:07.246 E/QC-QMI  (  492): qmi_ctl_handle_request: qmi_ctl_tx_msg call failed
12-22 06:59:07.246 E/QC-QMI  (  492): qmi_qmux_open_connection: connection is disabled for conn_id=48
12-22 06:59:07.246 E/QC-QMI  (  492): qmi_qmux_tx_msg: failed to open inactive connd_id=48
12-22 06:59:07.246 E/QC-QMI  (  492): qmi_qmux: TX failed, connection inactive or in reset, conn_id=48, status_flags=4
12-22 06:59:07.246 E/QC-QMI  (  492): qmi_ctl_tx_msg: qmi_qmux_tx_msg failed
12-22 06:59:07.246 E/QC-QMI  (  492): qmi_ctl_handle_request: qmi_ctl_tx_msg call failed
12-22 06:59:07.247 E/QC-QMI  (  492): qmi_qmux_open_connection: connection is disabled for conn_id=29
12-22 06:59:07.247 E/QC-QMI  (  492): qmi_qmux_tx_msg: failed to open inactive connd_id=29
12-22 06:59:07.247 E/QC-QMI  (  492): qmi_qmux: TX failed, connection inactive or in reset, conn_id=29, status_flags=4
12-22 06:59:07.247 E/QC-QMI  (  492): qmi_ctl_tx_msg: qmi_qmux_tx_msg failed
12-22 06:59:07.247 E/QC-QMI  (  492): qmi_ctl_handle_request: qmi_ctl_tx_msg call failed
12-22 06:59:07.247 E/QC-QMI  (  492): qmi_qmux_open_connection: connection is disabled for conn_id=48
12-22 06:59:07.247 E/QC-QMI  (  492): qmi_qmux_tx_msg: failed to open inactive connd_id=48
12-22 06:59:07.247 E/QC-QMI  (  492): qmi_qmux: TX failed, connection inactive or in reset, conn_id=48, status_flags=4
12-22 06:59:07.248 E/QC-QMI  (  492): qmi_ctl_tx_msg: qmi_qmux_tx_msg failed
12-22 06:59:07.248 E/QC-QMI  (  492): qmi_ctl_handle_request: qmi_ctl_tx_msg call failed
12-22 06:59:07.248 W/PackageParser(  879): Ignoring duplicate uses-permissions/uses-permissions-sdk-m: android.permission.READ_CONTACTS in package: com.android.bluetooth at: Binary XML file line #58
12-22 06:59:07.248 E/QC-QMI  (  492): qmi_qmux_open_connection: connection is disabled for conn_id=29
12-22 06:59:07.248 E/QC-QMI  (  492): qmi_qmux_tx_msg: failed to open inactive connd_id=29
12-22 06:59:07.248 E/QC-QMI  (  492): qmi_qmux: TX failed, connection inactive or in reset, conn_id=29, status_flags=4
12-22 06:59:07.248 E/QC-QMI  (  492): qmi_ctl_tx_msg: qmi_qmux_tx_msg failed
12-22 06:59:07.248 E/QC-QMI  (  492): qmi_ctl_handle_request: qmi_ctl_tx_msg call failed
12-22 06:59:07.249 E/QC-QMI  (  492): qmi_qmux_open_connection: connection is disabled for conn_id=57
12-22 06:59:07.249 E/QC-QMI  (  492): qmi_qmux_tx_msg: failed to open inactive connd_id=57
12-22 06:59:07.250 E/QC-QMI  (  492): qmi_qmux: TX failed, connection inactive or in reset, conn_id=57, status_flags=4
12-22 06:59:07.250 E/QC-QMI  (  492): qmi_ctl_tx_msg: qmi_qmux_tx_msg failed
12-22 06:59:07.250 E/QC-QMI  (  492): qmi_ctl_handle_request: qmi_ctl_tx_msg call failed
12-22 06:59:07.250 W/PackageParser(  879): No actions in intent filter at /system/app/Bluetooth/Bluetooth.apk Binary XML file line #216
12-22 06:59:07.250 E/QC-QMI  (  492): qmi_qmux_open_connection: connection is disabled for conn_id=48
12-22 06:59:07.250 E/QC-QMI  (  492): qmi_qmux_tx_msg: failed to open inactive connd_id=48
12-22 06:59:07.250 E/QC-QMI  (  492): qmi_qmux: TX failed, connection inactive or in reset, conn_id=48, status_flags=4
12-22 06:59:07.250 E/QC-QMI  (  492): qmi_ctl_tx_msg: qmi_qmux_tx_msg failed
12-22 06:59:07.250 E/QC-QMI  (  492): qmi_ctl_handle_request: qmi_ctl_tx_msg call failed
12-22 06:59:07.251 E/QC-QMI  (  492): qmi_qmux_open_connection: connection is disabled for conn_id=57
12-22 06:59:07.251 E/QC-QMI  (  492): qmi_qmux_tx_msg: failed to open inactive connd_id=57
12-22 06:59:07.251 E/QC-QMI  (  492): qmi_qmux: TX failed, connection inactive or in reset, conn_id=57, status_flags=4
12-22 06:59:07.251 E/QC-QMI  (  492): qmi_ctl_tx_msg: qmi_qmux_tx_msg failed
12-22 06:59:07.251 E/QC-QMI  (  492): qmi_ctl_handle_request: qmi_ctl_tx_msg call failed
12-22 06:59:07.251 E/QC-QMI  (  492): qmi_qmux_open_connection: connection is disabled for conn_id=48
12-22 06:59:07.251 E/QC-QMI  (  492): qmi_qmux_tx_msg: failed to open inactive connd_id=48
12-22 06:59:07.251 E/QC-QMI  (  492): qmi_qmux: TX failed, connection inactive or in reset, conn_id=48, status_flags=4
12-22 06:59:07.252 E/QC-QMI  (  492): qmi_ctl_tx_msg: qmi_qmux_tx_msg failed
