12-22 08:46:47.560 E/QC-QMI  (  492): qmi_qmux_tx_msg: failed to open inactive connd_id=57
12-22 08:46:47.560 E/QC-QMI  (  492): qmi_qmux: TX failed, connection inactive or in reset, conn_id=57, status_flags=4
12-22 08:46:47.560 E/QC-QMI  (  492): qmi_ctl_tx_msg: qmi_qmux_tx_msg failed
12-22 08:46:47.560 E/QC-QMI  (  492): qmi_ctl_handle_request: qmi_ctl_tx_msg call failed
12-22 08:46:47.563 E/QC-QMI  (  492): qmi_qmux_open_connection: connection is disabled for conn_id=29
12-22 08:46:47.563 E/QC-QMI  (  492): qmi_qmux_tx_msg: failed to open inactive connd_id=29
12-22 08:46:47.563 E/QC-QMI  (  492): qmi_qmux: TX failed, connection inactive or in reset, conn_id=29, status_flags=4
12-22 08:46:47.563 E/QC-QMI  (  492): qmi_ctl_tx_msg: qmi_qmux_tx_msg failed
12-22 08:46:47.563 E/QC-QMI  (  492): qmi_ctl_handle_request: qmi_ctl_tx_msg call failed
12-22 08:46:47.564 E/QC-QMI  (  492): qmi_qmux_open_connection: connection is disabled for conn_id=29
12-22 08:46:47.564 E/QC-QMI  (  492): qmi_qmux_tx_msg: failed to open inactive connd_id=29
12-22 08:46:47.564 E/QC-QMI  (  492): qmi_qmux: TX failed, connection inactive or in reset, conn_id=29, status_flags=4
12-22 08:46:47.564 E/QC-QMI  (  492): qmi_ctl_tx_msg: qmi_qmux_tx_msg failed
12-22 08:46:47.564 E/QC-QMI  (  492): qmi_ctl_handle_request: qmi_ctl_tx_msg call failed
12-22 08:46:47.565 E/QC-QMI  (  492): qmi_qmux_open_connection: connection is disabled for conn_id=48
12-22 08:46:47.565 E/QC-QMI  (  492): qmi_qmux_tx_msg: failed to open inactive connd_id=48
12-22 08:46:47.565 E/QC-QMI  (  492): qmi_qmux: TX failed, connection inactive or in reset, conn_id=48, status_flags=4
12-22 08:46:47.565 E/QC-QMI  (  492): qmi_ctl_tx_msg: qmi_qmux_tx_msg failed
12-22 08:46:47.565 E/QC-QMI  (  492): qmi_ctl_handle_request: qmi_ctl_tx_msg call failed
12-22 08:46:47.566 E/QC-QMI  (  492): qmi_qmux_open_connection: connection is disabled for conn_id=48
12-22 08:46:47.566 E/QC-QMI  (  492): qmi_qmux_tx_msg: failed to open inactive connd_id=48
12-22 08:46:47.566 E/QC-QMI  (  492): qmi_qmux: TX failed, connection inactive or in reset, conn_id=48, status_flags=4
12-22 08:46:47.566 E/QC-QMI  (  492): qmi_ctl_tx_msg: qmi_qmux_tx_msg failed
12-22 08:46:47.566 E/QC-QMI  (  492): qmi_ctl_handle_request: qmi_ctl_tx_msg call failed
12-22 08:46:47.566 E/QC-QMI  (  492): qmi_qmux_open_connection: connection is disabled for conn_id=57
12-22 08:46:47.566 E/QC-QMI  (  492): qmi_qmux_tx_msg: failed to open inactive connd_id=57
12-22 08:46:47.567 E/QC-QMI  (  492): qmi_qmux: TX failed, connection inactive or in reset, conn_id=57, status_flags=4
12-22 08:46:47.567 E/QC-QMI  (  492): qmi_ctl_tx_msg: qmi_qmux_tx_msg failed
12-22 08:46:47.567 E/QC-QMI  (  492): qmi_ctl_handle_request: qmi_ctl_tx_msg call failed
12-22 08:46:47.567 E/QC-QMI  (  492): qmi_qmux_open_connection: connection is disabled for conn_id=57
12-22 08:46:47.567 E/QC-QMI  (  492): qmi_qmux_tx_msg: failed to open inactive connd_id=57
12-22 08:46:47.567 E/QC-QMI  (  492): qmi_qmux: TX failed, connection inactive or in reset, conn_id=57, status_flags=4
12-22 08:46:47.567 E/QC-QMI  (  492): qmi_ctl_tx_msg: qmi_qmux_tx_msg failed
12-22 08:46:47.567 E/QC-QMI  (  492): qmi_ctl_handle_request: qmi_ctl_tx_msg call failed
12-22 08:46:47.568 E/QC-QMI  (  492): qmi_qmux_open_connection: connection is disabled for conn_id=29
12-22 08:46:47.568 E/QC-QMI  (  492): qmi_qmux_tx_msg: failed to open inactive connd_id=29
12-22 08:46:47.568 E/QC-QMI  (  492): qmi_qmux: TX failed, connection inactive or in reset, conn_id=29, status_flags=4
12-22 08:46:47.568 E/QC-QMI  (  492): qmi_ctl_tx_msg: qmi_qmux_tx_msg failed
12-22 08:46:47.568 E/QC-QMI  (  492): qmi_ctl_handle_request: qmi_ctl_tx_msg call failed
12-22 08:46:47.569 E/QC-QMI  (  492): qmi_qmux_open_connection: connection is disabled for conn_id=29
12-22 08:46:47.569 E/QC-QMI  (  492): qmi_qmux_tx_msg: failed to open inactive connd_id=29
12-22 08:46:47.569 E/QC-QMI  (  492): qmi_qmux: TX failed, connection inactive or in reset, conn_id=29, status_flags=4
12-22 08:46:47.569 E/QC-QMI  (  492): qmi_ctl_tx_msg: qmi_qmux_tx_msg failed
12-22 08:46:47.569 E/QC-QMI  (  492): qmi_ctl_handle_request: qmi_ctl_tx_msg call failed
12-22 08:46:47.570 E/QC-QMI  (  492): qmi_qmux_open_connection: connection is disabled for conn_id=48
12-22 08:46:47.570 E/QC-QMI  (  492): qmi_qmux_tx_msg: failed to open inactive connd_id=48
12-22 08:46:47.570 E/QC-QMI  (  492): qmi_qmux: TX failed, connection inactive or in reset, conn_id=48, status_flags=4
12-22 08:46:47.570 E/QC-QMI  (  492): qmi_ctl_tx_msg: qmi_qmux_tx_msg failed
12-22 08:46:47.570 E/QC-QMI  (  492): qmi_ctl_handle_request: qmi_ctl_tx_msg call failed
12-22 08:46:47.571 E/QC-QMI  (  492): qmi_qmux_open_connection: connection is disabled for conn_id=48
12-22 08:46:47.571 E/QC-QMI  (  492): qmi_qmux_tx_msg: failed to open inactive connd_id=48
12-22 08:46:47.571 E/QC-QMI  (  492): qmi_qmux: TX failed, connection inactive or in reset, conn_id=48, status_flags=4
12-22 08:46:47.571 E/QC-QMI  (  492): qmi_ctl_tx_msg: qmi_qmux_tx_msg failed
12-22 08:46:47.571 E/QC-QMI  (  492): qmi_ctl_handle_request: qmi_ctl_tx_msg call failed
12-22 08:46:47.572 E/QC-QMI  (  492): qmi_qmux_open_connection: connection is disabled for conn_id=57
12-22 08:46:47.572 E/QC-QMI  (  492): qmi_qmux_tx_msg: failed to open inactive connd_id=57
12-22 08:46:47.572 E/QC-QMI  (  492): qmi_qmux: TX failed, connection inactive or in reset, conn_id=57, status_flags=4
12-22 08:46:47.572 E/QC-QMI  (  492): qmi_ctl_tx_msg: qmi_qmux_tx_msg failed
12-22 08:46:47.572 E/QC-QMI  (  492): qmi_ctl_handle_request: qmi_ctl_tx_msg call failed
12-22 08:46:47.574 E/QC-QMI  (  492): qmi_qmux_open_connection: connection is disabled for conn_id=57
12-22 08:46:47.574 E/QC-QMI  (  492): qmi_qmux_tx_msg: failed to open inactive connd_id=57
12-22 08:46:47.575 E/QC-QMI  (  492): qmi_qmux: TX failed, connection inactive or in reset, conn_id=57, status_flags=4
12-22 08:46:47.575 E/QC-QMI  (  492): qmi_ctl_tx_msg: qmi_qmux_tx_msg failed
12-22 08:46:47.575 E/QC-QMI  (  492): qmi_ctl_handle_request: qmi_ctl_tx_msg call failed
12-22 08:46:47.579 W/rild    (  651): type=1400 audit(0.0:52): avc: denied { read write } for name="diag" dev="tmpfs" ino=10831 scontext=u:r:rild:s0 tcontext=u:object_r:diag_device:s0 tclass=chr_file permissive=0
12-22 08:46:47.589 E/Diag_Lib(  485):  Diag_LSM_Init: Failed to open handle to diag driver, error = 13
12-22 08:46:47.589 E/Diag_Lib(  485):  Diag_LSM_Init: Failed to open handle to diag driver, error = 13
12-22 08:46:47.579 W/rild    (  651): type=1400 audit(0.0:53): avc: denied { read write } for name="diag" dev="tmpfs" ino=10831 scontext=u:r:rild:s0 tcontext=u:object_r:diag_device:s0 tclass=chr_file permissive=0
12-22 08:46:47.579 W/rild    (  651): type=1400 audit(0.0:54): avc: denied { read write } for name="diag" dev="tmpfs" ino=10831 scontext=u:r:rild:s0 tcontext=u:object_r:diag_device:s0 tclass=chr_file permissive=0
12-22 08:46:47.595 E/Diag_Lib(  485):  Diag_LSM_Init: Failed to open handle to diag driver, error = 13
12-22 08:46:47.609 W/rild    (  651): type=1400 audit(0.0:55): avc: denied { read write } for name="diag" dev="tmpfs" ino=10831 scontext=u:r:rild:s0 tcontext=u:object_r:diag_device:s0 tclass=chr_file permissive=0
12-22 08:46:47.627 E/Diag_Lib(  485):  Diag_LSM_Init: Failed to open handle to diag driver, error = 13
12-22 08:46:47.634 E/QMI_FW  (  485): qcci_qmi_lge_vs_nv_init-entered!!!
12-22 08:46:47.634 E/QMI_FW  (  485): [VSS_QCCI]Daemon:qcci_qmi_lge_vs_nv_init: qmi_client_get_service_list returned 0 num_services 1
12-22 08:46:47.634 E/QMI_FW  (  485): [VSS_QCCI] qmi_client_get_service_list() returned 0 num_entries = 1 num_services = 1
12-22 08:46:47.634 E/QMI_FW  (  485): [VSS_QCCI] NV qmi_client_init returned 0
12-22 08:46:47.634 E/QMI_FW  (  485): [VSS_QCCI] Enter qcci_qmi_lge_vs_nv_init()----> nv_client = 0x18
12-22 08:46:47.634 E/QMI_FW  (  485): [VSS_QCCI] NV qmi_client_register_error_cb returned 0
12-22 08:46:47.635 E/QMI_FW  (  485): qcci_qmi_lge_vs_nv_init: [VSS_QCCI] NV Done initialization and send server connect callback req
12-22 08:46:47.635 E/QMI_FW  (  485): [VSS_QCCI] NV init Complete!!!
12-22 08:46:47.665 W/PackageManager(  878): Failed to parse /system/app/Drive: Package com.google.android.apps.docs at /system/app/Drive ignored: updated version 54742340 better than this 53270545
12-22 08:46:47.714 W/PackageManager(  878): Failed to parse /system/app/GoogleCamera: Package com.google.android.GoogleCamera at /system/app/GoogleCamera ignored: updated version 31021140 better than this 30039140
12-22 08:46:47.797 W/PackageManager(  878): Failed to parse /system/app/GoogleHome: Package com.google.android.launcher at /system/app/GoogleHome ignored: updated version 103001 better than this 102000
12-22 08:46:47.811 W/PackageParser(  878): Ignoring duplicate uses-permissions/uses-permissions-sdk-m: android.permission.ACCESS_NETWORK_STATE in package: com.google.android.inputmethod.japanese at: Binary XML file line #26
12-22 08:46:47.811 W/PackageParser(  878): Ignoring duplicate uses-permissions/uses-permissions-sdk-m: android.permission.INTERNET in package: com.google.android.inputmethod.japanese at: Binary XML file line #27
12-22 08:46:47.828 E/mm-camera-intf(  487): mm_camera_open:Failed with Connection timed out error, retrying after 20 milli-seconds
12-22 08:46:47.839 W/netmgrd (  495): type=1400 audit(0.0:56): avc: denied { read write } for name="diag" dev="tmpfs" ino=10831 scontext=u:r:netmgrd:s0 tcontext=u:object_r:diag_device:s0 tclass=chr_file permissive=0
12-22 08:46:47.854 E/Diag_Lib(  495):  Diag_LSM_Init: Failed to open handle to diag driver, error = 13
12-22 08:46:47.856 E/mm-camera-img(  507): module_imglib_start_session:1778 ###Img_Loglevel 1
12-22 08:46:47.860 E/mm-camera-isp2(  507): isp_module_start_session:360 num_session_opened 1
12-22 08:46:47.864 E/mm-camera(  507): q3a_port_init:1753  q3a_port_init: 3A VERSION --> 4.1.0.r9
12-22 08:46:47.871 E/QC-QMI  (  495): qmi_client [495] 13: failed to locate client data
12-22 08:46:47.871 E/QC-QMI  (  492): qmuxd: RX on fd=21 returned error=0 errno[2:No such file or directory]
12-22 08:46:47.872 E/QC-QMI  (  492): QMUX qmux_client_id=13 not found in qmux client list, unable to remove
12-22 08:46:47.883 E/libaprpmem(  507): 
12-22 08:46:47.883 E/libaprpmem(  507):  Ion allocation success virtaddr : ret=4038881280 fd=42 heapid=33554432
12-22 08:46:47.889 E/libaprpmem(  507): 
12-22 08:46:47.889 E/libaprpmem(  507):  Ion allocation success virtaddr : ret=4034912256 fd=43 heapid=33554432
12-22 08:46:47.899 E/libaprpmem(  507): 
12-22 08:46:47.899 E/libaprpmem(  507):  Ion allocation success virtaddr : ret=4026974208 fd=44 heapid=33554432
12-22 08:46:47.906 E/libaprpmem(  507): 
12-22 08:46:47.906 E/libaprpmem(  507):  Ion allocation success virtaddr : ret=4022792192 fd=45 heapid=33554432
12-22 08:46:47.912 E/mm-camera-sensor(  507): sensor_sdk_util_get_kernel_i2c_addr_type:26Invalid addr_type = 0
12-22 08:46:47.912 E/mm-camera-sensor(  507): sensor_sdk_util_get_kernel_i2c_data_type:40Invalid addr_type = 0
12-22 08:46:47.913 W/PackageManager(  878): Failed to parse /system/app/GoogleTTS: Package com.google.android.tts at /system/app/GoogleTTS ignored: updated version 210307121 better than this 210306072
12-22 08:46:47.916 E/libaprpmem(  507): 
12-22 08:46:47.916 E/libaprpmem(  507):  Ion allocation success virtaddr : ret=4014428160 fd=47 heapid=33554432
12-22 08:46:47.927 E/libaprpmem(  507): 
12-22 08:46:47.927 E/libaprpmem(  507):  Ion allocation success virtaddr : ret=4010246144 fd=48 heapid=33554432
12-22 08:46:47.930 E/mm-camera-sensor(  507): sensor_sdk_util_get_kernel_i2c_data_type:40Invalid addr_type = 0
12-22 08:46:47.931 E/mm-camera-sensor(  507): sensor_sdk_util_get_kernel_i2c_addr_type:26Invalid addr_type = 0
12-22 08:46:47.934 E/libaprpmem(  507): 
12-22 08:46:47.934 E/libaprpmem(  507):  Ion allocation success virtaddr : ret=4006064128 fd=46 heapid=33554432
12-22 08:46:47.962 W/PackageParser(  878): Ignoring duplicate uses-permissions/uses-permissions-sdk-m: android.permission.INTERNET in package: com.google.android.talk at: Binary XML file line #161
12-22 08:46:47.963 W/PackageParser(  878): Ignoring duplicate uses-permissions/uses-permissions-sdk-m: android.permission.USE_CREDENTIALS in package: com.google.android.talk at: Binary XML file line #164
12-22 08:46:47.963 W/PackageParser(  878): Ignoring duplicate uses-permissions/uses-permissions-sdk-m: android.permission.ACCESS_NETWORK_STATE in package: com.google.android.talk at: Binary XML file line #166
12-22 08:46:47.979 E/mm-camera(  507): mct: mct_pipeline_start_stream_internal: Adding session stream streamid= 0xf for session=1
12-22 08:46:47.980 E/mm-camera(  507): mct: mct_pipeline_start_stream_internal:Linking session stream for session 1
12-22 08:46:47.983 E/mm-camera(  507): mct: mct_pipeline_start_stream_internal:Session stream linked successfully session 1
12-22 08:46:47.984 E/mm-camera-isp2(  507): isp_resource_query_mod:145 num_isp_preallocate 0 num_session_opened 1 dual_vfe_enabled 0
12-22 08:46:47.985 E/mm-camera(  507): module_faceproc_query_mod:1916] Caps ROI 10 scene_mode_cnt 1 HW analysis supported 0
12-22 08:46:47.985 E/mm-camera(  507): mct: mct_pipeline_populate_query_cap_buffer: 3A VERSION:: 4.1.0.r9
12-22 08:46:47.986 E/mm-camera(  507): mct: mct_pipeline_process_set:2298: Couldn't find stream id: 0
12-22 08:46:47.986 W/PackageManager(  878): Failed to parse /system/app/Hangouts: Package com.google.android.talk at /system/app/Hangouts ignored: updated version 22758934 better than this 22582810
12-22 08:46:47.987 E/mm-camera(  507): port_iface_ext_unlink_func: E, identity = 0x1000f, port = 0xf5456c00, direction = 2
12-22 08:46:47.987 E/mm-camera(  507): port_iface_check_caps_unreserve_func:  E, identity = 0x1000f, port = 0xf5456c00, direction = 2
12-22 08:46:47.987 E/mm-camera(  507): iface_unreserve_sink_port: stream_id f mode 0 
12-22 08:46:47.987 E/mm-camera(  507): port_iface_ext_unlink_func: E, identity = 0x1000f, port = 0xf5456f00, direction = 1
12-22 08:46:47.987 E/mm-camera(  507): iface_ext_unlink_src_port: mct stream already removed from hw stream
12-22 08:46:47.987 E/mm-camera(  507): port_iface_check_caps_unreserve_func:  E, identity = 0x1000f, port = 0xf5456f00, direction = 1
12-22 08:46:47.988 E/mm-camera(  507): isp_port_check_caps_unreserve:844 ide 1000f port 0xf533abe0
12-22 08:46:47.988 E/mm-camera(  507): c2d_port_check_caps_unreserve:183, identity=0x1000f
12-22 08:46:47.988 E/mm-camera(  507): c2d_port_check_caps_unreserve:193, identity=0x1000f, unreserved
12-22 08:46:47.988 E/mm-camera(  507): c2d_port_check_caps_unreserve:183, identity=0x1000f
12-22 08:46:47.988 E/mm-camera(  507): c2d_port_check_caps_unreserve:193, identity=0x1000f, unreserved
12-22 08:46:47.988 E/mm-camera(  507): cpp_port_check_caps_unreserve:164, identity=0x1000f
12-22 08:46:47.988 E/mm-camera(  507): cpp_port_check_caps_unreserve:174, identity=0x1000f, unreserved
12-22 08:46:47.988 E/mm-camera(  507): cpp_port_check_caps_unreserve:164, identity=0x1000f
12-22 08:46:47.988 E/mm-camera(  507): cpp_port_check_caps_unreserve:174, identity=0x1000f, unreserved
12-22 08:46:47.988 E/mm-camera(  507): q3a_thread_af_stop:672  q3a_thread_af_stop:672 MSG_STOP_THREAD
12-22 08:46:47.989 D/mm-camera(  507): stats_port_delete_reserved_stream:2340: going to NULL peer
12-22 08:46:47.992 E/mm-camera-isp2(  507): isp_module_stop_session:437 session id 1
12-22 08:46:47.995 E/mm-camera(  507): cpp_module_stop_session:536, info: stopping session 1 ...
12-22 08:46:47.996 E/mm-camera(  507): cpp_thread_process_pipe_message:581, CPP_THREAD_MSG_ABORT: cpp_thread exiting..
12-22 08:46:47.996 E/mm-camera(  507): module_faceproc_stop_session:1804] session cnt 1
12-22 08:46:47.998 E/mm-camera(  507): cpp_module_stop_session:585, info: session 1 stopped.
12-22 08:46:47.999 E/mm-camera(  507): c2d_module_stop_session:354, info: stopping session 1 ...
12-22 08:46:48.004 E/mm-camera(  507): c2d_thread_process_pipe_message:830, C2D_THREAD_MSG_ABORT: c2d_thread exiting..
12-22 08:46:48.006 E/mm-camera(  507): c2d_module_stop_session:399, info: session 1 stopped.
12-22 08:46:48.008 E/cac2    (  507):  [cac2latency] cac2_destroy_buffers: 0 ms 
12-22 08:46:48.012 D/QCamera3HWI(  487): int qcamera::lookupFwkName(const mapType*, size_t, halType) [with halType = cam_effect_mode_type; mapType = qcamera::QCamera3HardwareInterface::QCameraMap<camera_metadata_enum_android_control_effect_mode, cam_effect_mode_type>; size_t = unsigned int]: Cannot find matching framework type
12-22 08:46:48.012 D/QCamera3HWI(  487): int qcamera::lookupFwkName(const mapType*, size_t, halType) [with halType = cam_effect_mode_type; mapType = qcamera::QCamera3HardwareInterface::QCameraMap<camera_metadata_enum_android_control_effect_mode, cam_effect_mode_type>; size_t = unsigned int]: Cannot find matching framework type
12-22 08:46:48.012 D/QCamera3HWI(  487): int qcamera::lookupFwkName(const mapType*, size_t, halType) [with halType = cam_effect_mode_type; mapType = qcamera::QCamera3HardwareInterface::QCameraMap<camera_metadata_enum_android_control_effect_mode, cam_effect_mode_type>; size_t = unsigned int]: Cannot find matching framework type
12-22 08:46:48.012 D/QCamera3HWI(  487): int qcamera::lookupFwkName(const mapType*, size_t, halType) [with halType = cam_scene_mode_type; mapType = qcamera::QCamera3HardwareInterface::QCameraMap<camera_metadata_enum_android_control_scene_mode, cam_scene_mode_type>; size_t = unsigned int]: Cannot find matching framework type
12-22 08:46:48.013 D/QCamera3HWI(  487): int qcamera::lookupFwkName(const mapType*, size_t, halType) [with halType = cam_scene_mode_type; mapType = qcamera::QCamera3HardwareInterface::QCameraMap<camera_metadata_enum_android_control_scene_mode, cam_scene_mode_type>; size_t = unsigned int]: Cannot find matching framework type
12-22 08:46:48.013 D/QCamera3HWI(  487): int qcamera::lookupFwkName(const mapType*, size_t, halType) [with halType = cam_scene_mode_type; mapType = qcamera::QCamera3HardwareInterface::QCameraMap<camera_metadata_enum_android_control_scene_mode, cam_scene_mode_type>; size_t = unsigned int]: Cannot find matching framework type
12-22 08:46:48.013 D/QCamera3HWI(  487): int qcamera::lookupFwkName(const mapType*, size_t, halType) [with halType = cam_scene_mode_type; mapType = qcamera::QCamera3HardwareInterface::QCameraMap<camera_metadata_enum_android_control_scene_mode, cam_scene_mode_type>; size_t = unsigned int]: Cannot find matching framework type
12-22 08:46:48.013 D/QCamera3HWI(  487): int qcamera::lookupFwkName(const mapType*, size_t, halType) [with halType = cam_focus_mode_type; mapType = qcamera::QCamera3HardwareInterface::QCameraMap<camera_metadata_enum_android_control_af_mode, cam_focus_mode_type>; size_t = unsigned int]: Cannot find matching framework type
12-22 08:46:48.013 D/QCamera3HWI(  487): int qcamera::lookupFwkName(const mapType*, size_t, halType) [with halType = cam_focus_mode_type; mapType = qcamera::QCamera3HardwareInterface::QCameraMap<camera_metadata_enum_android_control_af_mode, cam_focus_mode_type>; size_t = unsigned int]: Cannot find matching framework type
12-22 08:46:48.013 D/QCamera3HWI(  487): int qcamera::lookupFwkName(const mapType*, size_t, halType) [with halType = cam_wb_mode_type; mapType = qcamera::QCamera3HardwareInterface::QCameraMap<camera_metadata_enum_android_control_awb_mode, cam_wb_mode_type>; size_t = unsigned int]: Cannot find matching framework type
12-22 08:46:48.013 D/QCamera3HWI(  487): int qcamera::lookupFwkName(const mapType*, size_t, halType) [with halType = cam_wb_mode_type; mapType = qcamera::QCamera3HardwareInterface::QCameraMap<camera_metadata_enum_android_control_awb_mode, cam_wb_mode_type>; size_t = unsigned int]: Cannot find matching framework type
12-22 08:46:48.013 E/Camera2-Metadata(  487): Update metadata entry: Unknown tag -2147352575
12-22 08:46:48.013 E/Camera2-Metadata(  487): Update metadata entry: Unknown tag -2147352576
12-22 08:46:48.013 I/QCamera3HWI(  487): static int qcamera::QCamera3HardwareInterface::getCamInfo(uint32_t, camera_info*): camera 0 resource cost is 100
12-22 08:46:48.021 E/mm-camera(  507): q3a_port_init:1753  q3a_port_init: 3A VERSION --> 4.1.0.r9
12-22 08:46:48.022 E/mm-camera-img(  507): module_imglib_start_session:1778 ###Img_Loglevel 1
12-22 08:46:48.028 E/mm-camera-isp2(  507): isp_module_start_session:360 num_session_opened 1
12-22 08:46:48.034 E/libaprpmem(  507): 
12-22 08:46:48.034 E/libaprpmem(  507):  Ion allocation success virtaddr : ret=4038881280 fd=38 heapid=33554432
12-22 08:46:48.037 E/libaprpmem(  507): 
12-22 08:46:48.037 E/libaprpmem(  507):  Ion allocation success virtaddr : ret=4034912256 fd=41 heapid=33554432
12-22 08:46:48.042 E/libaprpmem(  507): 
12-22 08:46:48.042 E/libaprpmem(  507):  Ion allocation success virtaddr : ret=4026974208 fd=42 heapid=33554432
12-22 08:46:48.046 E/libaprpmem(  507): 
12-22 08:46:48.046 E/libaprpmem(  507):  Ion allocation success virtaddr : ret=4022792192 fd=43 heapid=33554432
12-22 08:46:48.050 E/libaprpmem(  507): 
12-22 08:46:48.050 E/libaprpmem(  507):  Ion allocation success virtaddr : ret=4014428160 fd=44 heapid=33554432
12-22 08:46:48.055 E/libaprpmem(  507): 
12-22 08:46:48.055 E/libaprpmem(  507):  Ion allocation success virtaddr : ret=4010246144 fd=45 heapid=33554432
12-22 08:46:48.057 E/libaprpmem(  507): 
12-22 08:46:48.057 E/libaprpmem(  507):  Ion allocation success virtaddr : ret=4006064128 fd=46 heapid=33554432
12-22 08:46:48.095 E/mm-camera(  507): mct: mct_pipeline_start_stream_internal: Adding session stream streamid= 0xf for session=2
12-22 08:46:48.095 E/mm-camera(  507): mct: mct_pipeline_start_stream_internal:Linking session stream for session 2
12-22 08:46:48.095 E/mm-camera-sensor(  507): port_sensor_caps_reserve:86session id doesn't match
12-22 08:46:48.095 E/mm-camera-sensor(  507): port_sensor_caps_reserve:86session id doesn't match
12-22 08:46:48.095 E/mm-camera(  507): iface_util_find_primary_cid:84 error cannot find primary sensor format cids 1
12-22 08:46:48.098 E/mm-camera(  507): mct: mct_pipeline_start_stream_internal:Session stream linked successfully session 2
12-22 08:46:48.098 E/mm-camera(  507): module_sensor_query_mod:5580led flash is not supported for this sensor.
12-22 08:46:48.099 E/mm-camera-isp2(  507): isp_resource_query_mod:145 num_isp_preallocate 0 num_session_opened 1 dual_vfe_enabled 0
12-22 08:46:48.099 E/mm-camera(  507): module_faceproc_query_mod:1916] Caps ROI 10 scene_mode_cnt 1 HW analysis supported 0
12-22 08:46:48.099 E/mm-camera(  507): mct: mct_pipeline_populate_query_cap_buffer: 3A VERSION:: 4.1.0.r9
12-22 08:46:48.100 E/mm-camera(  507): mct: mct_pipeline_process_set:2298: Couldn't find stream id: 0
12-22 08:46:48.102 E/mm-camera(  507): port_iface_ext_unlink_func: E, identity = 0x2000f, port = 0xf5456c00, direction = 2
12-22 08:46:48.102 E/mm-camera(  507): port_iface_check_caps_unreserve_func:  E, identity = 0x2000f, port = 0xf5456c00, direction = 2
12-22 08:46:48.102 E/mm-camera(  507): iface_unreserve_sink_port: stream_id f mode 0 
12-22 08:46:48.102 E/mm-camera(  507): port_iface_ext_unlink_func: E, identity = 0x2000f, port = 0xf5456f00, direction = 1
12-22 08:46:48.102 E/mm-camera(  507): iface_ext_unlink_src_port: mct stream already removed from hw stream
12-22 08:46:48.102 E/mm-camera(  507): port_iface_check_caps_unreserve_func:  E, identity = 0x2000f, port = 0xf5456f00, direction = 1
12-22 08:46:48.102 E/mm-camera(  507): isp_port_check_caps_unreserve:844 ide 2000f port 0xf533abe0
12-22 08:46:48.102 E/mm-camera(  507): c2d_port_check_caps_unreserve:183, identity=0x2000f
12-22 08:46:48.102 E/mm-camera(  507): c2d_port_check_caps_unreserve:193, identity=0x2000f, unreserved
12-22 08:46:48.102 E/mm-camera(  507): c2d_port_check_caps_unreserve:183, identity=0x2000f
12-22 08:46:48.102 E/mm-camera(  507): c2d_port_check_caps_unreserve:193, identity=0x2000f, unreserved
12-22 08:46:48.102 E/mm-camera(  507): cpp_port_check_caps_unreserve:164, identity=0x2000f
12-22 08:46:48.102 E/mm-camera(  507): cpp_port_check_caps_unreserve:174, identity=0x2000f, unreserved
12-22 08:46:48.102 E/mm-camera(  507): cpp_port_check_caps_unreserve:164, identity=0x2000f
12-22 08:46:48.102 E/mm-camera(  507): cpp_port_check_caps_unreserve:174, identity=0x2000f, unreserved
12-22 08:46:48.103 E/mm-camera(  507): q3a_thread_af_stop:672  q3a_thread_af_stop:672 MSG_STOP_THREAD
12-22 08:46:48.104 D/mm-camera(  507): stats_port_delete_reserved_stream:2340: going to NULL peer
12-22 08:46:48.105 E/mm-camera-isp2(  507): isp_module_stop_session:437 session id 2
12-22 08:46:48.109 E/mm-camera(  507): cpp_module_stop_session:536, info: stopping session 2 ...
12-22 08:46:48.110 E/mm-camera(  507): cpp_thread_process_pipe_message:581, CPP_THREAD_MSG_ABORT: cpp_thread exiting..
12-22 08:46:48.113 E/mm-camera(  507): module_faceproc_stop_session:1804] session cnt 1
12-22 08:46:48.115 E/mm-camera(  507): cpp_module_stop_session:585, info: session 2 stopped.
12-22 08:46:48.115 E/mm-camera(  507): c2d_module_stop_session:354, info: stopping session 2 ...
12-22 08:46:48.115 E/mm-camera(  507): c2d_thread_process_pipe_message:830, C2D_THREAD_MSG_ABORT: c2d_thread exiting..
12-22 08:46:48.117 E/mm-camera(  507): c2d_module_stop_session:399, info: session 2 stopped.
12-22 08:46:48.120 E/cac2    (  507):  [cac2latency] cac2_destroy_buffers: 1 ms 
12-22 08:46:48.134 D/QCamera3HWI(  487): int qcamera::lookupFwkName(const mapType*, size_t, halType) [with halType = cam_effect_mode_type; mapType = qcamera::QCamera3HardwareInterface::QCameraMap<camera_metadata_enum_android_control_effect_mode, cam_effect_mode_type>; size_t = unsigned int]: Cannot find matching framework type
12-22 08:46:48.134 D/QCamera3HWI(  487): int qcamera::lookupFwkName(const mapType*, size_t, halType) [with halType = cam_effect_mode_type; mapType = qcamera::QCamera3HardwareInterface::QCameraMap<camera_metadata_enum_android_control_effect_mode, cam_effect_mode_type>; size_t = unsigned int]: Cannot find matching framework type
12-22 08:46:48.134 D/QCamera3HWI(  487): int qcamera::lookupFwkName(const mapType*, size_t, halType) [with halType = cam_effect_mode_type; mapType = qcamera::QCamera3HardwareInterface::QCameraMap<camera_metadata_enum_android_control_effect_mode, cam_effect_mode_type>; size_t = unsigned int]: Cannot find matching framework type
12-22 08:46:48.134 D/QCamera3HWI(  487): int qcamera::lookupFwkName(const mapType*, size_t, halType) [with halType = cam_scene_mode_type; mapType = qcamera::QCamera3HardwareInterface::QCameraMap<camera_metadata_enum_android_control_scene_mode, cam_scene_mode_type>; size_t = unsigned int]: Cannot find matching framework type
12-22 08:46:48.134 D/QCamera3HWI(  487): int qcamera::lookupFwkName(const mapType*, size_t, halType) [with halType = cam_scene_mode_type; mapType = qcamera::QCamera3HardwareInterface::QCameraMap<camera_metadata_enum_android_control_scene_mode, cam_scene_mode_type>; size_t = unsigned int]: Cannot find matching framework type
12-22 08:46:48.134 D/QCamera3HWI(  487): int qcamera::lookupFwkName(const mapType*, size_t, halType) [with halType = cam_scene_mode_type; mapType = qcamera::QCamera3HardwareInterface::QCameraMap<camera_metadata_enum_android_control_scene_mode, cam_scene_mode_type>; size_t = unsigned int]: Cannot find matching framework type
12-22 08:46:48.134 D/QCamera3HWI(  487): int qcamera::lookupFwkName(const mapType*, size_t, halType) [with halType = cam_scene_mode_type; mapType = qcamera::QCamera3HardwareInterface::QCameraMap<camera_metadata_enum_android_control_scene_mode, cam_scene_mode_type>; size_t = unsigned int]: Cannot find matching framework type
12-22 08:46:48.134 D/QCamera3HWI(  487): int qcamera::lookupFwkName(const mapType*, size_t, halType) [with halType = cam_wb_mode_type; mapType = qcamera::QCamera3HardwareInterface::QCameraMap<camera_metadata_enum_android_control_awb_mode, cam_wb_mode_type>; size_t = unsigned int]: Cannot find matching framework type
12-22 08:46:48.134 D/QCamera3HWI(  487): int qcamera::lookupFwkName(const mapType*, size_t, halType) [with halType = cam_wb_mode_type; mapType = qcamera::QCamera3HardwareInterface::QCameraMap<camera_metadata_enum_android_control_awb_mode, cam_wb_mode_type>; size_t = unsigned int]: Cannot find matching framework type
12-22 08:46:48.134 E/Camera2-Metadata(  487): Update metadata entry: Unknown tag -2147352575
12-22 08:46:48.135 E/Camera2-Metadata(  487): Update metadata entry: Unknown tag -2147352576
12-22 08:46:48.135 I/QCamera3HWI(  487): static int qcamera::QCamera3HardwareInterface::getCamInfo(uint32_t, camera_info*): camera 1 resource cost is 77
12-22 08:46:48.135 I/CameraService(  487): Loaded "QCamera Module" camera module
12-22 08:46:48.135 I/QCamera3HWI(  487): static int qcamera::QCamera3HardwareInterface::getCamInfo(uint32_t, camera_info*): camera 0 resource cost is 100
12-22 08:46:48.135 I/QCamera3HWI(  487): static int qcamera::QCamera3HardwareInterface::getCamInfo(uint32_t, camera_info*): camera 1 resource cost is 77
12-22 08:46:48.136 I/ServiceManager(  487): Waiting for service media.camera.proxy...
12-22 08:46:48.137 I/ServiceManager(  508): Waiting for service AtCmdFwd...
12-22 08:46:48.159 E/slim_daemon(  530): [NDK] bindNDKSensors: Sensor server is unavailable.
12-22 08:46:48.194 D/vold    (  338): Disk at 253:0 changed
12-22 08:46:48.196 D/vold    (  338): Disk at 253:0 changed
12-22 08:46:48.196 D/vold    (  338): Disk at 253:0 changed
12-22 08:46:48.257 W/PackageParser(  878): Ignoring duplicate uses-permissions/uses-permissions-sdk-m: android.permission.WAKE_LOCK in package: com.google.android.apps.maps at: Binary XML file line #95
12-22 08:46:48.346 W/PackageManager(  878): Failed to parse /system/app/Maps: Package com.google.android.apps.maps at /system/app/Maps ignored: updated version 918200020 better than this 913012024
12-22 08:46:48.400 W/PackageManager(  878): Failed to parse /system/app/Music2: Package com.google.android.music at /system/app/Music2 ignored: updated version 2224 better than this 1985
12-22 08:46:48.407 W/PackageParser(  878): Ignoring duplicate uses-permissions/uses-permissions-sdk-m: android.permission.CHANGE_WIFI_STATE in package: com.android.nfc at: Binary XML file line #47
12-22 08:46:48.407 W/PackageParser(  878): Ignoring duplicate uses-permissions/uses-permissions-sdk-m: android.permission.ACCESS_WIFI_STATE in package: com.android.nfc at: Binary XML file line #48
12-22 08:46:48.482 W/PackageParser(  878): Problem in package /system/app/Photos/Photos.apk:
12-22 08:46:48.482 W/PackageParser(  878): Unknown element under <activity>: category at /system/app/Photos/Photos.apk Binary XML file line #649
12-22 08:46:48.491 W/PackageManager(  878): Failed to parse /system/app/Photos: Package com.google.android.apps.photos at /system/app/Photos ignored: updated version 123232 better than this 72908
12-22 08:46:48.549 W/PackageManager(  878): Failed to parse /system/app/PlayGames: Package com.google.android.play.games at /system/app/PlayGames ignored: updated version 35170040 better than this 32190048
12-22 08:46:48.593 W/PackageManager(  878): Failed to parse /system/app/PrebuiltBugle: Package com.google.android.apps.messaging at /system/app/PrebuiltBugle ignored: updated version 16043130 better than this 14533138
12-22 08:46:48.618 W/PackageManager(  878): Failed to parse /system/app/PrebuiltDeskClockGoogle: Package com.google.android.deskclock at /system/app/PrebuiltDeskClockGoogle ignored: updated version 42102710 better than this 42102704
12-22 08:46:48.688 I/MSM-irqbalance(  372): Discovered a new IRQ: 81
12-22 08:46:48.703 W/PackageManager(  878): Failed to parse /system/app/PrebuiltGmail: Package com.google.android.gm at /system/app/PrebuiltGmail ignored: updated version 58045865 better than this 57011650
12-22 08:46:48.778 D/vold    (  338): Disk at 253:0 changed
12-22 08:46:48.865 W/PackageParser(  878): Ignoring duplicate uses-permissions/uses-permissions-sdk-m: android.permission.READ_PHONE_STATE in package: com.google.android.videos at: Binary XML file line #7
12-22 08:46:48.878 W/PackageManager(  878): Failed to parse /system/app/Videos: Package com.google.android.videos at /system/app/Videos ignored: updated version 31010001 better than this 38129
12-22 08:46:48.931 W/PackageManager(  878): Failed to parse /system/app/WebViewGoogle: Package com.google.android.webview at /system/app/WebViewGoogle ignored: updated version 249007650 better than this 246011750
12-22 08:46:48.974 W/PackageManager(  878): Failed to parse /system/app/YouTube: Package com.google.android.youtube at /system/app/YouTube ignored: updated version 108959640 better than this 107560144
12-22 08:46:49.021 W/PackageManager(  878): Failed to parse /system/app/talkback: Package com.google.android.marvin.talkback at /system/app/talkback ignored: updated version 40400003 better than this 40300000
12-22 08:46:49.047 D/PackageManager(  878): No files in app dir /oem/app
12-22 08:46:49.077 W/PackageParser(  878): Ignoring duplicate uses-permissions/uses-permissions-sdk-m: android.permission.RESTART_PACKAGES in package: com.tsf.shell at: Binary XML file line #146
12-22 08:46:49.090 I/SELinux (  878): SELinux: Loaded file_contexts contexts from /file_contexts.
12-22 08:46:49.137 I/ServiceManager(  487): Waiting for service media.camera.proxy...
12-22 08:46:49.138 I/ServiceManager(  508): Waiting for service AtCmdFwd...
12-22 08:46:49.159 E/slim_daemon(  530): [NDK] bindNDKSensors: Sensor server is unavailable.
12-22 08:46:49.409 W/PackageManager(  878): Permission com.google.android.apps.docs.editors.kix.permission.READ_MY_DATA from package com.google.android.apps.docs.editors.docs in an unknown group android.permission-group.PERSONAL_INFO
12-22 08:46:49.410 W/PackageManager(  878): Permission com.google.android.apps.docs.editors.kix.permission.SYNC_STATUS from package com.google.android.apps.docs.editors.docs in an unknown group android.permission-group.PERSONAL_INFO
12-22 08:46:49.636 W/PackageManager(  878): Permission com.google.android.apps.docs.editors.trix.permission.READ_MY_DATA from package com.google.android.apps.docs.editors.sheets in an unknown group android.permission-group.PERSONAL_INFO
12-22 08:46:49.636 W/PackageManager(  878): Permission com.google.android.apps.docs.editors.trix.permission.SYNC_STATUS from package com.google.android.apps.docs.editors.sheets in an unknown group android.permission-group.PERSONAL_INFO
12-22 08:46:50.028 W/PackageManager(  878): Permission com.google.android.apps.docs.editors.punch.permission.READ_MY_DATA from package com.google.android.apps.docs.editors.slides in an unknown group android.permission-group.PERSONAL_INFO
12-22 08:46:50.029 W/PackageManager(  878): Permission com.google.android.apps.docs.editors.punch.permission.SYNC_STATUS from package com.google.android.apps.docs.editors.slides in an unknown group android.permission-group.PERSONAL_INFO
12-22 08:46:50.137 I/ServiceManager(  487): Waiting for service media.camera.proxy...
12-22 08:46:50.138 I/ServiceManager(  508): Waiting for service AtCmdFwd...
12-22 08:46:50.160 E/slim_daemon(  530): [NDK] bindNDKSensors: Sensor server is unavailable.
12-22 08:46:50.316 W/PackageManager(  878): Package com.google.android.gms desires unavailable shared library com.google.android.ble; ignoring!
12-22 08:46:50.604 W/PackageManager(  878): Permission com.google.android.gms.permission.ACTIVITY_RECOGNITION from package com.google.android.gms in an unknown group android.permission-group.PERSONAL_INFO
12-22 08:46:50.659 W/ResourceType(  878): ResTable_typeSpec entry count inconsistent: given 1, previously 1266
12-22 08:46:50.661 W/ResourceType(  878): ResTable_typeSpec entry count inconsistent: given 1, previously 1266
12-22 08:46:50.664 W/ResourceType(  878): ResTable_typeSpec entry count inconsistent: given 1, previously 1266
12-22 08:46:50.693 W/PackageParser(  878): No actions in intent filter at /data/app/com.ray.shadow.free-1/base.apk Binary XML file line #208
12-22 08:46:50.694 W/PackageManager(  878): Package com.ray.shadow.free desires unavailable shared library com.sec.android.app.multiwindow; ignoring!
12-22 08:46:50.958 W/PackageManager(  878): Package com.google.android.apps.plus has activity com.google.android.libraries.social.gateway.GatewayActivity with priority > 0, forcing to 0
12-22 08:46:50.958 W/PackageManager(  878): Package com.google.android.apps.plus has activity com.google.android.libraries.social.gateway.GatewayActivityCollexionsAlias with priority > 0, forcing to 0
12-22 08:46:50.959 W/PackageManager(  878): Permission com.google.android.apps.photos.permission.GOOGLE_PHOTOS from package com.google.android.apps.plus in an unknown group android.permission-group.PERSONAL_INFO
12-22 08:46:50.959 W/PackageManager(  878): Permission com.google.android.apps.plus.permission.PICASA_STORE from package com.google.android.apps.plus in an unknown group android.permission-group.PERSONAL_INFO
12-22 08:46:50.989 W/PackageParser(  878): No actions in intent filter at /data/app/com.google.android.dialer-1/base.apk Binary XML file line #159
12-22 08:46:51.125 W/PackageParser(  878): Problem in package /data/app/com.google.android.apps.photos-1/base.apk:
12-22 08:46:51.125 W/PackageParser(  878): Unknown element under <activity>: category at /data/app/com.google.android.apps.photos-1/base.apk Binary XML file line #835
12-22 08:46:51.138 I/ServiceManager(  487): Waiting for service media.camera.proxy...
12-22 08:46:51.138 I/ServiceManager(  508): Waiting for service AtCmdFwd...
12-22 08:46:51.160 E/slim_daemon(  530): [NDK] bindNDKSensors: Sensor server is unavailable.
12-22 08:46:51.495 W/PackageManager(  878): Permission com.google.android.apps.photos.permission.GOOGLE_PHOTOS_PROVIDER from package com.google.android.apps.photos in an unknown group android.permission-group.PERSONAL_INFO
12-22 08:46:52.138 I/ServiceManager(  487): Waiting for service media.camera.proxy...
12-22 08:46:52.139 W/Atfwd_Sendcmd(  508): AtCmdFwd service not published, waiting... retryCnt : 1
12-22 08:46:52.161 E/slim_daemon(  530): [NDK] bindNDKSensors: Sensor server is unavailable.
12-22 08:46:52.415 W/PackageParser(  878): Ignoring duplicate uses-permissions/uses-permissions-sdk-m: android.permission.WAKE_LOCK in package: com.google.android.apps.maps at: Binary XML file line #101
12-22 08:46:53.140 I/AudioPolicyService(  487): AudioPolicyService CSTOR in new mode
12-22 08:46:53.146 I/APM::ConfigParsingUtils(  487): loadAudioPolicyConfig() loaded /system/etc/audio_policy.conf
12-22 08:46:53.163 E/slim_daemon(  530): [NDK] bindNDKSensors: Sensor server is unavailable.
12-22 08:46:53.170 D/audio_hw_primary(  487): adev_open: enter
12-22 08:46:53.173 D/msm8974_platform(  487): platform_set_parameters: add operator[verizon] mccmnc[310004;311480]
12-22 08:46:53.173 D/msm8974_platform(  487): platform_set_parameters: add operator[uscellular] mccmnc[311220;311580]
12-22 08:46:53.173 D/msm8974_platform(  487): platform_add_operator_specific_device : deivce[voice-dmic-ef] -> operator[verizon] mixer_path[voice-dmic-ef-vzwusc] acdb_id [130]
12-22 08:46:53.173 D/msm8974_platform(  487): platform_add_operator_specific_device : deivce[voice-dmic-ef-vzwusc] -> operator[uscellular] mixer_path[voice-dmic-ef-vzwusc] acdb_id [130]
12-22 08:46:53.173 D/msm8974_platform(  487): platform_add_operator_specific_device : deivce[voice-handset] -> operator[verizon] mixer_path[voice-handset-vzwusc] acdb_id [131]
12-22 08:46:53.173 D/msm8974_platform(  487): platform_add_operator_specific_device : deivce[voice-handset-vzwusc] -> operator[uscellular] mixer_path[voice-handset-vzwusc] acdb_id [131]
12-22 08:46:53.173 D/msm8974_platform(  487): platform_add_operator_specific_device : deivce[voice-headset-mic] -> operator[verizon] mixer_path[voice-headset-mic-vzwusc] acdb_id [132]
12-22 08:46:53.174 D/msm8974_platform(  487): platform_add_operator_specific_device : deivce[voice-headset-mic-vzwusc] -> operator[uscellular] mixer_path[voice-headset-mic-vzwusc] acdb_id [132]
12-22 08:46:53.174 D/msm8974_platform(  487): platform_add_operator_specific_device : deivce[voice-headphones] -> operator[verizon] mixer_path[voice-headphones-vzwusc] acdb_id [133]
12-22 08:46:53.174 D/msm8974_platform(  487): platform_add_operator_specific_device : deivce[voice-headphones-vzwusc] -> operator[uscellular] mixer_path[voice-headphones-vzwusc] acdb_id [133]
12-22 08:46:53.193 W/PackageManager(  878): Permission com.google.android.launcher.permission.READ_SETTINGS from package com.google.android.googlequicksearchbox in an unknown group android.permission-group.SYSTEM_TOOLS
12-22 08:46:53.193 W/PackageManager(  878): Permission com.google.android.launcher.permission.WRITE_SETTINGS from package com.google.android.googlequicksearchbox in an unknown group android.permission-group.SYSTEM_TOOLS
12-22 08:46:53.193 W/PackageManager(  878): Permission com.android.launcher.permission.INSTALL_SHORTCUT from package com.google.android.googlequicksearchbox in an unknown group android.permission-group.SYSTEM_TOOLS
12-22 08:46:53.216 D/msm8974_platform(  487): platform_init: snd_card_name: msm8994-tomtom-snd-card
12-22 08:46:53.225 W/PackageManager(  878): Package com.google.android.GoogleCamera desires unavailable shared library com.google.android.gestureservice; ignoring!
12-22 08:46:53.225 W/PackageManager(  878): Package com.google.android.GoogleCamera desires unavailable shared library com.google.android.camera2; ignoring!
12-22 08:46:53.293 E/audio_route(  487): Control 'MultiMedia4 Mixer MI2S_TX' doesn't exist - skipping
12-22 08:46:53.293 E/audio_route(  487): Control 'MultiMedia7 Mixer MI2S_TX' doesn't exist - skipping
12-22 08:46:53.293 E/audio_route(  487): Control 'MultiMedia10 Mixer MI2S_TX' doesn't exist - skipping
12-22 08:46:53.293 E/audio_route(  487): Control 'MultiMedia11 Mixer MI2S_TX' doesn't exist - skipping
12-22 08:46:53.293 E/audio_route(  487): Control 'MultiMedia12 Mixer MI2S_TX' doesn't exist - skipping
12-22 08:46:53.293 E/audio_route(  487): Control 'MultiMedia13 Mixer MI2S_TX' doesn't exist - skipping
12-22 08:46:53.294 E/audio_route(  487): Control 'MultiMedia14 Mixer MI2S_TX' doesn't exist - skipping
12-22 08:46:53.294 E/audio_route(  487): Control 'MultiMedia15 Mixer MI2S_TX' doesn't exist - skipping
12-22 08:46:53.294 E/audio_route(  487): Control 'MultiMedia16 Mixer MI2S_TX' doesn't exist - skipping
12-22 08:46:53.296 E/audio_route(  487): Control 'RX4 DSM MUX' doesn't exist - skipping
12-22 08:46:53.296 E/audio_route(  487): Control 'RX6 DSM MUX' doesn't exist - skipping
12-22 08:46:53.297 E/audio_route(  487): Control 'AFE_PCM_RX Port Mixer PRI_MI2S_TX' doesn't exist - skipping
12-22 08:46:53.300 E/audio_route(  487): Control 'MultiMedia8 Mixer SEC_AUX_PCM_UL_TX' doesn't exist - skipping
12-22 08:46:53.300 E/audio_route(  487): Control 'MultiMedia5 Mixer SEC_AUX_PCM_UL_TX' doesn't exist - skipping
12-22 08:46:53.300 E/audio_route(  487): Control 'MultiMedia5 Mixer PRI_MI2S_TX' doesn't exist - skipping
12-22 08:46:53.309 E/audio_route(  487): Control 'HPHR DAC Switch' doesn't exist - skipping
12-22 08:46:53.319 D/msm8974_platform(  487): platform_init: Opened sound card:0
12-22 08:46:53.346 E/Diag_Lib(  487):  Diag_LSM_Init: Failed to open handle to diag driver, error = 13
12-22 08:46:53.346 E/        (  487): actp_diag_init: Diag init failed
12-22 08:46:53.346 E/Diag_Lib(  487):  diagpkt_tbl_reg: Registration failed.
12-22 08:46:53.346 E/MCS-RT-CTL(  487): Can't open the configuration file /system/etc/aanc_tuning_mixer.txt.
12-22 08:46:53.346 E/ACDB-MCS(  487): acdb_mcs_init: MCS routing control initialization failed.
12-22 08:46:53.350 I/ACDB-LOADER(  487): get_afe_custom_topology: ACDB get afe custom topologies returned = -18
12-22 08:46:53.351 I/ACDB-LOADER(  487): get_lsm_custom_topology: ACDB get lsm custom topologies returned = -18
12-22 08:46:53.351 I/ACDB-LOADER(  487): send_meta_info: Empty metainfo
12-22 08:46:53.351 D/audio_hw_spkr_prot(  487): audio_extn_spkr_prot_init: Initialize speaker protection module
12-22 08:46:53.354 I/Thermal-Lib(  487): Thermal-Lib-Client: Registraion successful for spkr with handle:1
12-22 08:46:53.354 D/audio_hw_spkr_prot(  487): audio_extn_spkr_prot_init: spkr_prot thermal_client_register_callback success
12-22 08:46:53.354 D/audio_hw_spkr_prot(  487): audio_extn_spkr_prot_init: Create calibration thread
12-22 08:46:53.354 D/hardware_cal(  487): hw_util_open: Opening device /dev/snd/hwC0D1000
12-22 08:46:53.355 D/audio_hw_spkr_prot(  487): spkr_prot_thread enable prot Entry
12-22 08:46:53.355 D/hardware_cal(  487): hw_util_open: success
12-22 08:46:53.355 D/audio_hw_spkr_prot(  487): set_spkr_prot_cal: quick calibration disabled
12-22 08:46:53.355 D/hardware_cal(  487): send_codec_cal cal sent for anc_cal
12-22 08:46:53.355 E/ACDB-LOADER(  487): ACDB -> send_codec_cal
12-22 08:46:53.355 E/ACDB-LOADER(  487): ACDB -> ACDB_CMD_GET_CODEC_CAL_DATA
12-22 08:46:53.355 D/audio_hw_spkr_prot(  487): spkr_calibration_thread: wait for callback from thermal daemon
12-22 08:46:53.355 D/hardware_cal(  487): send_codec_cal cal sent for mad_cal
12-22 08:46:53.355 I/ThermalEngine(  497): Thermal-Server: Adding thermal event listener on fd 54
12-22 08:46:53.355 D/hardware_cal(  487): send_codec_cal cal sent for mbhc_cal
12-22 08:46:53.355 I/ThermalEngine(  497): Thermal-Server: Thermal received msg from  spkr
12-22 08:46:53.355 E/ThermalEngine(  497): Thermal-Server: No clients are connected for spkr
12-22 08:46:53.355 I/Thermal-Lib(  487): Thermal-Lib-Client: Client request sent
12-22 08:46:53.355 I/Thermal-Lib(  487): Thermal-Lib-Client: Client received msg camera 0
12-22 08:46:53.355 E/Thermal-Lib(  487): Thermal-Lib-Client: No Callback registered for camera
12-22 08:46:53.355 I/Thermal-Lib(  487): Thermal-Lib-Client: Client received msg camcorder 0
12-22 08:46:53.355 E/Thermal-Lib(  487): Thermal-Lib-Client: No Callback registered for camcorder
12-22 08:46:53.357 E/ext_speaker(  487): open_speaker_bundle: DLOPEN failed for /system/lib/soundfx/libspeakerbundle.so
12-22 08:46:53.357 I/soundtrigger(  487): audio_extn_sound_trigger_init: Enter
12-22 08:46:53.361 I/soundtrigger(  487): audio_extn_sound_trigger_init: DLOPEN successful for /system/vendor/lib/hw/sound_trigger.primary.msm8992.so
12-22 08:46:53.366 D/audio_hw_extn(  487): audio_extn_perf_lock_init: Perf lock handles Success
12-22 08:46:53.366 I/AudioFlinger(  487): loadHwModule() Loaded primary audio interface from QCOM Audio HAL (audio) handle 1
12-22 08:46:53.366 I/AudioFlinger(  487): openOutput(), module 1 Device 2, SamplingRate 48000, Format 0x000001, Channels 3, flags 6
12-22 08:46:53.370 I/AudioFlinger(  487): AudioStreamOut::open(), mHalFormatIsLinearPcm = 1
12-22 08:46:53.372 I/AudioFlinger(  487): HAL output buffer size 192 frames, normal sink buffer size 1152 frames
12-22 08:46:53.389 D/volume_listener(  487): init_once Called 
12-22 08:46:53.389 I/BufferProvider(  487): found effect "Downmixer" from Fraunhofer IIS
12-22 08:46:53.389 E/MonoPipe(  487): Failed to fetch local time frequency when constructing a MonoPipe (res = -32).  getNextWriteTimestamp calls will be non-functional
12-22 08:46:53.390 I/AudioFlinger(  487): AudioFlinger's thread 0xf3ec0000 ready to run
12-22 08:46:53.392 I/AudioFlinger(  487): Using module 1 has the primary audio interface
12-22 08:46:53.395 D/audio_hw_primary(  487): out_set_parameters: enter: usecase(1: low-latency-playback) kvpairs: routing=2
12-22 08:46:53.395 E/AudioFlinger(  487): no wake lock to update!
12-22 08:46:53.396 I/AudioFlinger(  487): openOutput(), module 1 Device 2, SamplingRate 48000, Format 0x000001, Channels 3, flags 104
12-22 08:46:53.396 I/AudioFlinger(  487): AudioStreamOut::open(), mHalFormatIsLinearPcm = 1
12-22 08:46:53.396 I/AudioFlinger(  487): HAL output buffer size 192 frames, normal sink buffer size 1152 frames
12-22 08:46:53.398 I/AudioFlinger(  487): AudioFlinger's thread 0xf3b40000 ready to run
12-22 08:46:53.399 D/audio_hw_primary(  487): out_set_parameters: enter: usecase(5: audio-ull-playback) kvpairs: routing=2
12-22 08:46:53.399 E/AudioFlinger(  487): no wake lock to update!
12-22 08:46:53.408 I/AudioFlinger(  487): openOutput(), module 1 Device 2, SamplingRate 48000, Format 0x000001, Channels 3, flags 8
12-22 08:46:53.409 I/AudioFlinger(  487): AudioStreamOut::open(), mHalFormatIsLinearPcm = 1
12-22 08:46:53.409 I/AudioFlinger(  487): HAL output buffer size 1920 frames, normal sink buffer size 1920 frames
12-22 08:46:53.409 I/AudioFlinger(  487): AudioFlinger's thread 0xf3840000 ready to run
12-22 08:46:53.409 D/audio_hw_primary(  487): out_set_parameters: enter: usecase(0: deep-buffer-playback) kvpairs: routing=2
12-22 08:46:53.409 E/AudioFlinger(  487): no wake lock to update!
12-22 08:46:53.410 I/AudioFlinger(  487): openOutput(), module 1 Device 10000, SamplingRate 48000, Format 0x000001, Channels 3, flags 0
12-22 08:46:53.410 I/AudioFlinger(  487): AudioStreamOut::open(), mHalFormatIsLinearPcm = 1
12-22 08:46:53.411 I/AudioFlinger(  487): HAL output buffer size 768 frames, normal sink buffer size 1152 frames
12-22 08:46:53.411 I/AudioFlinger(  487): AudioFlinger's thread 0xf36c0000 ready to run
12-22 08:46:53.411 D/audio_hw_primary(  487): out_set_parameters: enter: usecase(20: afe-proxy-playback) kvpairs: routing=65536
12-22 08:46:53.411 E/AudioFlinger(  487): no wake lock to update!
12-22 08:46:53.412 I/AudioFlinger(  487): openOutput(), module 1 Device 2, SamplingRate 48000, Format 0x000001, Channels 3, flags 80
12-22 08:46:53.412 I/AudioFlinger(  487): AudioStreamOut::open(), mHalFormatIsLinearPcm = 1
12-22 08:46:53.413 I/AudioFlinger(  487): HAL output buffer size 1920 frames, normal sink buffer size 1920 frames
12-22 08:46:53.413 I/AudioFlinger(  487): AudioFlinger's thread 0xf33c0000 ready to run
