12-22 08:46:46.410 E/QC-QMI  (  492): qmi_qmux_open_connection: connection is disabled for conn_id=48
12-22 08:46:46.410 E/QC-QMI  (  492): qmi_qmux_tx_msg: failed to open inactive connd_id=48
12-22 08:46:46.410 E/QC-QMI  (  492): qmi_qmux: TX failed, connection inactive or in reset, conn_id=48, status_flags=4
12-22 08:46:46.410 E/QC-QMI  (  492): qmi_ctl_tx_msg: qmi_qmux_tx_msg failed
12-22 08:46:46.410 E/QC-QMI  (  492): qmi_ctl_handle_request: qmi_ctl_tx_msg call failed
12-22 08:46:46.411 E/QC-QMI  (  492): qmi_qmux_open_connection: connection is disabled for conn_id=48
12-22 08:46:46.411 E/QC-QMI  (  492): qmi_qmux_tx_msg: failed to open inactive connd_id=48
12-22 08:46:46.411 E/QC-QMI  (  492): qmi_qmux: TX failed, connection inactive or in reset, conn_id=48, status_flags=4
12-22 08:46:46.411 E/QC-QMI  (  492): qmi_ctl_tx_msg: qmi_qmux_tx_msg failed
12-22 08:46:46.411 E/QC-QMI  (  492): qmi_ctl_handle_request: qmi_ctl_tx_msg call failed
12-22 08:46:46.413 E/QC-QMI  (  509): qmi_client [509] 3: failed to locate client data
12-22 08:46:46.413 E/QC-QMI  (  492): qmuxd: RX on fd=15 returned error=0 errno[2:No such file or directory]
12-22 08:46:46.413 E/QC-QMI  (  492): QMUX qmux_client_id=3 not found in qmux client list, unable to remove
12-22 08:46:46.415 E/QC-QMI  (  492): qmi_qmux_open_connection: connection is disabled for conn_id=57
12-22 08:46:46.415 E/QC-QMI  (  492): qmi_qmux_tx_msg: failed to open inactive connd_id=57
12-22 08:46:46.415 E/QC-QMI  (  492): qmi_qmux: TX failed, connection inactive or in reset, conn_id=57, status_flags=4
12-22 08:46:46.415 E/QC-QMI  (  492): qmi_ctl_tx_msg: qmi_qmux_tx_msg failed
12-22 08:46:46.415 E/QC-QMI  (  492): qmi_ctl_handle_request: qmi_ctl_tx_msg call failed
12-22 08:46:46.416 E/QC-QMI  (  492): qmi_qmux_open_connection: connection is disabled for conn_id=57
12-22 08:46:46.416 E/QC-QMI  (  492): qmi_qmux_tx_msg: failed to open inactive connd_id=57
12-22 08:46:46.416 E/QC-QMI  (  492): qmi_qmux: TX failed, connection inactive or in reset, conn_id=57, status_flags=4
12-22 08:46:46.416 E/QC-QMI  (  492): qmi_ctl_tx_msg: qmi_qmux_tx_msg failed
12-22 08:46:46.416 E/QC-QMI  (  492): qmi_ctl_handle_request: qmi_ctl_tx_msg call failed
12-22 08:46:46.418 E/QC-QMI  (  509): qmi_client [509] 4: failed to locate client data
12-22 08:46:46.418 E/QC-QMI  (  492): qmuxd: RX on fd=15 returned error=0 errno[2:No such file or directory]
12-22 08:46:46.418 E/QC-QMI  (  492): QMUX qmux_client_id=4 not found in qmux client list, unable to remove
12-22 08:46:46.428 E/QC-QMI  (  492): qmi_qmux_open_connection: connection is disabled for conn_id=29
12-22 08:46:46.428 E/QC-QMI  (  492): qmi_qmux_tx_msg: failed to open inactive connd_id=29
12-22 08:46:46.428 E/QC-QMI  (  492): qmi_qmux: TX failed, connection inactive or in reset, conn_id=29, status_flags=4
12-22 08:46:46.428 E/QC-QMI  (  492): qmi_ctl_tx_msg: qmi_qmux_tx_msg failed
12-22 08:46:46.428 E/QC-QMI  (  492): qmi_ctl_handle_request: qmi_ctl_tx_msg call failed
12-22 08:46:46.429 E/QC-QMI  (  492): qmi_qmux_open_connection: connection is disabled for conn_id=29
12-22 08:46:46.429 E/QC-QMI  (  492): qmi_qmux_tx_msg: failed to open inactive connd_id=29
12-22 08:46:46.429 E/QC-QMI  (  492): qmi_qmux: TX failed, connection inactive or in reset, conn_id=29, status_flags=4
12-22 08:46:46.429 E/QC-QMI  (  492): qmi_ctl_tx_msg: qmi_qmux_tx_msg failed
12-22 08:46:46.429 E/QC-QMI  (  492): qmi_ctl_handle_request: qmi_ctl_tx_msg call failed
12-22 08:46:46.430 E/QC-QMI  (  492): qmi_qmux_open_connection: connection is disabled for conn_id=48
12-22 08:46:46.430 E/QC-QMI  (  492): qmi_qmux_tx_msg: failed to open inactive connd_id=48
12-22 08:46:46.430 E/QC-QMI  (  492): qmi_qmux: TX failed, connection inactive or in reset, conn_id=48, status_flags=4
12-22 08:46:46.430 E/QC-QMI  (  492): qmi_ctl_tx_msg: qmi_qmux_tx_msg failed
12-22 08:46:46.430 E/QC-QMI  (  492): qmi_ctl_handle_request: qmi_ctl_tx_msg call failed
12-22 08:46:46.431 E/QC-QMI  (  492): qmi_qmux_open_connection: connection is disabled for conn_id=48
12-22 08:46:46.431 E/QC-QMI  (  492): qmi_qmux_tx_msg: failed to open inactive connd_id=48
12-22 08:46:46.431 E/QC-QMI  (  492): qmi_qmux: TX failed, connection inactive or in reset, conn_id=48, status_flags=4
12-22 08:46:46.431 E/QC-QMI  (  492): qmi_ctl_tx_msg: qmi_qmux_tx_msg failed
12-22 08:46:46.431 E/QC-QMI  (  492): qmi_ctl_handle_request: qmi_ctl_tx_msg call failed
12-22 08:46:46.431 E/QC-QMI  (  492): qmi_qmux_open_connection: connection is disabled for conn_id=57
12-22 08:46:46.431 E/QC-QMI  (  492): qmi_qmux_tx_msg: failed to open inactive connd_id=57
12-22 08:46:46.432 E/QC-QMI  (  492): qmi_qmux: TX failed, connection inactive or in reset, conn_id=57, status_flags=4
12-22 08:46:46.432 E/QC-QMI  (  492): qmi_ctl_tx_msg: qmi_qmux_tx_msg failed
12-22 08:46:46.432 E/QC-QMI  (  492): qmi_ctl_handle_request: qmi_ctl_tx_msg call failed
12-22 08:46:46.432 E/QC-QMI  (  492): qmi_qmux_open_connection: connection is disabled for conn_id=57
12-22 08:46:46.432 E/QC-QMI  (  492): qmi_qmux_tx_msg: failed to open inactive connd_id=57
12-22 08:46:46.432 E/QC-QMI  (  492): qmi_qmux: TX failed, connection inactive or in reset, conn_id=57, status_flags=4
12-22 08:46:46.432 E/QC-QMI  (  492): qmi_ctl_tx_msg: qmi_qmux_tx_msg failed
12-22 08:46:46.432 E/QC-QMI  (  492): qmi_ctl_handle_request: qmi_ctl_tx_msg call failed
12-22 08:46:46.434 E/QC-QMI  (  492): qmi_qmux_open_connection: connection is disabled for conn_id=29
12-22 08:46:46.435 E/QC-QMI  (  492): qmi_qmux_tx_msg: failed to open inactive connd_id=29
12-22 08:46:46.435 E/QC-QMI  (  492): qmi_qmux: TX failed, connection inactive or in reset, conn_id=29, status_flags=4
12-22 08:46:46.435 E/QC-QMI  (  492): qmi_ctl_tx_msg: qmi_qmux_tx_msg failed
12-22 08:46:46.435 E/QC-QMI  (  492): qmi_ctl_handle_request: qmi_ctl_tx_msg call failed
12-22 08:46:46.435 E/QC-QMI  (  492): qmi_qmux_open_connection: connection is disabled for conn_id=29
12-22 08:46:46.435 E/QC-QMI  (  492): qmi_qmux_tx_msg: failed to open inactive connd_id=29
12-22 08:46:46.435 E/QC-QMI  (  492): qmi_qmux: TX failed, connection inactive or in reset, conn_id=29, status_flags=4
12-22 08:46:46.435 E/QC-QMI  (  492): qmi_ctl_tx_msg: qmi_qmux_tx_msg failed
12-22 08:46:46.435 E/QC-QMI  (  492): qmi_ctl_handle_request: qmi_ctl_tx_msg call failed
12-22 08:46:46.436 E/QC-QMI  (  492): qmi_qmux_open_connection: connection is disabled for conn_id=48
12-22 08:46:46.436 E/QC-QMI  (  492): qmi_qmux_tx_msg: failed to open inactive connd_id=48
12-22 08:46:46.436 E/QC-QMI  (  492): qmi_qmux: TX failed, connection inactive or in reset, conn_id=48, status_flags=4
12-22 08:46:46.436 E/QC-QMI  (  492): qmi_ctl_tx_msg: qmi_qmux_tx_msg failed
12-22 08:46:46.436 E/QC-QMI  (  492): qmi_ctl_handle_request: qmi_ctl_tx_msg call failed
12-22 08:46:46.437 E/QC-QMI  (  492): qmi_qmux_open_connection: connection is disabled for conn_id=48
12-22 08:46:46.437 E/QC-QMI  (  492): qmi_qmux_tx_msg: failed to open inactive connd_id=48
12-22 08:46:46.437 E/QC-QMI  (  492): qmi_qmux: TX failed, connection inactive or in reset, conn_id=48, status_flags=4
12-22 08:46:46.438 E/QC-QMI  (  492): qmi_ctl_tx_msg: qmi_qmux_tx_msg failed
12-22 08:46:46.438 E/QC-QMI  (  492): qmi_ctl_handle_request: qmi_ctl_tx_msg call failed
12-22 08:46:46.438 E/QC-QMI  (  492): qmi_qmux_open_connection: connection is disabled for conn_id=57
12-22 08:46:46.439 E/QC-QMI  (  492): qmi_qmux_tx_msg: failed to open inactive connd_id=57
12-22 08:46:46.439 E/QC-QMI  (  492): qmi_qmux: TX failed, connection inactive or in reset, conn_id=57, status_flags=4
12-22 08:46:46.439 E/QC-QMI  (  492): qmi_ctl_tx_msg: qmi_qmux_tx_msg failed
12-22 08:46:46.439 E/QC-QMI  (  492): qmi_ctl_handle_request: qmi_ctl_tx_msg call failed
12-22 08:46:46.439 E/QC-QMI  (  492): qmi_qmux_open_connection: connection is disabled for conn_id=57
12-22 08:46:46.440 E/QC-QMI  (  492): qmi_qmux_tx_msg: failed to open inactive connd_id=57
12-22 08:46:46.440 E/QC-QMI  (  492): qmi_qmux: TX failed, connection inactive or in reset, conn_id=57, status_flags=4
12-22 08:46:46.440 E/QC-QMI  (  492): qmi_ctl_tx_msg: qmi_qmux_tx_msg failed
12-22 08:46:46.440 E/QC-QMI  (  492): qmi_ctl_handle_request: qmi_ctl_tx_msg call failed
12-22 08:46:46.539 W/PackageManager(  878): Failed to parse /system/priv-app/Phonesky: Package com.android.vending at /system/priv-app/Phonesky ignored: updated version 80430500 better than this 80420700
12-22 08:46:46.627 W/PackageParser(  878): Ignoring duplicate uses-permissions/uses-permissions-sdk-m: android.permission.SYSTEM_ALERT_WINDOW in package: com.google.android.gms at: Binary XML file line #77
12-22 08:46:46.627 W/PackageParser(  878): Ignoring duplicate uses-permissions/uses-permissions-sdk-m: android.permission.SUBSCRIBED_FEEDS_READ in package: com.google.android.gms at: Binary XML file line #90
12-22 08:46:46.627 W/PackageParser(  878): Ignoring duplicate uses-permissions/uses-permissions-sdk-m: android.permission.SUBSCRIBED_FEEDS_WRITE in package: com.google.android.gms at: Binary XML file line #91
12-22 08:46:46.627 W/PackageParser(  878): Ignoring duplicate uses-permissions/uses-permissions-sdk-m: android.permission.WRITE_SETTINGS in package: com.google.android.gms at: Binary XML file line #134
12-22 08:46:46.628 W/PackageParser(  878): Ignoring duplicate uses-permissions/uses-permissions-sdk-m: android.permission.SYSTEM_ALERT_WINDOW in package: com.google.android.gms at: Binary XML file line #160
12-22 08:46:46.628 W/PackageParser(  878): Ignoring duplicate uses-permissions/uses-permissions-sdk-m: android.permission.READ_SYNC_SETTINGS in package: com.google.android.gms at: Binary XML file line #164
12-22 08:46:46.628 W/PackageParser(  878): Ignoring duplicate uses-permissions/uses-permissions-sdk-m: android.permission.WRITE_SYNC_SETTINGS in package: com.google.android.gms at: Binary XML file line #165
12-22 08:46:46.628 W/PackageParser(  878): Ignoring duplicate uses-permissions/uses-permissions-sdk-m: android.permission.VIBRATE in package: com.google.android.gms at: Binary XML file line #167
12-22 08:46:46.629 W/PackageParser(  878): Ignoring duplicate uses-permissions/uses-permissions-sdk-m: android.permission.VIBRATE in package: com.google.android.gms at: Binary XML file line #209
12-22 08:46:46.629 W/PackageParser(  878): Ignoring duplicate uses-permissions/uses-permissions-sdk-m: android.permission.ACCESS_FINE_LOCATION in package: com.google.android.gms at: Binary XML file line #224
12-22 08:46:46.629 W/PackageParser(  878): Ignoring duplicate uses-permissions/uses-permissions-sdk-m: android.permission.OBSERVE_GRANT_REVOKE_PERMISSIONS in package: com.google.android.gms at: Binary XML file line #230
12-22 08:46:46.629 W/PackageParser(  878): Ignoring duplicate uses-permissions/uses-permissions-sdk-m: android.permission.READ_CONTACTS in package: com.google.android.gms at: Binary XML file line #268
12-22 08:46:46.630 W/PackageParser(  878): Ignoring duplicate uses-permissions/uses-permissions-sdk-m: android.permission.WRITE_SETTINGS in package: com.google.android.gms at: Binary XML file line #300
12-22 08:46:46.630 W/PackageParser(  878): Ignoring duplicate uses-permissions/uses-permissions-sdk-m: android.permission.CAPTURE_AUDIO_OUTPUT in package: com.google.android.gms at: Binary XML file line #315
12-22 08:46:46.630 W/PackageParser(  878): Ignoring duplicate uses-permissions/uses-permissions-sdk-m: android.permission.CAPTURE_VIDEO_OUTPUT in package: com.google.android.gms at: Binary XML file line #316
12-22 08:46:46.713 W/PackageManager(  878): Failed to parse /system/priv-app/PrebuiltGmsCore: Package com.google.android.gms at /system/priv-app/PrebuiltGmsCore ignored: updated version 8489440 better than this 8186448
12-22 08:46:46.779 W/PackageParser(  878): Ignoring duplicate uses-permissions/uses-permissions-sdk-m: android.permission.USE_CREDENTIALS in package: com.android.settings at: Binary XML file line #55
12-22 08:46:46.779 W/PackageParser(  878): Ignoring duplicate uses-permissions/uses-permissions-sdk-m: android.permission.READ_SYNC_SETTINGS in package: com.android.settings at: Binary XML file line #60
12-22 08:46:46.779 W/PackageParser(  878): Ignoring duplicate uses-permissions/uses-permissions-sdk-m: android.permission.WRITE_SYNC_SETTINGS in package: com.android.settings at: Binary XML file line #61
12-22 08:46:46.864 W/PackageParser(  878): No actions in intent filter at /system/priv-app/SetupWizard/SetupWizard.apk Binary XML file line #184
12-22 08:46:46.896 W/PackageParser(  878): Ignoring duplicate uses-permissions/uses-permissions-sdk-m: android.permission.INSTALL_GRANT_RUNTIME_PERMISSIONS in package: com.android.shell at: Binary XML file line #101
12-22 08:46:46.956 E/QC-QMI  (  492): qmi_qmux_open_connection: connection is disabled for conn_id=29
12-22 08:46:46.956 E/QC-QMI  (  492): qmi_qmux_tx_msg: failed to open inactive connd_id=29
12-22 08:46:46.956 E/QC-QMI  (  492): qmi_qmux: TX failed, connection inactive or in reset, conn_id=29, status_flags=4
12-22 08:46:46.956 E/QC-QMI  (  492): qmi_ctl_tx_msg: qmi_qmux_tx_msg failed
12-22 08:46:46.956 E/QC-QMI  (  492): qmi_ctl_handle_request: qmi_ctl_tx_msg call failed
12-22 08:46:46.957 E/QC-QMI  (  492): qmi_qmux_open_connection: connection is disabled for conn_id=29
12-22 08:46:46.957 E/QC-QMI  (  492): qmi_qmux_tx_msg: failed to open inactive connd_id=29
12-22 08:46:46.957 E/QC-QMI  (  492): qmi_qmux: TX failed, connection inactive or in reset, conn_id=29, status_flags=4
12-22 08:46:46.957 E/QC-QMI  (  492): qmi_ctl_tx_msg: qmi_qmux_tx_msg failed
12-22 08:46:46.957 E/QC-QMI  (  492): qmi_ctl_handle_request: qmi_ctl_tx_msg call failed
12-22 08:46:46.960 E/QC-QMI  (  492): qmi_qmux_open_connection: connection is disabled for conn_id=29
12-22 08:46:46.960 E/QC-QMI  (  492): qmi_qmux_tx_msg: failed to open inactive connd_id=29
12-22 08:46:46.960 E/QC-QMI  (  492): qmi_qmux: TX failed, connection inactive or in reset, conn_id=29, status_flags=4
12-22 08:46:46.960 E/QC-QMI  (  492): qmi_ctl_tx_msg: qmi_qmux_tx_msg failed
12-22 08:46:46.960 E/QC-QMI  (  492): qmi_ctl_handle_request: qmi_ctl_tx_msg call failed
12-22 08:46:46.962 E/QC-QMI  (  492): qmi_qmux_open_connection: connection is disabled for conn_id=48
12-22 08:46:46.962 E/QC-QMI  (  492): qmi_qmux_tx_msg: failed to open inactive connd_id=48
12-22 08:46:46.962 E/QC-QMI  (  492): qmi_qmux: TX failed, connection inactive or in reset, conn_id=48, status_flags=4
12-22 08:46:46.962 E/QC-QMI  (  492): qmi_ctl_tx_msg: qmi_qmux_tx_msg failed
12-22 08:46:46.962 E/QC-QMI  (  492): qmi_ctl_handle_request: qmi_ctl_tx_msg call failed
12-22 08:46:46.963 E/QC-QMI  (  485): qmi_client [485] 7: failed to locate client data
12-22 08:46:46.963 E/QC-QMI  (  492): qmi_qmux_open_connection: connection is disabled for conn_id=48
12-22 08:46:46.963 E/QC-QMI  (  492): qmi_qmux_tx_msg: failed to open inactive connd_id=48
12-22 08:46:46.964 E/QC-QMI  (  492): qmi_qmux: TX failed, connection inactive or in reset, conn_id=48, status_flags=4
12-22 08:46:46.964 E/QC-QMI  (  492): qmi_ctl_tx_msg: qmi_qmux_tx_msg failed
12-22 08:46:46.964 E/QC-QMI  (  492): qmi_ctl_handle_request: qmi_ctl_tx_msg call failed
12-22 08:46:46.965 E/QC-QMI  (  492): qmi_qmux_open_connection: connection is disabled for conn_id=57
12-22 08:46:46.965 E/QC-QMI  (  492): qmi_qmux_tx_msg: failed to open inactive connd_id=57
12-22 08:46:46.965 E/QC-QMI  (  492): qmi_qmux: TX failed, connection inactive or in reset, conn_id=57, status_flags=4
12-22 08:46:46.965 W/PackageParser(  878): Ignoring duplicate uses-permissions/uses-permissions-sdk-m: android.permission.CONFIGURE_WIFI_DISPLAY in package: com.android.systemui at: Binary XML file line #120
12-22 08:46:46.965 E/QC-QMI  (  492): qmi_ctl_tx_msg: qmi_qmux_tx_msg failed
12-22 08:46:46.965 E/QC-QMI  (  492): qmi_ctl_handle_request: qmi_ctl_tx_msg call failed
12-22 08:46:46.966 E/QC-QMI  (  492): qmuxd: RX on fd=17 returned error=0 errno[2:No such file or directory]
12-22 08:46:46.966 E/QC-QMI  (  492): QMUX qmux_client_id=7 not found in qmux client list, unable to remove
12-22 08:46:46.966 E/QC-QMI  (  492): qmi_qmux_open_connection: connection is disabled for conn_id=57
12-22 08:46:46.966 E/QC-QMI  (  492): qmi_qmux_tx_msg: failed to open inactive connd_id=57
12-22 08:46:46.966 E/QC-QMI  (  492): qmi_qmux: TX failed, connection inactive or in reset, conn_id=57, status_flags=4
12-22 08:46:46.966 E/QC-QMI  (  492): qmi_ctl_tx_msg: qmi_qmux_tx_msg failed
12-22 08:46:46.966 E/QC-QMI  (  492): qmi_ctl_handle_request: qmi_ctl_tx_msg call failed
12-22 08:46:46.967 E/QC-QMI  (  492): qmi_qmux_open_connection: connection is disabled for conn_id=29
12-22 08:46:46.968 E/QC-QMI  (  492): qmi_qmux_tx_msg: failed to open inactive connd_id=29
12-22 08:46:46.968 E/QC-QMI  (  492): qmi_qmux: TX failed, connection inactive or in reset, conn_id=29, status_flags=4
12-22 08:46:46.968 E/QC-QMI  (  492): qmi_ctl_tx_msg: qmi_qmux_tx_msg failed
12-22 08:46:46.968 E/QC-QMI  (  492): qmi_ctl_handle_request: qmi_ctl_tx_msg call failed
12-22 08:46:46.970 E/QC-QMI  (  492): qmi_qmux_open_connection: connection is disabled for conn_id=29
12-22 08:46:46.970 E/QC-QMI  (  492): qmi_qmux_tx_msg: failed to open inactive connd_id=29
12-22 08:46:46.970 E/QC-QMI  (  492): qmi_qmux: TX failed, connection inactive or in reset, conn_id=29, status_flags=4
12-22 08:46:46.970 E/QC-QMI  (  492): qmi_ctl_tx_msg: qmi_qmux_tx_msg failed
12-22 08:46:46.970 E/QC-QMI  (  492): qmi_ctl_handle_request: qmi_ctl_tx_msg call failed
12-22 08:46:46.972 E/QC-QMI  (  492): qmi_qmux_open_connection: connection is disabled for conn_id=29
12-22 08:46:46.972 E/QC-QMI  (  492): qmi_qmux_tx_msg: failed to open inactive connd_id=29
12-22 08:46:46.972 E/QC-QMI  (  492): qmi_qmux: TX failed, connection inactive or in reset, conn_id=29, status_flags=4
12-22 08:46:46.972 E/QC-QMI  (  492): qmi_ctl_tx_msg: qmi_qmux_tx_msg failed
12-22 08:46:46.972 E/QC-QMI  (  492): qmi_ctl_handle_request: qmi_ctl_tx_msg call failed
12-22 08:46:46.973 E/QC-QMI  (  492): qmi_qmux_open_connection: connection is disabled for conn_id=48
12-22 08:46:46.973 E/QC-QMI  (  492): qmi_qmux_tx_msg: failed to open inactive connd_id=48
12-22 08:46:46.973 E/QC-QMI  (  492): qmi_qmux: TX failed, connection inactive or in reset, conn_id=48, status_flags=4
12-22 08:46:46.973 E/QC-QMI  (  492): qmi_ctl_tx_msg: qmi_qmux_tx_msg failed
12-22 08:46:46.973 E/QC-QMI  (  492): qmi_ctl_handle_request: qmi_ctl_tx_msg call failed
12-22 08:46:46.973 E/QC-QMI  (  492): qmi_qmux_open_connection: connection is disabled for conn_id=48
12-22 08:46:46.973 E/QC-QMI  (  492): qmi_qmux_tx_msg: failed to open inactive connd_id=48
12-22 08:46:46.973 E/QC-QMI  (  492): qmi_qmux: TX failed, connection inactive or in reset, conn_id=48, status_flags=4
12-22 08:46:46.973 E/QC-QMI  (  492): qmi_ctl_tx_msg: qmi_qmux_tx_msg failed
12-22 08:46:46.973 E/QC-QMI  (  492): qmi_ctl_handle_request: qmi_ctl_tx_msg call failed
12-22 08:46:46.974 E/QC-QMI  (  492): qmi_qmux_open_connection: connection is disabled for conn_id=29
12-22 08:46:46.974 E/QC-QMI  (  492): qmi_qmux_tx_msg: failed to open inactive connd_id=29
12-22 08:46:46.974 E/QC-QMI  (  492): qmi_qmux: TX failed, connection inactive or in reset, conn_id=29, status_flags=4
12-22 08:46:46.974 E/QC-QMI  (  492): qmi_ctl_tx_msg: qmi_qmux_tx_msg failed
12-22 08:46:46.974 E/QC-QMI  (  492): qmi_ctl_handle_request: qmi_ctl_tx_msg call failed
12-22 08:46:46.975 E/QC-QMI  (  492): qmi_qmux_open_connection: connection is disabled for conn_id=57
12-22 08:46:46.975 E/QC-QMI  (  492): qmi_qmux_tx_msg: failed to open inactive connd_id=57
12-22 08:46:46.975 E/QC-QMI  (  492): qmi_qmux: TX failed, connection inactive or in reset, conn_id=57, status_flags=4
12-22 08:46:46.975 E/QC-QMI  (  492): qmi_ctl_tx_msg: qmi_qmux_tx_msg failed
12-22 08:46:46.975 E/QC-QMI  (  492): qmi_ctl_handle_request: qmi_ctl_tx_msg call failed
12-22 08:46:46.975 E/QC-QMI  (  492): qmi_qmux_open_connection: connection is disabled for conn_id=29
12-22 08:46:46.975 E/QC-QMI  (  492): qmi_qmux_tx_msg: failed to open inactive connd_id=29
12-22 08:46:46.975 E/QC-QMI  (  492): qmi_qmux: TX failed, connection inactive or in reset, conn_id=29, status_flags=4
12-22 08:46:46.975 E/QC-QMI  (  492): qmi_ctl_tx_msg: qmi_qmux_tx_msg failed
12-22 08:46:46.975 E/QC-QMI  (  492): qmi_ctl_handle_request: qmi_ctl_tx_msg call failed
12-22 08:46:46.975 E/QC-QMI  (  492): qmi_qmux_open_connection: connection is disabled for conn_id=57
12-22 08:46:46.975 E/QC-QMI  (  492): qmi_qmux_tx_msg: failed to open inactive connd_id=57
12-22 08:46:46.976 E/QC-QMI  (  492): qmi_qmux: TX failed, connection inactive or in reset, conn_id=57, status_flags=4
12-22 08:46:46.976 E/QC-QMI  (  492): qmi_ctl_tx_msg: qmi_qmux_tx_msg failed
12-22 08:46:46.976 E/QC-QMI  (  492): qmi_ctl_handle_request: qmi_ctl_tx_msg call failed
12-22 08:46:46.976 E/QC-QMI  (  492): qmi_qmux_open_connection: connection is disabled for conn_id=29
12-22 08:46:46.976 E/QC-QMI  (  492): qmi_qmux_tx_msg: failed to open inactive connd_id=29
12-22 08:46:46.976 E/QC-QMI  (  492): qmi_qmux: TX failed, connection inactive or in reset, conn_id=29, status_flags=4
12-22 08:46:46.976 E/QC-QMI  (  492): qmi_ctl_tx_msg: qmi_qmux_tx_msg failed
12-22 08:46:46.976 E/QC-QMI  (  492): qmi_ctl_handle_request: qmi_ctl_tx_msg call failed
12-22 08:46:46.977 E/QC-QMI  (  485): qmi_client [485] 8: failed to locate client data
12-22 08:46:46.977 E/QC-QMI  (  492): qmi_qmux_open_connection: connection is disabled for conn_id=29
12-22 08:46:46.977 E/QC-QMI  (  492): qmi_qmux_tx_msg: failed to open inactive connd_id=29
12-22 08:46:46.977 E/QC-QMI  (  492): qmi_qmux: TX failed, connection inactive or in reset, conn_id=29, status_flags=4
12-22 08:46:46.977 E/QC-QMI  (  492): qmi_ctl_tx_msg: qmi_qmux_tx_msg failed
12-22 08:46:46.978 E/QC-QMI  (  492): qmi_ctl_handle_request: qmi_ctl_tx_msg call failed
12-22 08:46:46.978 E/QC-QMI  (  492): qmuxd: RX on fd=17 returned error=0 errno[2:No such file or directory]
12-22 08:46:46.978 E/QC-QMI  (  492): QMUX qmux_client_id=8 not found in qmux client list, unable to remove
12-22 08:46:46.979 E/QC-QMI  (  492): qmi_qmux_open_connection: connection is disabled for conn_id=48
12-22 08:46:46.979 E/QC-QMI  (  492): qmi_qmux_tx_msg: failed to open inactive connd_id=48
12-22 08:46:46.979 E/QC-QMI  (  492): qmi_qmux: TX failed, connection inactive or in reset, conn_id=48, status_flags=4
12-22 08:46:46.979 E/QC-QMI  (  492): qmi_ctl_tx_msg: qmi_qmux_tx_msg failed
12-22 08:46:46.979 E/QC-QMI  (  492): qmi_ctl_handle_request: qmi_ctl_tx_msg call failed
12-22 08:46:46.980 E/QC-QMI  (  492): qmi_qmux_open_connection: connection is disabled for conn_id=48
12-22 08:46:46.980 E/QC-QMI  (  492): qmi_qmux_tx_msg: failed to open inactive connd_id=48
12-22 08:46:46.980 E/QC-QMI  (  492): qmi_qmux: TX failed, connection inactive or in reset, conn_id=48, status_flags=4
12-22 08:46:46.980 E/QC-QMI  (  492): qmi_ctl_tx_msg: qmi_qmux_tx_msg failed
12-22 08:46:46.980 E/QC-QMI  (  492): qmi_ctl_handle_request: qmi_ctl_tx_msg call failed
12-22 08:46:46.981 E/QC-QMI  (  492): qmi_qmux_open_connection: connection is disabled for conn_id=57
12-22 08:46:46.981 E/QC-QMI  (  492): qmi_qmux_tx_msg: failed to open inactive connd_id=57
12-22 08:46:46.981 E/QC-QMI  (  492): qmi_qmux: TX failed, connection inactive or in reset, conn_id=57, status_flags=4
12-22 08:46:46.981 E/QC-QMI  (  492): qmi_ctl_tx_msg: qmi_qmux_tx_msg failed
12-22 08:46:46.981 E/QC-QMI  (  492): qmi_ctl_handle_request: qmi_ctl_tx_msg call failed
12-22 08:46:46.981 E/QC-QMI  (  492): qmi_qmux_open_connection: connection is disabled for conn_id=57
12-22 08:46:46.981 E/QC-QMI  (  492): qmi_qmux_tx_msg: failed to open inactive connd_id=57
12-22 08:46:46.981 E/QC-QMI  (  492): qmi_qmux: TX failed, connection inactive or in reset, conn_id=57, status_flags=4
12-22 08:46:46.981 E/QC-QMI  (  492): qmi_ctl_tx_msg: qmi_qmux_tx_msg failed
12-22 08:46:46.981 E/QC-QMI  (  492): qmi_ctl_handle_request: qmi_ctl_tx_msg call failed
12-22 08:46:46.982 E/QC-QMI  (  492): qmi_qmux_open_connection: connection is disabled for conn_id=48
12-22 08:46:46.982 E/QC-QMI  (  492): qmi_qmux_tx_msg: failed to open inactive connd_id=48
12-22 08:46:46.982 E/QC-QMI  (  492): qmi_qmux: TX failed, connection inactive or in reset, conn_id=48, status_flags=4
12-22 08:46:46.982 E/QC-QMI  (  492): qmi_ctl_tx_msg: qmi_qmux_tx_msg failed
12-22 08:46:46.982 E/QC-QMI  (  492): qmi_ctl_handle_request: qmi_ctl_tx_msg call failed
12-22 08:46:46.982 E/QC-QMI  (  492): qmi_qmux_open_connection: connection is disabled for conn_id=29
12-22 08:46:46.982 E/QC-QMI  (  492): qmi_qmux_tx_msg: failed to open inactive connd_id=29
12-22 08:46:46.982 E/QC-QMI  (  492): qmi_qmux: TX failed, connection inactive or in reset, conn_id=29, status_flags=4
12-22 08:46:46.982 E/QC-QMI  (  492): qmi_ctl_tx_msg: qmi_qmux_tx_msg failed
12-22 08:46:46.982 E/QC-QMI  (  492): qmi_ctl_handle_request: qmi_ctl_tx_msg call failed
12-22 08:46:46.983 E/QC-QMI  (  492): qmi_qmux_open_connection: connection is disabled for conn_id=48
12-22 08:46:46.983 E/QC-QMI  (  492): qmi_qmux_tx_msg: failed to open inactive connd_id=48
12-22 08:46:46.983 E/QC-QMI  (  492): qmi_qmux: TX failed, connection inactive or in reset, conn_id=48, status_flags=4
12-22 08:46:46.983 E/QC-QMI  (  492): qmi_ctl_tx_msg: qmi_qmux_tx_msg failed
12-22 08:46:46.983 E/QC-QMI  (  492): qmi_ctl_handle_request: qmi_ctl_tx_msg call failed
12-22 08:46:46.984 E/QC-QMI  (  492): qmi_qmux_open_connection: connection is disabled for conn_id=29
12-22 08:46:46.984 E/QC-QMI  (  492): qmi_qmux_tx_msg: failed to open inactive connd_id=29
12-22 08:46:46.984 E/QC-QMI  (  492): qmi_qmux: TX failed, connection inactive or in reset, conn_id=29, status_flags=4
12-22 08:46:46.984 E/QC-QMI  (  492): qmi_ctl_tx_msg: qmi_qmux_tx_msg failed
12-22 08:46:46.984 E/QC-QMI  (  492): qmi_ctl_handle_request: qmi_ctl_tx_msg call failed
12-22 08:46:46.984 E/QC-QMI  (  485): qmi_client [485] 9: failed to locate client data
12-22 08:46:46.984 E/QC-QMI  (  492): qmi_qmux_open_connection: connection is disabled for conn_id=48
12-22 08:46:46.985 E/QC-QMI  (  492): qmi_qmux_tx_msg: failed to open inactive connd_id=48
12-22 08:46:46.985 E/QC-QMI  (  492): qmi_qmux: TX failed, connection inactive or in reset, conn_id=48, status_flags=4
12-22 08:46:46.985 E/QC-QMI  (  492): qmi_ctl_tx_msg: qmi_qmux_tx_msg failed
12-22 08:46:46.985 E/QC-QMI  (  492): qmi_ctl_handle_request: qmi_ctl_tx_msg call failed
12-22 08:46:46.985 E/QC-QMI  (  492): qmi_qmux_open_connection: connection is disabled for conn_id=48
12-22 08:46:46.985 E/QC-QMI  (  492): qmi_qmux_tx_msg: failed to open inactive connd_id=48
12-22 08:46:46.985 E/QC-QMI  (  492): qmi_qmux: TX failed, connection inactive or in reset, conn_id=48, status_flags=4
12-22 08:46:46.985 E/QC-QMI  (  492): qmi_ctl_tx_msg: qmi_qmux_tx_msg failed
12-22 08:46:46.985 E/QC-QMI  (  492): qmi_ctl_handle_request: qmi_ctl_tx_msg call failed
12-22 08:46:46.985 E/QC-QMI  (  492): qmuxd: RX on fd=17 returned error=0 errno[2:No such file or directory]
12-22 08:46:46.986 E/QC-QMI  (  492): QMUX qmux_client_id=9 not found in qmux client list, unable to remove
12-22 08:46:46.988 E/QC-QMI  (  492): qmi_qmux_open_connection: connection is disabled for conn_id=57
12-22 08:46:46.988 E/QC-QMI  (  492): qmi_qmux_tx_msg: failed to open inactive connd_id=57
12-22 08:46:46.988 E/QC-QMI  (  492): qmi_qmux: TX failed, connection inactive or in reset, conn_id=57, status_flags=4
12-22 08:46:46.988 E/QC-QMI  (  492): qmi_ctl_tx_msg: qmi_qmux_tx_msg failed
12-22 08:46:46.988 E/QC-QMI  (  492): qmi_ctl_handle_request: qmi_ctl_tx_msg call failed
12-22 08:46:46.989 E/QC-QMI  (  492): qmi_qmux_open_connection: connection is disabled for conn_id=57
12-22 08:46:46.989 E/QC-QMI  (  492): qmi_qmux_tx_msg: failed to open inactive connd_id=57
12-22 08:46:46.989 E/QC-QMI  (  492): qmi_qmux: TX failed, connection inactive or in reset, conn_id=57, status_flags=4
12-22 08:46:46.989 E/QC-QMI  (  492): qmi_ctl_tx_msg: qmi_qmux_tx_msg failed
12-22 08:46:46.989 E/QC-QMI  (  492): qmi_ctl_handle_request: qmi_ctl_tx_msg call failed
12-22 08:46:46.989 I/ThermalEngine(  497): qmi: Instance id 157 for fusion TS
12-22 08:46:46.991 E/QC-QMI  (  492): qmi_qmux_open_connection: connection is disabled for conn_id=29
12-22 08:46:46.991 E/QC-QMI  (  492): qmi_qmux_tx_msg: failed to open inactive connd_id=29
12-22 08:46:46.991 E/QC-QMI  (  492): qmi_qmux: TX failed, connection inactive or in reset, conn_id=29, status_flags=4
12-22 08:46:46.991 E/QC-QMI  (  492): qmi_ctl_tx_msg: qmi_qmux_tx_msg failed
12-22 08:46:46.991 E/QC-QMI  (  492): qmi_ctl_handle_request: qmi_ctl_tx_msg call failed
12-22 08:46:46.991 E/QC-QMI  (  492): qmi_qmux_open_connection: connection is disabled for conn_id=57
12-22 08:46:46.991 E/QC-QMI  (  492): qmi_qmux_tx_msg: failed to open inactive connd_id=57
12-22 08:46:46.991 E/QC-QMI  (  492): qmi_qmux: TX failed, connection inactive or in reset, conn_id=57, status_flags=4
12-22 08:46:46.991 E/QC-QMI  (  492): qmi_ctl_tx_msg: qmi_qmux_tx_msg failed
12-22 08:46:46.991 E/QC-QMI  (  492): qmi_ctl_handle_request: qmi_ctl_tx_msg call failed
12-22 08:46:46.992 E/QC-QMI  (  492): qmi_qmux_open_connection: connection is disabled for conn_id=29
12-22 08:46:46.992 E/QC-QMI  (  492): qmi_qmux_tx_msg: failed to open inactive connd_id=29
12-22 08:46:46.993 E/QC-QMI  (  492): qmi_qmux: TX failed, connection inactive or in reset, conn_id=29, status_flags=4
12-22 08:46:46.993 E/QC-QMI  (  492): qmi_ctl_tx_msg: qmi_qmux_tx_msg failed
12-22 08:46:46.993 E/QC-QMI  (  492): qmi_ctl_handle_request: qmi_ctl_tx_msg call failed
12-22 08:46:46.993 E/QC-QMI  (  492): qmi_qmux_open_connection: connection is disabled for conn_id=48
12-22 08:46:46.993 E/QC-QMI  (  492): qmi_qmux_tx_msg: failed to open inactive connd_id=48
12-22 08:46:46.993 E/QC-QMI  (  492): qmi_qmux: TX failed, connection inactive or in reset, conn_id=48, status_flags=4
12-22 08:46:46.993 E/QC-QMI  (  492): qmi_ctl_tx_msg: qmi_qmux_tx_msg failed
12-22 08:46:46.994 E/QC-QMI  (  492): qmi_ctl_handle_request: qmi_ctl_tx_msg call failed
12-22 08:46:46.994 E/QC-QMI  (  492): qmi_qmux_open_connection: connection is disabled for conn_id=57
12-22 08:46:46.994 E/QC-QMI  (  492): qmi_qmux_tx_msg: failed to open inactive connd_id=57
12-22 08:46:46.994 E/QC-QMI  (  492): qmi_qmux: TX failed, connection inactive or in reset, conn_id=57, status_flags=4
12-22 08:46:46.994 E/QC-QMI  (  492): qmi_ctl_tx_msg: qmi_qmux_tx_msg failed
12-22 08:46:46.994 E/QC-QMI  (  492): qmi_ctl_handle_request: qmi_ctl_tx_msg call failed
12-22 08:46:46.994 E/QC-QMI  (  492): qmi_qmux_open_connection: connection is disabled for conn_id=48
12-22 08:46:46.994 E/QC-QMI  (  492): qmi_qmux_tx_msg: failed to open inactive connd_id=48
12-22 08:46:46.994 E/QC-QMI  (  492): qmi_qmux: TX failed, connection inactive or in reset, conn_id=48, status_flags=4
12-22 08:46:46.994 E/QC-QMI  (  492): qmi_ctl_tx_msg: qmi_qmux_tx_msg failed
12-22 08:46:46.994 E/QC-QMI  (  492): qmi_ctl_handle_request: qmi_ctl_tx_msg call failed
12-22 08:46:46.995 E/QC-QMI  (  485): qmi_client [485] a: failed to locate client data
12-22 08:46:46.996 E/QC-QMI  (  492): qmi_qmux_open_connection: connection is disabled for conn_id=57
12-22 08:46:46.996 E/QC-QMI  (  492): qmi_qmux_tx_msg: failed to open inactive connd_id=57
12-22 08:46:46.996 E/QC-QMI  (  492): qmi_qmux: TX failed, connection inactive or in reset, conn_id=57, status_flags=4
12-22 08:46:46.996 E/QC-QMI  (  492): qmi_ctl_tx_msg: qmi_qmux_tx_msg failed
12-22 08:46:46.996 E/QC-QMI  (  492): qmi_ctl_handle_request: qmi_ctl_tx_msg call failed
12-22 08:46:46.996 E/QC-QMI  (  492): qmuxd: RX on fd=17 returned error=0 errno[2:No such file or directory]
12-22 08:46:46.996 E/QC-QMI  (  492): QMUX qmux_client_id=a not found in qmux client list, unable to remove
12-22 08:46:46.997 E/QC-QMI  (  492): qmi_qmux_open_connection: connection is disabled for conn_id=57
12-22 08:46:46.997 E/QC-QMI  (  492): qmi_qmux_tx_msg: failed to open inactive connd_id=57
12-22 08:46:46.997 E/QC-QMI  (  492): qmi_qmux: TX failed, connection inactive or in reset, conn_id=57, status_flags=4
12-22 08:46:46.997 E/QC-QMI  (  492): qmi_ctl_tx_msg: qmi_qmux_tx_msg failed
12-22 08:46:46.997 E/QC-QMI  (  492): qmi_ctl_handle_request: qmi_ctl_tx_msg call failed
12-22 08:46:46.998 E/QC-QMI  (  492): qmi_qmux_open_connection: connection is disabled for conn_id=29
12-22 08:46:46.998 E/QC-QMI  (  492): qmi_qmux_tx_msg: failed to open inactive connd_id=29
12-22 08:46:46.998 E/QC-QMI  (  492): qmi_qmux: TX failed, connection inactive or in reset, conn_id=29, status_flags=4
12-22 08:46:46.998 E/QC-QMI  (  492): qmi_ctl_tx_msg: qmi_qmux_tx_msg failed
12-22 08:46:46.998 E/QC-QMI  (  492): qmi_ctl_handle_request: qmi_ctl_tx_msg call failed
12-22 08:46:46.998 E/QC-QMI  (  492): qmi_qmux_open_connection: connection is disabled for conn_id=29
12-22 08:46:46.998 E/QC-QMI  (  492): qmi_qmux_tx_msg: failed to open inactive connd_id=29
12-22 08:46:46.998 E/QC-QMI  (  492): qmi_qmux: TX failed, connection inactive or in reset, conn_id=29, status_flags=4
12-22 08:46:46.998 E/QC-QMI  (  492): qmi_ctl_tx_msg: qmi_qmux_tx_msg failed
12-22 08:46:46.999 E/QC-QMI  (  492): qmi_ctl_handle_request: qmi_ctl_tx_msg call failed
12-22 08:46:46.999 E/QC-QMI  (  492): qmi_qmux_open_connection: connection is disabled for conn_id=48
12-22 08:46:46.999 E/QC-QMI  (  492): qmi_qmux_tx_msg: failed to open inactive connd_id=48
12-22 08:46:46.999 E/QC-QMI  (  492): qmi_qmux: TX failed, connection inactive or in reset, conn_id=48, status_flags=4
12-22 08:46:46.999 E/QC-QMI  (  492): qmi_ctl_tx_msg: qmi_qmux_tx_msg failed
12-22 08:46:46.999 E/QC-QMI  (  492): qmi_ctl_handle_request: qmi_ctl_tx_msg call failed
12-22 08:46:47.001 E/QC-QMI  (  492): qmi_qmux_open_connection: connection is disabled for conn_id=48
12-22 08:46:47.002 E/QC-QMI  (  492): qmi_qmux_tx_msg: failed to open inactive connd_id=48
12-22 08:46:47.002 E/QC-QMI  (  492): qmi_qmux: TX failed, connection inactive or in reset, conn_id=48, status_flags=4
12-22 08:46:47.002 E/QC-QMI  (  492): qmi_ctl_tx_msg: qmi_qmux_tx_msg failed
12-22 08:46:47.002 E/QC-QMI  (  492): qmi_ctl_handle_request: qmi_ctl_tx_msg call failed
12-22 08:46:47.002 E/QC-QMI  (  492): qmi_qmux_open_connection: connection is disabled for conn_id=57
12-22 08:46:47.002 E/QC-QMI  (  492): qmi_qmux_tx_msg: failed to open inactive connd_id=57
12-22 08:46:47.002 E/QC-QMI  (  492): qmi_qmux: TX failed, connection inactive or in reset, conn_id=57, status_flags=4
12-22 08:46:47.002 E/QC-QMI  (  492): qmi_ctl_tx_msg: qmi_qmux_tx_msg failed
12-22 08:46:47.003 E/QC-QMI  (  492): qmi_ctl_handle_request: qmi_ctl_tx_msg call failed
12-22 08:46:47.003 E/QC-QMI  (  492): qmi_qmux_open_connection: connection is disabled for conn_id=57
12-22 08:46:47.003 E/QC-QMI  (  492): qmi_qmux_tx_msg: failed to open inactive connd_id=57
12-22 08:46:47.003 E/QC-QMI  (  485): qmi_client [485] b: failed to locate client data
12-22 08:46:47.003 E/QC-QMI  (  492): qmi_qmux: TX failed, connection inactive or in reset, conn_id=57, status_flags=4
12-22 08:46:47.003 E/QC-QMI  (  492): qmi_ctl_tx_msg: qmi_qmux_tx_msg failed
12-22 08:46:47.003 E/QC-QMI  (  492): qmi_ctl_handle_request: qmi_ctl_tx_msg call failed
12-22 08:46:47.003 E/QC-QMI  (  492): qmuxd: RX on fd=17 returned error=0 errno[2:No such file or directory]
12-22 08:46:47.003 E/QC-QMI  (  492): QMUX qmux_client_id=b not found in qmux client list, unable to remove
12-22 08:46:47.004 E/QC-QMI  (  492): qmi_qmux_open_connection: connection is disabled for conn_id=29
12-22 08:46:47.004 E/QC-QMI  (  492): qmi_qmux_tx_msg: failed to open inactive connd_id=29
12-22 08:46:47.004 E/QC-QMI  (  492): qmi_qmux: TX failed, connection inactive or in reset, conn_id=29, status_flags=4
12-22 08:46:47.004 E/QC-QMI  (  492): qmi_ctl_tx_msg: qmi_qmux_tx_msg failed
12-22 08:46:47.004 E/QC-QMI  (  492): qmi_ctl_handle_request: qmi_ctl_tx_msg call failed
12-22 08:46:47.008 E/QC-QMI  (  492): qmi_qmux_open_connection: connection is disabled for conn_id=29
12-22 08:46:47.008 E/QC-QMI  (  492): qmi_qmux_tx_msg: failed to open inactive connd_id=29
12-22 08:46:47.008 E/QC-QMI  (  492): qmi_qmux: TX failed, connection inactive or in reset, conn_id=29, status_flags=4
12-22 08:46:47.008 E/QC-QMI  (  492): qmi_ctl_tx_msg: qmi_qmux_tx_msg failed
12-22 08:46:47.008 E/QC-QMI  (  492): qmi_ctl_handle_request: qmi_ctl_tx_msg call failed
12-22 08:46:47.009 E/QC-QMI  (  492): qmi_qmux_open_connection: connection is disabled for conn_id=48
12-22 08:46:47.010 E/QC-QMI  (  492): qmi_qmux_tx_msg: failed to open inactive connd_id=48
12-22 08:46:47.010 E/QC-QMI  (  492): qmi_qmux: TX failed, connection inactive or in reset, conn_id=48, status_flags=4
12-22 08:46:47.010 E/QC-QMI  (  492): qmi_ctl_tx_msg: qmi_qmux_tx_msg failed
12-22 08:46:47.010 E/QC-QMI  (  492): qmi_ctl_handle_request: qmi_ctl_tx_msg call failed
12-22 08:46:47.010 E/QC-QMI  (  492): qmi_qmux_open_connection: connection is disabled for conn_id=29
12-22 08:46:47.010 E/QC-QMI  (  492): qmi_qmux_tx_msg: failed to open inactive connd_id=29
12-22 08:46:47.010 E/QC-QMI  (  492): qmi_qmux: TX failed, connection inactive or in reset, conn_id=29, status_flags=4
12-22 08:46:47.010 E/QC-QMI  (  492): qmi_ctl_tx_msg: qmi_qmux_tx_msg failed
12-22 08:46:47.010 E/QC-QMI  (  492): qmi_ctl_handle_request: qmi_ctl_tx_msg call failed
12-22 08:46:47.010 E/QC-QMI  (  492): qmi_qmux_open_connection: connection is disabled for conn_id=48
12-22 08:46:47.010 E/QC-QMI  (  492): qmi_qmux_tx_msg: failed to open inactive connd_id=48
12-22 08:46:47.010 E/QC-QMI  (  492): qmi_qmux: TX failed, connection inactive or in reset, conn_id=48, status_flags=4
12-22 08:46:47.010 E/QC-QMI  (  492): qmi_ctl_tx_msg: qmi_qmux_tx_msg failed
12-22 08:46:47.010 E/QC-QMI  (  492): qmi_ctl_handle_request: qmi_ctl_tx_msg call failed
12-22 08:46:47.011 E/QC-QMI  (  492): qmi_qmux_open_connection: connection is disabled for conn_id=57
12-22 08:46:47.011 E/QC-QMI  (  492): qmi_qmux_tx_msg: failed to open inactive connd_id=57
12-22 08:46:47.011 E/QC-QMI  (  492): qmi_qmux: TX failed, connection inactive or in reset, conn_id=57, status_flags=4
12-22 08:46:47.011 E/QC-QMI  (  492): qmi_ctl_tx_msg: qmi_qmux_tx_msg failed
12-22 08:46:47.011 E/QC-QMI  (  492): qmi_ctl_handle_request: qmi_ctl_tx_msg call failed
12-22 08:46:47.011 E/QC-QMI  (  492): qmi_qmux_open_connection: connection is disabled for conn_id=29
12-22 08:46:47.011 E/QC-QMI  (  492): qmi_qmux_tx_msg: failed to open inactive connd_id=29
12-22 08:46:47.011 E/QC-QMI  (  492): qmi_qmux: TX failed, connection inactive or in reset, conn_id=29, status_flags=4
12-22 08:46:47.011 E/QC-QMI  (  492): qmi_ctl_tx_msg: qmi_qmux_tx_msg failed
12-22 08:46:47.011 E/QC-QMI  (  492): qmi_ctl_handle_request: qmi_ctl_tx_msg call failed
12-22 08:46:47.012 E/QC-QMI  (  492): qmi_qmux_open_connection: connection is disabled for conn_id=57
12-22 08:46:47.012 E/QC-QMI  (  492): qmi_qmux_tx_msg: failed to open inactive connd_id=57
12-22 08:46:47.012 E/QC-QMI  (  492): qmi_qmux: TX failed, connection inactive or in reset, conn_id=57, status_flags=4
12-22 08:46:47.012 E/QC-QMI  (  492): qmi_ctl_tx_msg: qmi_qmux_tx_msg failed
12-22 08:46:47.012 E/QC-QMI  (  492): qmi_ctl_handle_request: qmi_ctl_tx_msg call failed
12-22 08:46:47.012 E/QC-QMI  (  492): qmi_qmux_open_connection: connection is disabled for conn_id=29
12-22 08:46:47.013 E/QC-QMI  (  492): qmi_qmux_tx_msg: failed to open inactive connd_id=29
12-22 08:46:47.013 E/QC-QMI  (  492): qmi_qmux: TX failed, connection inactive or in reset, conn_id=29, status_flags=4
12-22 08:46:47.013 E/QC-QMI  (  492): qmi_ctl_tx_msg: qmi_qmux_tx_msg failed
12-22 08:46:47.013 E/QC-QMI  (  492): qmi_ctl_handle_request: qmi_ctl_tx_msg call failed
12-22 08:46:47.013 D/vold    (  338): Disk at 253:0 changed
12-22 08:46:47.013 E/QC-QMI  (  492): qmi_qmux_open_connection: connection is disabled for conn_id=29
12-22 08:46:47.013 E/QC-QMI  (  492): qmi_qmux_tx_msg: failed to open inactive connd_id=29
12-22 08:46:47.013 E/QC-QMI  (  492): qmi_qmux: TX failed, connection inactive or in reset, conn_id=29, status_flags=4
12-22 08:46:47.013 E/QC-QMI  (  492): qmi_ctl_tx_msg: qmi_qmux_tx_msg failed
12-22 08:46:47.013 E/QC-QMI  (  492): qmi_ctl_handle_request: qmi_ctl_tx_msg call failed
12-22 08:46:47.014 E/QC-QMI  (  492): qmi_qmux_open_connection: connection is disabled for conn_id=48
12-22 08:46:47.014 E/QC-QMI  (  485): qmi_client [485] c: failed to locate client data
12-22 08:46:47.014 E/QC-QMI  (  492): qmi_qmux_tx_msg: failed to open inactive connd_id=48
12-22 08:46:47.014 E/QC-QMI  (  492): qmi_qmux: TX failed, connection inactive or in reset, conn_id=48, status_flags=4
12-22 08:46:47.014 E/QC-QMI  (  492): qmi_ctl_tx_msg: qmi_qmux_tx_msg failed
12-22 08:46:47.014 E/QC-QMI  (  492): qmi_ctl_handle_request: qmi_ctl_tx_msg call failed
12-22 08:46:47.014 E/QC-QMI  (  492): qmuxd: RX on fd=17 returned error=0 errno[2:No such file or directory]
12-22 08:46:47.014 E/QC-QMI  (  492): QMUX qmux_client_id=c not found in qmux client list, unable to remove
12-22 08:46:47.015 E/QC-QMI  (  492): qmi_qmux_open_connection: connection is disabled for conn_id=48
12-22 08:46:47.015 E/QC-QMI  (  492): qmi_qmux_tx_msg: failed to open inactive connd_id=48
12-22 08:46:47.015 E/QC-QMI  (  492): qmi_qmux: TX failed, connection inactive or in reset, conn_id=48, status_flags=4
12-22 08:46:47.015 E/QC-QMI  (  492): qmi_ctl_tx_msg: qmi_qmux_tx_msg failed
12-22 08:46:47.015 E/QC-QMI  (  492): qmi_ctl_handle_request: qmi_ctl_tx_msg call failed
12-22 08:46:47.016 E/QC-QMI  (  492): qmi_qmux_open_connection: connection is disabled for conn_id=57
12-22 08:46:47.016 E/QC-QMI  (  492): qmi_qmux_tx_msg: failed to open inactive connd_id=57
12-22 08:46:47.016 E/QC-QMI  (  492): qmi_qmux: TX failed, connection inactive or in reset, conn_id=57, status_flags=4
12-22 08:46:47.016 E/QC-QMI  (  492): qmi_ctl_tx_msg: qmi_qmux_tx_msg failed
12-22 08:46:47.016 E/QC-QMI  (  492): qmi_ctl_handle_request: qmi_ctl_tx_msg call failed
12-22 08:46:47.018 E/QC-QMI  (  492): qmi_qmux_open_connection: connection is disabled for conn_id=57
12-22 08:46:47.018 E/QC-QMI  (  492): qmi_qmux_tx_msg: failed to open inactive connd_id=57
12-22 08:46:47.018 E/QC-QMI  (  492): qmi_qmux: TX failed, connection inactive or in reset, conn_id=57, status_flags=4
12-22 08:46:47.018 E/QC-QMI  (  492): qmi_ctl_tx_msg: qmi_qmux_tx_msg failed
12-22 08:46:47.018 E/QC-QMI  (  492): qmi_ctl_handle_request: qmi_ctl_tx_msg call failed
12-22 08:46:47.018 E/QC-QMI  (  492): qmi_qmux_open_connection: connection is disabled for conn_id=48
12-22 08:46:47.018 E/QC-QMI  (  492): qmi_qmux_tx_msg: failed to open inactive connd_id=48
12-22 08:46:47.018 E/QC-QMI  (  492): qmi_qmux: TX failed, connection inactive or in reset, conn_id=48, status_flags=4
12-22 08:46:47.018 E/QC-QMI  (  492): qmi_ctl_tx_msg: qmi_qmux_tx_msg failed
12-22 08:46:47.018 E/QC-QMI  (  492): qmi_ctl_handle_request: qmi_ctl_tx_msg call failed
12-22 08:46:47.019 E/QC-QMI  (  492): qmi_qmux_open_connection: connection is disabled for conn_id=48
12-22 08:46:47.019 E/QC-QMI  (  492): qmi_qmux_tx_msg: failed to open inactive connd_id=48
12-22 08:46:47.019 E/QC-QMI  (  492): qmi_qmux: TX failed, connection inactive or in reset, conn_id=48, status_flags=4
12-22 08:46:47.019 E/QC-QMI  (  492): qmi_ctl_tx_msg: qmi_qmux_tx_msg failed
12-22 08:46:47.019 E/QC-QMI  (  492): qmi_ctl_handle_request: qmi_ctl_tx_msg call failed
12-22 08:46:47.019 E/QC-QMI  (  492): qmi_qmux_open_connection: connection is disabled for conn_id=29
12-22 08:46:47.019 E/QC-QMI  (  492): qmi_qmux_tx_msg: failed to open inactive connd_id=29
12-22 08:46:47.019 E/QC-QMI  (  492): qmi_qmux: TX failed, connection inactive or in reset, conn_id=29, status_flags=4
12-22 08:46:47.019 E/QC-QMI  (  492): qmi_ctl_tx_msg: qmi_qmux_tx_msg failed
12-22 08:46:47.019 I/ThermalEngine(  497): ADSP thermal mitigation available.
12-22 08:46:47.019 E/QC-QMI  (  492): qmi_ctl_handle_request: qmi_ctl_tx_msg call failed
12-22 08:46:47.020 E/QC-QMI  (  492): qmi_qmux_open_connection: connection is disabled for conn_id=29
12-22 08:46:47.020 E/QC-QMI  (  492): qmi_qmux_tx_msg: failed to open inactive connd_id=29
12-22 08:46:47.020 E/QC-QMI  (  492): qmi_qmux: TX failed, connection inactive or in reset, conn_id=29, status_flags=4
12-22 08:46:47.020 E/QC-QMI  (  492): qmi_ctl_tx_msg: qmi_qmux_tx_msg failed
12-22 08:46:47.020 E/QC-QMI  (  492): qmi_ctl_handle_request: qmi_ctl_tx_msg call failed
12-22 08:46:47.021 I/ThermalEngine(  497): ACTION: ADSP - Pending request: cpuv_restriction_cold mitigation succeeded for level 0.
12-22 08:46:47.021 E/QC-QMI  (  485): qmi_client [485] d: failed to locate client data
12-22 08:46:47.021 I/ThermalEngine(  497): Mitigation:VDD[ADSP-cpuv_restriction_cold]:0
12-22 08:46:47.022 E/QC-QMI  (  492): qmuxd: RX on fd=17 returned error=0 errno[2:No such file or directory]
12-22 08:46:47.022 E/QC-QMI  (  492): QMUX qmux_client_id=d not found in qmux client list, unable to remove
12-22 08:46:47.024 E/QC-QMI  (  492): qmi_qmux_open_connection: connection is disabled for conn_id=48
12-22 08:46:47.024 E/QC-QMI  (  492): qmi_qmux_tx_msg: failed to open inactive connd_id=48
12-22 08:46:47.024 E/QC-QMI  (  492): qmi_qmux: TX failed, connection inactive or in reset, conn_id=48, status_flags=4
12-22 08:46:47.025 E/QC-QMI  (  492): qmi_ctl_tx_msg: qmi_qmux_tx_msg failed
12-22 08:46:47.025 E/QC-QMI  (  492): qmi_ctl_handle_request: qmi_ctl_tx_msg call failed
12-22 08:46:47.026 E/QC-QMI  (  492): qmi_qmux_open_connection: connection is disabled for conn_id=48
12-22 08:46:47.026 E/QC-QMI  (  492): qmi_qmux_tx_msg: failed to open inactive connd_id=48
12-22 08:46:47.026 E/QC-QMI  (  492): qmi_qmux: TX failed, connection inactive or in reset, conn_id=48, status_flags=4
12-22 08:46:47.026 E/QC-QMI  (  492): qmi_ctl_tx_msg: qmi_qmux_tx_msg failed
12-22 08:46:47.026 E/QC-QMI  (  492): qmi_ctl_handle_request: qmi_ctl_tx_msg call failed
12-22 08:46:47.027 E/QC-QMI  (  492): qmi_qmux_open_connection: connection is disabled for conn_id=57
12-22 08:46:47.027 E/QC-QMI  (  492): qmi_qmux_tx_msg: failed to open inactive connd_id=57
12-22 08:46:47.027 E/QC-QMI  (  492): qmi_qmux: TX failed, connection inactive or in reset, conn_id=57, status_flags=4
12-22 08:46:47.027 E/QC-QMI  (  492): qmi_ctl_tx_msg: qmi_qmux_tx_msg failed
12-22 08:46:47.027 E/QC-QMI  (  492): qmi_ctl_handle_request: qmi_ctl_tx_msg call failed
12-22 08:46:47.028 E/QC-QMI  (  492): qmi_qmux_open_connection: connection is disabled for conn_id=57
12-22 08:46:47.028 E/QC-QMI  (  492): qmi_qmux_tx_msg: failed to open inactive connd_id=57
12-22 08:46:47.028 E/QC-QMI  (  492): qmi_qmux: TX failed, connection inactive or in reset, conn_id=57, status_flags=4
12-22 08:46:47.028 E/QC-QMI  (  492): qmi_ctl_tx_msg: qmi_qmux_tx_msg failed
12-22 08:46:47.028 E/QC-QMI  (  492): qmi_ctl_handle_request: qmi_ctl_tx_msg call failed
12-22 08:46:47.028 E/QC-QMI  (  492): qmi_qmux_open_connection: connection is disabled for conn_id=29
12-22 08:46:47.028 E/QC-QMI  (  492): qmi_qmux_tx_msg: failed to open inactive connd_id=29
12-22 08:46:47.028 E/QC-QMI  (  492): qmi_qmux: TX failed, connection inactive or in reset, conn_id=29, status_flags=4
12-22 08:46:47.028 E/QC-QMI  (  492): qmi_ctl_tx_msg: qmi_qmux_tx_msg failed
12-22 08:46:47.029 E/QC-QMI  (  492): qmi_ctl_handle_request: qmi_ctl_tx_msg call failed
12-22 08:46:47.029 E/QC-QMI  (  492): qmi_qmux_open_connection: connection is disabled for conn_id=57
12-22 08:46:47.029 E/QC-QMI  (  492): qmi_qmux_tx_msg: failed to open inactive connd_id=57
12-22 08:46:47.029 E/QC-QMI  (  492): qmi_qmux: TX failed, connection inactive or in reset, conn_id=57, status_flags=4
12-22 08:46:47.029 E/QC-QMI  (  492): qmi_ctl_tx_msg: qmi_qmux_tx_msg failed
12-22 08:46:47.029 E/QC-QMI  (  492): qmi_ctl_handle_request: qmi_ctl_tx_msg call failed
12-22 08:46:47.029 E/QC-QMI  (  492): qmi_qmux_open_connection: connection is disabled for conn_id=29
12-22 08:46:47.029 E/QC-QMI  (  492): qmi_qmux_tx_msg: failed to open inactive connd_id=29
12-22 08:46:47.030 E/QC-QMI  (  492): qmi_qmux: TX failed, connection inactive or in reset, conn_id=29, status_flags=4
12-22 08:46:47.030 E/QC-QMI  (  492): qmi_ctl_tx_msg: qmi_qmux_tx_msg failed
12-22 08:46:47.030 E/QC-QMI  (  492): qmi_ctl_handle_request: qmi_ctl_tx_msg call failed
12-22 08:46:47.030 E/QC-QMI  (  492): qmi_qmux_open_connection: connection is disabled for conn_id=57
12-22 08:46:47.030 E/QC-QMI  (  492): qmi_qmux_tx_msg: failed to open inactive connd_id=57
12-22 08:46:47.030 E/QC-QMI  (  492): qmi_qmux: TX failed, connection inactive or in reset, conn_id=57, status_flags=4
12-22 08:46:47.030 E/QC-QMI  (  492): qmi_ctl_tx_msg: qmi_qmux_tx_msg failed
12-22 08:46:47.030 E/QC-QMI  (  492): qmi_ctl_handle_request: qmi_ctl_tx_msg call failed
12-22 08:46:47.030 E/QC-QMI  (  492): qmi_qmux_open_connection: connection is disabled for conn_id=48
12-22 08:46:47.031 E/QC-QMI  (  492): qmi_qmux_tx_msg: failed to open inactive connd_id=48
12-22 08:46:47.031 E/QC-QMI  (  492): qmi_qmux: TX failed, connection inactive or in reset, conn_id=48, status_flags=4
12-22 08:46:47.031 E/QC-QMI  (  492): qmi_ctl_tx_msg: qmi_qmux_tx_msg failed
12-22 08:46:47.031 E/QC-QMI  (  492): qmi_ctl_handle_request: qmi_ctl_tx_msg call failed
12-22 08:46:47.031 E/QC-QMI  (  492): qmi_qmux_open_connection: connection is disabled for conn_id=48
12-22 08:46:47.031 E/QC-QMI  (  492): qmi_qmux_tx_msg: failed to open inactive connd_id=48
12-22 08:46:47.031 E/QC-QMI  (  492): qmi_qmux: TX failed, connection inactive or in reset, conn_id=48, status_flags=4
12-22 08:46:47.031 E/QC-QMI  (  492): qmi_ctl_tx_msg: qmi_qmux_tx_msg failed
12-22 08:46:47.031 E/QC-QMI  (  492): qmi_ctl_handle_request: qmi_ctl_tx_msg call failed
