--------- beginning of main
03-03 07:01:51.590 W/auditd  (  335): type=2000 audit(0.0:1): initialized
--------- beginning of system
03-03 07:01:54.521 I/vold    (  338): Vold 3.0 (the awakening) firing up
03-03 07:01:54.521 V/vold    (  338): Detected support for: ext4 vfat
03-03 07:01:54.778 I/rmt_storage(  369): Shared memory initialised successfully.
03-03 07:01:54.781 D/QSEECOMD: (  371): qseecom listener services process entry PPID = 1
03-03 07:01:54.781 E/QSEECOMD: (  371): Listener: index = 0, hierarchy = 0
03-03 07:01:54.784 I/rmt_storage(  369): No EBR found
03-03 07:01:54.784 I/rmt_storage(  369): Error (-1) parsing MBR partitions
03-03 07:01:54.784 I/rmt_storage(  369): Registering modemst1: 0x4a /boot/modem_fs1
03-03 07:01:54.784 I/rmt_storage(  369): Registering modemst2: 0x4b /boot/modem_fs2
03-03 07:01:54.784 I/rmt_storage(  369): Registering fsc: 0xff /boot/modem_fsc
03-03 07:01:54.784 I/rmt_storage(  369): Registering fsg: 0x58 /boot/modem_fsg
03-03 07:01:54.785 I/rmt_storage(  369): 4 GPT partitions found
03-03 07:01:54.785 I/rmt_storage(  369): Capset success!
03-03 07:01:54.787 I/lowmemorykiller(  366): Using in-kernel low memory killer interface
03-03 07:01:54.788 D/QSEECOMD: (  371): Init dlopen(librpmb.so, RTLD_NOW) succeeds
03-03 07:01:54.788 D/QSEECOMD: (  371): Init::Init dlsym(g_FSHandle rpmb_init_service) succeeds
03-03 07:01:54.788 I/rpmb_emmc(  371): RPMB Mult = 16384, Rel_sec_cnt = 1
03-03 07:01:54.788 E/DrmLibRpmb(  371): rpmb_init succeeded! with ret = 0
03-03 07:01:54.788 D/QSEECOMD: (  371): Init rpmb_init_service ret = 0
03-03 07:01:54.788 D/QSEECOMD: (  371): RPMB system services: init (Listener ID = 8192)
03-03 07:01:54.788 E/QSEECOMD: (  371): Listener: index = 1, hierarchy = 0
03-03 07:01:54.808 I/MSM-irqbalance(  372): msm-irq_balance (1.3) initialized
03-03 07:01:54.808 I/MSM-irqbalance(  372): Configuration
03-03 07:01:54.808 I/MSM-irqbalance(  372): Rate: 0.2 Hz
03-03 07:01:54.808 I/MSM-irqbalance(  372): Decay Factor: 75.0
03-03 07:01:54.808 I/MSM-irqbalance(  372): Balancing Factor: 0.1
03-03 07:01:54.808 I/MSM-irqbalance(  372): Debug Log: OFF
03-03 07:01:54.809 I/MSM-irqbalance(  372): Cfg file: /vendor/etc/msm_irqbalance.conf
03-03 07:01:54.809 I/MSM-irqbalance(  372): CPU PRIO: CPU0: 1 CPU1: 1 CPU2: 1 CPU3: 1 CPU4: 0 CPU5: 0 
03-03 07:01:54.809 I/MSM-irqbalance(  372): Ignored IRQs: 20 40 200 203 155 157 
03-03 07:01:54.811 D/QSEECOMD: (  371): Init dlopen(libssd.so, RTLD_NOW) succeeds
03-03 07:01:54.811 D/QSEECOMD: (  371): Init::Init dlsym(g_FSHandle ssd_init_service) succeeds
03-03 07:01:54.811 E/SSD     (  371): ssd_init_service succeeded!
03-03 07:01:54.811 D/QSEECOMD: (  371): Init ssd_init_service ret = 0
03-03 07:01:54.811 D/QSEECOMD: (  371): SSD system services: init (Listener ID = 12288)
03-03 07:01:54.811 E/QSEECOMD: (  371): Listener: index = 2, hierarchy = 0
03-03 07:01:54.812 E/QSEECOMD: (  371): Init dlopen(libsecureui.so, RLTD_NOW) is failed....
03-03 07:01:54.812 D/QSEECOMD: (  371): SEC_UI_INIT failed, shall not start secure ui listener
03-03 07:01:54.812 E/QSEECOMD: (  371): Listener: index = 5, hierarchy = 0
03-03 07:01:54.812 E/QSEECOMD: (  371): Init dlopen(libmdtp.so, RLTD_NOW) is failed....
03-03 07:01:54.812 D/QSEECOMD: (  371): ERROR: MDTP_INIT failed, shall not start MDTP listener
03-03 07:01:54.812 D/QSEECOMD: (  371): Parent qseecom daemon process paused!! 
03-03 07:01:54.812 D/QSEECOMD: (  383): qseecom listener service threads starting!!! 
03-03 07:01:54.812 D/QSEECOMD: (  383): Total listener services to start = 7
03-03 07:01:54.812 E/QSEECOMD: (  383): Listener: index = 0, hierarchy = 1
03-03 07:01:54.812 D/QSEECOMD: (  383): Init dlopen(librpmb.so, RTLD_NOW) succeeds
03-03 07:01:54.812 D/QSEECOMD: (  383): Init::Init dlsym(g_FSHandle rpmb_start) succeeds
03-03 07:01:54.812 D/QSEECOMAPI: (  383): QSEECom_register_listener 8192 sb_length = 0x5000
03-03 07:01:54.813 D/QSEECOMD: (  383): Init rpmb_start ret = 0
03-03 07:01:54.813 D/QSEECOMD: (  383): RPMB system services: Started (Listener ID = 8192)
03-03 07:01:54.813 E/QSEECOMD: (  383): Listener: index = 1, hierarchy = 1
03-03 07:01:54.813 D/QSEECOMD: (  383): Init dlopen(libssd.so, RTLD_NOW) succeeds
03-03 07:01:54.813 D/QSEECOMD: (  383): Init::Init dlsym(g_FSHandle ssd_start) succeeds
03-03 07:01:54.814 D/QSEECOMAPI: (  383): QSEECom_register_listener 12288 sb_length = 0x5000
03-03 07:01:54.814 D/QSEECOMD: (  383): Init ssd_start ret = 0
03-03 07:01:54.814 D/QSEECOMD: (  383): SSD system services: Started (Listener ID = 12288)
03-03 07:01:54.814 E/QSEECOMD: (  383): Listener: index = 2, hierarchy = 1
03-03 07:01:54.814 E/QSEECOMD: (  383): Init dlopen(libsecureui.so, RLTD_NOW) is failed....
03-03 07:01:54.814 E/QSEECOMD: (  383): Listener: index = 3, hierarchy = 1
03-03 07:01:54.819 D/QSEECOMD: (  383): Init dlopen(libdrmtime.so, RTLD_NOW) succeeds
03-03 07:01:54.819 D/QSEECOMD: (  383): Init::Init dlsym(g_FSHandle atime_start) succeeds
03-03 07:01:54.819 D/DrmLibTime(  383): QSEE Time Listener: atime_start
03-03 07:01:54.819 D/QSEECOMAPI: (  383): QSEECom_register_listener 11 sb_length = 0x5000
03-03 07:01:54.832 I/libmdmdetect(  370): ESOC framework not supported
03-03 07:01:54.832 D/DrmLibTime(  383): registering fs service to QSEECom is done!
03-03 07:01:54.832 D/DrmLibTime(  383): begin to create a thread!
03-03 07:01:54.832 D/DrmLibTime(  383): Creating a pthread in atime_start is done! return 0
03-03 07:01:54.832 D/QSEECOMD: (  383): Init atime_start ret = 0
03-03 07:01:54.832 D/DrmLibTime(  383): QSEE Time Listener: dispatch
03-03 07:01:54.832 D/QSEECOMD: (  383): time services: Started (Listener ID = 11)
03-03 07:01:54.832 E/QSEECOMD: (  383): Listener: index = 4, hierarchy = 1
03-03 07:01:54.832 D/DrmLibTime(  383): before calling ioctl to read the next time_cmd
03-03 07:01:54.832 D/QSEECOMD: (  383): Init dlopen(libdrmfs.so, RTLD_NOW) succeeds
03-03 07:01:54.832 I/libmdmdetect(  370): Found internal modem: modem
03-03 07:01:54.832 D/QSEECOMD: (  383): Init::Init dlsym(g_FSHandle fs_start) succeeds
03-03 07:01:54.832 D/QSEECOMAPI: (  383): QSEECom_register_listener 10 sb_length = 0x5000
03-03 07:01:54.833 D/QSEECOMD: (  383): Init fs_start ret = 0
03-03 07:01:54.833 D/QSEECOMD: (  383): file system services: Started (Listener ID = 10)
03-03 07:01:54.833 E/QSEECOMD: (  383): Listener: index = 5, hierarchy = 1
03-03 07:01:54.834 E/QSEECOMD: (  383): Init dlopen(libmdtp.so, RLTD_NOW) is failed....
03-03 07:01:54.834 E/QSEECOMD: (  383): Listener: index = 6, hierarchy = 1
03-03 07:01:54.834 D/QSEECOMD: (  383): Init dlopen(libdrmfs.so, RTLD_NOW) succeeds
03-03 07:01:54.834 D/QSEECOMD: (  383): Init::Init dlsym(g_FSHandle gpfs_start) succeeds
03-03 07:01:54.834 D/QSEECOMAPI: (  383): QSEECom_register_listener 28672 sb_length = 0x7e000
03-03 07:01:54.834 I/PerMgrSrv(  370): Peripheral Mananager service start
03-03 07:01:54.834 I/PerMgrSrv(  370): power-off timeout 500,ms; event-ack timeout 200,ms; debug-mode false
03-03 07:01:54.834 I/PerMgrSrv(  370): Statistics for : modem
03-03 07:01:54.834 I/PerMgrSrv(  370): modem: Current State : is off-line
03-03 07:01:54.835 I/PerMgrSrv(  370): modem: Voter/Listener count : 0/0
03-03 07:01:54.835 I/PerMgrSrv(  370): modem: Power on count : 0
03-03 07:01:54.835 I/PerMgrSrv(  370): modem: Power off count: 0
03-03 07:01:54.835 I/PerMgrSrv(  370): modem: Client list:
03-03 07:01:54.836 I/PerMgrSrv(  370): QMI service start
03-03 07:01:54.838 D/QSEECOMD: (  383): Init gpfs_start ret = 0
03-03 07:01:54.838 D/QSEECOMD: (  383): gpfile system services: Started (Listener ID = 28672)
03-03 07:01:54.839 D/QSEECOMAPI: (  383): QSEECom_get_handle sb_length = 0x400
03-03 07:01:54.839 D/QSEECOMAPI: (  383): App is not loaded in QSEE
03-03 07:01:54.851 E/QSEECOMAPI: (  383): Error::Cannot open the file /firmware/image/keymaste.mdt
03-03 07:01:54.851 E/QSEECOMAPI: (  383): Error::Loading image failed with ret = -1
03-03 07:01:54.851 E/QSEECOMD: (  383): Loading keymaster app failed
03-03 07:01:54.851 D/QSEECOMD: (  383): QSEECOM DAEMON RUNNING 
03-03 07:01:54.891 I/SurfaceFlinger(  368): SurfaceFlinger is starting
03-03 07:01:54.892 I/SurfaceFlinger(  368): SurfaceFlinger's main thread ready to run. Initializing graphics H/W...
03-03 07:01:54.901 D/libEGL  (  368): loaded /vendor/lib64/egl/libEGL_adreno.so
03-03 07:01:54.951 D/VoldCryptCmdListener(  338): cryptfs mountdefaultencrypted
03-03 07:01:54.951 I/Ext4Crypt(  338): ext4 crypto complete called on /data
03-03 07:01:54.951 I/Ext4Crypt(  338): No master key, so not ext4enc
03-03 07:01:54.953 I/Cryptfs (  338): cryptfs_check_passwd
03-03 07:01:54.953 I/Ext4Crypt(  338): ext4 crypto complete called on /data
03-03 07:01:54.953 I/Ext4Crypt(  338): No master key, so not ext4enc
03-03 07:01:54.954 D/Cryptfs (  338): crypt_ftr->fs_size = 22994908
03-03 07:01:54.954 I/Cryptfs (  338): Using scrypt with keymaster for cryptfs KDF
03-03 07:01:54.965 E/PerMgrProxy(  405): Starting pm-proxy service
03-03 07:01:54.965 I/libmdmdetect(  405): ESOC framework not supported
03-03 07:01:54.966 I/libmdmdetect(  405): Found internal modem: modem
03-03 07:01:54.966 I/PerMgrProxy(  405): Found internal modem
03-03 07:01:54.967 D/PerMgrSrv(  370): modem state: is off-line, add client PM-PROXY-THREAD
03-03 07:01:54.967 D/PerMgrSrv(  370): PM-PROXY-THREAD registered
03-03 07:01:54.967 D/PerMgrLib(  405): PM-PROXY-THREAD successfully registered for modem
03-03 07:01:54.967 I/PerMgrProxy(  405): pm-proxy-thread Voting for internal modem
03-03 07:01:54.967 D/PerMgrLib(  405): PM-PROXY-THREAD voting for modem
03-03 07:01:54.967 D/PerMgrSrv(  370): PM-PROXY-THREAD voting for modem
03-03 07:01:54.967 D/PerMgrSrv(  370): modem new state: going on-line
03-03 07:01:54.967 D/PerMgrSrv(  370): modem num voters is 1
03-03 07:01:55.058 D/libEGL  (  368): loaded /vendor/lib64/egl/libGLESv1_CM_adreno.so
03-03 07:01:55.069 D/libEGL  (  368): loaded /vendor/lib64/egl/libGLESv2_adreno.so
03-03 07:01:55.085 D/vold    (  338): Disk at 253:0 changed
03-03 07:01:55.092 I/Adreno  (  368): QUALCOMM build                   : 63c06b2, I8366cd0437
03-03 07:01:55.092 I/Adreno  (  368): Build Date                       : 10/21/15
03-03 07:01:55.092 I/Adreno  (  368): OpenGL ES Shader Compiler Version: XE031.05.13.02
03-03 07:01:55.092 I/Adreno  (  368): Local Branch                     : 
03-03 07:01:55.092 I/Adreno  (  368): Remote Branch                    : quic/LA.BF64.1.2.9_v2
03-03 07:01:55.092 I/Adreno  (  368): Remote Branch                    : NONE
03-03 07:01:55.092 I/Adreno  (  368): Reconstruct Branch               : NOTHING
03-03 07:01:55.259 I/qdutils (  368): PartialUpdate status: Enabled
03-03 07:01:55.259 I/qdutils (  368): Left Align: 0
03-03 07:01:55.259 I/qdutils (  368): Width Align: 0
03-03 07:01:55.259 I/qdutils (  368): Top Align: 16
03-03 07:01:55.260 I/qdutils (  368): Height Align: 16
03-03 07:01:55.260 I/qdutils (  368): Min ROI Width: 1080
03-03 07:01:55.260 I/qdutils (  368): Min ROI Height: 0
03-03 07:01:55.260 I/qdutils (  368): Needs ROI Merge: 0
03-03 07:01:55.260 I/qdutils (  368): Dynamic Fps: Disabled
03-03 07:01:55.260 I/qdutils (  368): Min Panel fps: 0
03-03 07:01:55.260 I/qdutils (  368): Max Panel fps: 0
03-03 07:01:55.260 D/qdutils (  368): int qdutils::getHDMINode(): fb node 2 not present
03-03 07:01:55.260 I/qdutils (  368): int qdutils::getHDMINode(): No HDMI node on this device
03-03 07:01:55.263 W/qdhwcomposer(  368): Unable to load libmm-qdcm
03-03 07:01:55.263 I/qdhwcomposer(  368): Initializing Qualcomm Hardware Composer
03-03 07:01:55.263 I/qdhwcomposer(  368): MDP version: 500
03-03 07:01:55.264 I/SurfaceFlinger(  368): Using composer version 1.5
03-03 07:01:55.264 I/qdhwcomposer(  368): hwc_registerProcs
03-03 07:01:55.264 I/qdhwcomposer(  368): Initializing UEVENT Thread
03-03 07:01:55.264 I/qdhwcomposer(  368): Initializing VSYNC Thread
03-03 07:01:55.264 D/qdhwcomposer(  368): hwc_getDisplayAttributes disp = 0, width = 1080
03-03 07:01:55.264 D/qdhwcomposer(  368): hwc_getDisplayAttributes disp = 0, height = 1920
03-03 07:01:55.264 I/qdhwcomposer(  368): vsync_loop: Reading event 0 for dpy 0 from /sys/class/graphics/fb0/vsync_event
03-03 07:01:55.264 E/qdhwcomposer(  368): hwc_getDisplayConfigs display (1) is inactive
03-03 07:01:55.264 I/qdhwcomposer(  368): vsync_loop: Reading event 1 for dpy 0 from /sys/class/graphics/fb0/show_blank_event
03-03 07:01:55.264 I/qdhwcomposer(  368): vsync_loop: Reading event 2 for dpy 0 from /sys/class/graphics/fb0/msm_fb_thermal_level
03-03 07:01:55.264 I/qdhwcomposer(  368): vsync_loop: Reading event 0 for dpy 1 from /sys/class/graphics/fb-1/vsync_event
03-03 07:01:55.264 I/qdhwcomposer(  368): vsync_loop: Reading event 1 for dpy 1 from /sys/class/graphics/fb-1/show_blank_event
03-03 07:01:55.264 I/qdhwcomposer(  368): vsync_loop: Reading event 2 for dpy 1 from /sys/class/graphics/fb-1/msm_fb_thermal_level
03-03 07:01:55.265 I/SurfaceFlinger(  368): EGL information:
03-03 07:01:55.265 I/SurfaceFlinger(  368): vendor    : Android
03-03 07:01:55.265 I/SurfaceFlinger(  368): version   : 1.4 Android META-EGL
03-03 07:01:55.265 I/SurfaceFlinger(  368): extensions: EGL_KHR_get_all_proc_addresses EGL_ANDROID_presentation_time EGL_KHR_swap_buffers_with_damage EGL_KHR_image EGL_KHR_image_base EGL_KHR_lock_surface EGL_KHR_gl_texture_2D_image EGL_KHR_gl_texture_3D_image EGL_KHR_gl_texture_cubemap_image EGL_KHR_gl_renderbuffer_image EGL_KHR_reusable_sync EGL_KHR_fence_sync EGL_KHR_create_context EGL_KHR_surfaceless_context EGL_EXT_create_context_robustness EGL_ANDROID_image_native_buffer EGL_KHR_wait_sync EGL_ANDROID_recordable EGL_KHR_partial_update EGL_KHR_create_context_no_error 
03-03 07:01:55.266 I/SurfaceFlinger(  368): Client API: OpenGL_ES
03-03 07:01:55.266 I/SurfaceFlinger(  368): EGLSurface: 8-8-8-8, config=0x7f7e051900
03-03 07:01:55.270 I/SurfaceFlinger(  368): OpenGL ES informations:
03-03 07:01:55.270 I/SurfaceFlinger(  368): vendor    : Qualcomm
03-03 07:01:55.270 I/SurfaceFlinger(  368): renderer  : Adreno (TM) 418
03-03 07:01:55.270 I/SurfaceFlinger(  368): version   : OpenGL ES 3.1 V@127.0 (GIT@I8366cd0437)
03-03 07:01:55.270 I/SurfaceFlinger(  368): extensions: GL_OES_EGL_image GL_OES_EGL_image_external GL_OES_EGL_sync GL_OES_vertex_half_float GL_OES_framebuffer_object GL_OES_rgb8_rgba8 GL_OES_compressed_ETC1_RGB8_texture GL_AMD_compressed_ATC_texture GL_KHR_texture_compression_astc_ldr GL_OES_texture_npot GL_EXT_texture_filter_anisotropic GL_EXT_texture_format_BGRA8888 GL_OES_texture_3D GL_EXT_color_buffer_float GL_EXT_color_buffer_half_float GL_QCOM_alpha_test GL_OES_depth24 GL_OES_packed_depth_stencil GL_OES_depth_texture GL_OES_depth_texture_cube_map GL_EXT_sRGB GL_OES_texture_float GL_OES_texture_float_linear GL_OES_texture_half_float GL_OES_texture_half_float_linear GL_EXT_texture_type_2_10_10_10_REV GL_EXT_texture_sRGB_decode GL_OES_element_index_uint GL_EXT_copy_image GL_EXT_geometry_shader GL_EXT_tessellation_shader GL_OES_texture_stencil8 GL_EXT_shader_io_blocks GL_OES_shader_image_atomic GL_OES_sample_variables GL_EXT_texture_border_clamp GL_EXT_multisampled_render_to_texture GL_OES_shader_multisample_interpolation GL_EXT_texture_cube_map_arr
03-03 07:01:55.271 I/SurfaceFlinger(  368): GL_MAX_TEXTURE_SIZE = 16384
03-03 07:01:55.271 I/SurfaceFlinger(  368): GL_MAX_VIEWPORT_DIMS = 16384
03-03 07:01:55.272 D/SurfaceFlinger(  368): Set power mode=2, type=0 flinger=0x7f7e043c00
03-03 07:01:55.272 D/qdhwcomposer(  368): hwc_setPowerMode: Setting mode 2 on display: 0
03-03 07:01:55.273 D/qdhwcomposer(  368): hwc_setPowerMode: Done setting mode 2 on display 0
03-03 07:01:55.273 I/qdhwcomposer(  368): handle_blank_event: dpy:0 panel power state: 1
03-03 07:01:55.377 D/vold    (  338): Disk at 253:0 changed
03-03 07:01:55.408 D/libEGL  (  429): loaded /vendor/lib64/egl/libEGL_adreno.so
03-03 07:01:55.448 D/libEGL  (  429): loaded /vendor/lib64/egl/libGLESv1_CM_adreno.so
03-03 07:01:55.456 D/libEGL  (  429): loaded /vendor/lib64/egl/libGLESv2_adreno.so
03-03 07:01:55.465 I/Adreno  (  429): QUALCOMM build                   : 63c06b2, I8366cd0437
03-03 07:01:55.465 I/Adreno  (  429): Build Date                       : 10/21/15
03-03 07:01:55.465 I/Adreno  (  429): OpenGL ES Shader Compiler Version: XE031.05.13.02
03-03 07:01:55.465 I/Adreno  (  429): Local Branch                     : 
03-03 07:01:55.465 I/Adreno  (  429): Remote Branch                    : quic/LA.BF64.1.2.9_v2
03-03 07:01:55.465 I/Adreno  (  429): Remote Branch                    : NONE
03-03 07:01:55.465 I/Adreno  (  429): Reconstruct Branch               : NOTHING
03-03 07:01:55.483 E/BootAnimation(  429): couldn't find audio_conf.txt
03-03 07:01:55.522 I/Cryptfs (  338): keymaster module name is Keymaster QTI HAL
03-03 07:01:55.522 I/Cryptfs (  338): keymaster version is 256
03-03 07:01:55.522 I/Cryptfs (  338): Found keymaster1 module, using keymaster1 API.
03-03 07:01:55.523 D/QSEECOMAPI: (  338): QSEECom_get_handle sb_length = 0xa000
03-03 07:01:55.523 D/QSEECOMAPI: (  338): App is already loaded QSEE and app id = 3
03-03 07:01:55.525 E/keymaster1_device(  338): TA API Major Verion: 1
03-03 07:01:55.525 E/keymaster1_device(  338): TA API Minor Verion: 0
03-03 07:01:55.525 E/keymaster1_device(  338): TA Major Verion: 1
03-03 07:01:55.526 E/keymaster1_device(  338): TA Minor Verion: 5
03-03 07:01:55.526 I/Cryptfs (  338): Signing safely-padded object
03-03 07:01:55.565 D/DrmLibTime(  383): got the req here! ret=0
03-03 07:01:55.565 D/DrmLibTime(  383): command id, time_cmd_id = 770
03-03 07:01:55.565 D/DrmLibTime(  383): time_getutcsec starts!
03-03 07:01:55.565 D/DrmLibTime(  383): QSEE Time Listener: time_getutcsec
03-03 07:01:55.565 D/DrmLibTime(  383): QSEE Time Listener: get_utc_seconds
03-03 07:01:55.566 D/DrmLibTime(  383): QSEE Time Listener: time_get_modem_time
03-03 07:01:55.566 D/DrmLibTime(  383): QSEE Time Listener: Checking if ATS_MODEM is set or not.
03-03 07:01:55.566 D/QC-time-services(  383): Lib:time_genoff_operation: pargs->base = 13
03-03 07:01:55.566 D/QC-time-services(  383): Lib:time_genoff_operation: pargs->operation = 2
03-03 07:01:55.566 D/QC-time-services(  383): Lib:time_genoff_operation: pargs->ts_val = 0
03-03 07:01:55.566 E/QC-time-services(  383): Lib:time_genoff_operation: Connection failed !!
03-03 07:01:55.566 D/DrmLibTime(  383): QSEE Time Listener: ATS_MODEM is not set. Fallback to Android system time.
03-03 07:01:55.566 D/DrmLibTime(  383): QSEE Time Listener: Retrieved Android system time: 5292115
03-03 07:01:55.566 D/DrmLibTime(  383): time_getutcsec returns 0, sec = 5292115; nsec = 0
03-03 07:01:55.566 D/DrmLibTime(  383): time_getutcsec finished! 
03-03 07:01:55.566 D/DrmLibTime(  383): iotcl_continue_command finished! and return 0 
03-03 07:01:55.566 D/DrmLibTime(  383): before calling ioctl to read the next time_cmd
03-03 07:01:55.621 E/keymaster1_device(  338): HwKmClose
03-03 07:01:55.622 D/QSEECOMAPI: (  338): QSEECom_dealloc_memory 
03-03 07:01:55.623 D/QSEECOMAPI: (  338): QSEECom_shutdown_app, app_id = 3
03-03 07:01:56.066 D/SurfaceFlinger(  368): shader cache generated - 24 shaders in 390.734955 ms
03-03 07:01:56.080 D/qdutils (  368): DEBUG_CALC_FPS: 0
03-03 07:01:56.080 D/qdutils (  368): period: 10
03-03 07:01:56.080 D/qdutils (  368): ignorethresh_us: 500000
03-03 07:01:56.127 I/Cryptfs (  338): Enabling support for allow_discards in dmcrypt.
03-03 07:01:56.128 D/vold    (  338): Disk at 253:2 changed
03-03 07:01:56.622 I/Cryptfs (  338): Password matches
03-03 07:01:56.622 D/Cryptfs (  338): test_mount_encrypted_fs(): Master key saved
03-03 07:01:56.622 I/Cryptfs (  338): keymaster module name is Keymaster QTI HAL
03-03 07:01:56.622 I/Cryptfs (  338): keymaster version is 256
03-03 07:01:56.622 I/Cryptfs (  338): Found keymaster1 module, using keymaster1 API.
03-03 07:01:56.623 D/QSEECOMAPI: (  338): QSEECom_get_handle sb_length = 0xa000
03-03 07:01:56.623 D/QSEECOMAPI: (  338): App is already loaded QSEE and app id = 3
03-03 07:01:56.624 E/keymaster1_device(  338): TA API Major Verion: 1
03-03 07:01:56.624 E/keymaster1_device(  338): TA API Minor Verion: 0
03-03 07:01:56.624 E/keymaster1_device(  338): TA Major Verion: 1
03-03 07:01:56.624 E/keymaster1_device(  338): TA Minor Verion: 5
03-03 07:01:56.624 E/keymaster1_device(  338): HwKmClose
03-03 07:01:56.624 D/QSEECOMAPI: (  338): QSEECom_dealloc_memory 
03-03 07:01:56.624 D/QSEECOMAPI: (  338): QSEECom_shutdown_app, app_id = 3
03-03 07:01:56.624 D/Cryptfs (  338): Password is default - restarting filesystem
03-03 07:01:56.624 D/Cryptfs (  338): unmounting /data succeeded
03-03 07:01:56.633 D/PerMgrSrv(  370): modem new state: is on-line
03-03 07:01:56.704 I/rmt_storage(  369): rmt_storage_connect_cb: clnt_h=0x1 conn_h=0x7fb477a000
03-03 07:01:56.705 I/rmt_storage(  369): rmt_storage_open_cb: /boot/modem_fs1: clnt_h=0x1: req_h=0x1 msg_id=1: Client found
03-03 07:01:56.705 I/rmt_storage(  369): rmt_storage_client_thread: /boot/modem_fs1: clnt_h=0x1 Worker thread started
03-03 07:01:56.705 I/rmt_storage(  369): rmt_storage_open_cb: /boot/modem_fs1: clnt_h=0x1: req_h=0x1 msg_id=1: Send response: res=0 err=0
03-03 07:01:56.705 I/rmt_storage(  369): wake lock name: rmt_storage_548484936768, name creation success: 24
03-03 07:01:56.705 I/rmt_storage(  369): rmt_storage_connect_cb: clnt_h=0x2 conn_h=0x7fb477a010
03-03 07:01:56.705 I/rmt_storage(  369): rmt_storage_open_cb: /boot/modem_fs2: clnt_h=0x2: req_h=0x2 msg_id=1: Client found
03-03 07:01:56.705 I/rmt_storage(  369): rmt_storage_client_thread: /boot/modem_fs2: clnt_h=0x2 Worker thread started
03-03 07:01:56.705 I/rmt_storage(  369): rmt_storage_open_cb: /boot/modem_fs2: clnt_h=0x2: req_h=0x2 msg_id=1: Send response: res=0 err=0
03-03 07:01:56.705 I/rmt_storage(  369): wake lock name: rmt_storage_548483892288, name creation success: 24
03-03 07:01:56.705 I/rmt_storage(  369): rmt_storage_disconnect_cb: clnt_h=0x1 conn_h=0x7fb477a000
03-03 07:01:56.706 I/rmt_storage(  369): rmt_storage_disconnect_cb: clnt_h=0x2 conn_h=0x7fb477a010
03-03 07:01:56.706 I/rmt_storage(  369): rmt_storage_connect_cb: clnt_h=0x3 conn_h=0x7fb477a010
03-03 07:01:56.706 I/rmt_storage(  369): rmt_storage_open_cb: /boot/modem_fsg: clnt_h=0x3: req_h=0x3 msg_id=1: Client found
03-03 07:01:56.706 I/rmt_storage(  369): rmt_storage_client_thread: /boot/modem_fsg: clnt_h=0x3 Worker thread started
03-03 07:01:56.706 I/rmt_storage(  369): rmt_storage_open_cb: /boot/modem_fsg: clnt_h=0x3: req_h=0x3 msg_id=1: Send response: res=0 err=0
03-03 07:01:56.706 I/rmt_storage(  369): wake lock name: rmt_storage_548482847808, name creation success: 24
03-03 07:01:56.706 I/rmt_storage(  369): rmt_storage_disconnect_cb: clnt_h=0x3 conn_h=0x7fb477a010
03-03 07:01:56.706 I/rmt_storage(  369): rmt_storage_connect_cb: clnt_h=0x4 conn_h=0x7fb477a010
03-03 07:01:56.706 I/rmt_storage(  369): rmt_storage_open_cb: /boot/modem_fsc: clnt_h=0x4: req_h=0x4 msg_id=1: Client found
03-03 07:01:56.706 I/rmt_storage(  369): rmt_storage_client_thread: /boot/modem_fsc: clnt_h=0x4 Worker thread started
03-03 07:01:56.706 I/rmt_storage(  369): rmt_storage_open_cb: /boot/modem_fsc: clnt_h=0x4: req_h=0x4 msg_id=1: Send response: res=0 err=0
03-03 07:01:56.706 I/rmt_storage(  369): wake lock name: rmt_storage_548481803328, name creation success: 24
03-03 07:01:56.707 I/rmt_storage(  369): rmt_storage_disconnect_cb: clnt_h=0x4 conn_h=0x7fb477a010
03-03 07:01:56.707 I/rmt_storage(  369): rmt_storage_connect_cb: clnt_h=0x5 conn_h=0x7fb477a010
03-03 07:01:56.707 I/rmt_storage(  369): rmt_storage_alloc_buff_cb: /boot/modem_fs1: clnt_h=0x1: req_h=0x5 msg_id=4: Alloc request received: Size: 0
03-03 07:01:56.707 I/rmt_storage(  369): rmt_storage_alloc_buff_cb: /boot/modem_fs1: clnt_h=0x1: req_h=0x5 msg_id=4: New client making a dummy request with buffer req size 0
03-03 07:01:56.707 I/rmt_storage(  369): rmt_storage_alloc_buff_cb: /boot/modem_fs1: clnt_h=0x1: req_h=0x5 msg_id=4: Send response: res=0 err=0
03-03 07:01:56.707 I/rmt_storage(  369): rmt_storage_disconnect_cb: clnt_h=0x5 conn_h=0x7fb477a010
03-03 07:01:56.708 I/rmt_storage(  369): rmt_storage_connect_cb: clnt_h=0x6 conn_h=0x7fb477a010
03-03 07:01:56.708 I/rmt_storage(  369): rmt_storage_rw_iovec_cb: /boot/modem_fs1: clnt_h=0x1: req_h=0x6 msg_id=3: R/W request received
03-03 07:01:56.708 I/rmt_storage(  369): wakelock acquired: 1, error no: 42
03-03 07:01:56.708 I/rmt_storage(  369): rmt_storage_client_thread: /boot/modem_fs1: clnt_h=0x1 Unblock worker thread (th_id: 548484936768)
03-03 07:01:56.708 I/rmt_storage(  369): rmt_storage_client_thread: /boot/modem_fs1: clnt_h=0x1: req_h=0x6 msg_id=3: Bytes read = 512
03-03 07:01:56.709 I/rmt_storage(  369): rmt_storage_client_thread: /boot/modem_fs1: clnt_h=0x1: req_h=0x6 msg_id=3: Send response: res=0 err=0
03-03 07:01:56.709 I/rmt_storage(  369): rmt_storage_client_thread: /boot/modem_fs1: clnt_h=0x1 About to block rmt_storage client thread (th_id: 548484936768) wakelock released: 1, error no: 0
03-03 07:01:56.709 I/rmt_storage(  369): 
03-03 07:01:56.709 I/rmt_storage(  369): rmt_storage_disconnect_cb: clnt_h=0x6 conn_h=0x7fb477a010
03-03 07:01:56.709 I/rmt_storage(  369): rmt_storage_connect_cb: clnt_h=0x7 conn_h=0x7fb477a010
03-03 07:01:56.709 I/rmt_storage(  369): rmt_storage_rw_iovec_cb: /boot/modem_fs2: clnt_h=0x7: req_h=0x7 msg_id=3: R/W request received
03-03 07:01:56.709 I/rmt_storage(  369): wakelock acquired: 1, error no: 42
03-03 07:01:56.709 I/rmt_storage(  369): rmt_storage_client_thread: /boot/modem_fs2: clnt_h=0x7 Unblock worker thread (th_id: 548483892288)
03-03 07:01:56.710 I/rmt_storage(  369): rmt_storage_client_thread: /boot/modem_fs2: clnt_h=0x7: req_h=0x7 msg_id=3: Bytes read = 512
03-03 07:01:56.710 I/rmt_storage(  369): rmt_storage_client_thread: /boot/modem_fs2: clnt_h=0x7: req_h=0x7 msg_id=3: Send response: res=0 err=0
03-03 07:01:56.710 I/rmt_storage(  369): rmt_storage_client_thread: /boot/modem_fs2: clnt_h=0x7 About to block rmt_storage client thread (th_id: 548483892288) wakelock released: 1, error no: 0
03-03 07:01:56.710 I/rmt_storage(  369): 
03-03 07:01:56.710 I/rmt_storage(  369): rmt_storage_disconnect_cb: clnt_h=0x7 conn_h=0x7fb477a010
03-03 07:01:56.711 I/rmt_storage(  369): rmt_storage_connect_cb: clnt_h=0x8 conn_h=0x7fb477a010
03-03 07:01:56.711 I/rmt_storage(  369): rmt_storage_rw_iovec_cb: /boot/modem_fs1: clnt_h=0x1: req_h=0x8 msg_id=3: R/W request received
03-03 07:01:56.711 I/rmt_storage(  369): wakelock acquired: 1, error no: 42
03-03 07:01:56.711 I/rmt_storage(  369): rmt_storage_client_thread: /boot/modem_fs1: clnt_h=0x1 Unblock worker thread (th_id: 548484936768)
03-03 07:01:56.720 I/rmt_storage(  369): rmt_storage_client_thread: /boot/modem_fs1: clnt_h=0x1: req_h=0x8 msg_id=3: Bytes read = 1571840
03-03 07:01:56.720 I/rmt_storage(  369): rmt_storage_client_thread: /boot/modem_fs1: clnt_h=0x1: req_h=0x8 msg_id=3: Send response: res=0 err=0
03-03 07:01:56.720 I/rmt_storage(  369): rmt_storage_client_thread: /boot/modem_fs1: clnt_h=0x1 About to block rmt_storage client thread (th_id: 548484936768) wakelock released: 1, error no: 0
03-03 07:01:56.720 I/rmt_storage(  369): 
03-03 07:01:56.720 I/rmt_storage(  369): rmt_storage_disconnect_cb: clnt_h=0x8 conn_h=0x7fb477a010
03-03 07:01:56.747 D/Cryptfs (  338): Just triggered post_fs_data
03-03 07:01:56.795 I//system/bin/tzdatacheck(  479): tzdata file /data/misc/zoneinfo/current/tzdata does not exist. No action required.
03-03 07:01:56.847 D/Cryptfs (  338): post_fs_data done
03-03 07:01:56.847 D/Cryptfs (  338): Just triggered restart_framework
03-03 07:01:56.869 I/irsc_util(  491): Starting irsc tool
03-03 07:01:56.873 I/irsc_util(  491): Num of entries:27
03-03 07:01:56.873 I/irsc_util(  491): Ending irsc tool
03-03 07:01:56.878 I/        (  484): debuggerd: starting
03-03 07:01:56.879 I/installd(  488): installd firing up
03-03 07:01:56.893 I/keystore(  490): Found keymaster1 module Keymaster QTI HAL, version 100
03-03 07:01:56.893 I/SoftKeymaster(  490): system/keymaster/soft_keymaster_device.cpp, Line 122: Creating device
03-03 07:01:56.893 D/SoftKeymaster(  490): system/keymaster/soft_keymaster_device.cpp, Line 123: Device address: 0x7f91ee3000
03-03 07:01:56.894 D/QSEECOMAPI: (  490): QSEECom_get_handle sb_length = 0xa000
03-03 07:01:56.894 D/QSEECOMAPI: (  490): App is already loaded QSEE and app id = 3
03-03 07:01:56.895 E/keymaster1_device(  490): TA API Major Verion: 1
03-03 07:01:56.895 E/keymaster1_device(  490): TA API Minor Verion: 0
03-03 07:01:56.895 E/keymaster1_device(  490): TA Major Verion: 1
03-03 07:01:56.895 E/keymaster1_device(  490): TA Minor Verion: 5
03-03 07:01:56.895 D/SoftKeymaster(  490): system/keymaster/soft_keymaster_device.cpp, Line 173: Reinitializing SoftKeymasterDevice to use HW keymaster1
03-03 07:01:56.898 I/keystore(  490): Keymaster1 module is incomplete, using SoftKeymasterDevice wrapper
03-03 07:01:56.898 I/SoftKeymaster(  490): system/keymaster/soft_keymaster_device.cpp, Line 122: Creating device
03-03 07:01:56.898 D/SoftKeymaster(  490): system/keymaster/soft_keymaster_device.cpp, Line 123: Device address: 0x7f91ee3300
03-03 07:01:56.927 I/Netd    (  482): Netd 1.0 starting
03-03 07:01:56.930 I/rmt_storage(  369): rmt_storage_connect_cb: clnt_h=0x9 conn_h=0x7fb477a010
03-03 07:01:56.930 I/rmt_storage(  369): rmt_storage_rw_iovec_cb: /boot/modem_fs2: clnt_h=0x9: req_h=0x9 msg_id=3: R/W request received
03-03 07:01:56.930 I/rmt_storage(  369): wakelock acquired: 1, error no: 42
03-03 07:01:56.930 I/rmt_storage(  369): rmt_storage_client_thread: /boot/modem_fs2: clnt_h=0x9 Unblock worker thread (th_id: 548483892288)
03-03 07:01:56.931 D/TetherController(  482): Setting IP forward enable = 0
03-03 07:01:56.941 E/Diag_Lib(  498):  Diag_LSM_Init: Failed to open handle to diag driver, error = 13
03-03 07:01:56.941 E/Diag_Lib(  498): qpLogDiagInit <== result : 0
03-03 07:01:56.941 E/Diag_Lib(  498): QMID : gIsQXDMDisabled 0, gIsADBDisabled 1, gIsDebugDisabled 0, gIsIMSLogsDisabled 0
03-03 07:01:56.941 E/Diag_Lib(  498):  Diag_LSM_Init: Failed to open handle to diag driver, error = 13
03-03 07:01:56.941 E/Diag_Lib(  498): qpLogDiagInit <== result : 0
03-03 07:01:56.941 E/Diag_Lib(  498): QMID : gIsQXDMDisabled 0, gIsADBDisabled 1, gIsDebugDisabled 0, gIsIMSLogsDisabled 0
03-03 07:01:56.942 E/Diag_Lib(  498):  Diag_LSM_Init: Failed to open handle to diag driver, error = 13
03-03 07:01:56.942 E/Diag_Lib(  498): qpLogDiagInit <== result : 0
03-03 07:01:56.942 E/Diag_Lib(  498): QMID : gIsQXDMDisabled 0, gIsADBDisabled 1, gIsDebugDisabled 0, gIsIMSLogsDisabled 0
03-03 07:01:56.942 E/Diag_Lib(  498):  Diag_LSM_Init: Failed to open handle to diag driver, error = 13
03-03 07:01:56.942 E/Diag_Lib(  498): qpLogDiagInit <== result : 0
03-03 07:01:56.942 E/Diag_Lib(  498): QMID : gIsQXDMDisabled 0, gIsADBDisabled 1, gIsDebugDisabled 0, gIsIMSLogsDisabled 0
03-03 07:01:56.942 E/Diag_Lib(  498):  Diag_LSM_Init: Failed to open handle to diag driver, error = 13
03-03 07:01:56.942 E/Diag_Lib(  498): qpLogDiagInit <== result : 0
03-03 07:01:56.942 E/Diag_Lib(  498): QMID : gIsQXDMDisabled 0, gIsADBDisabled 1, gIsDebugDisabled 0, gIsIMSLogsDisabled 0
03-03 07:01:56.942 E/Diag_Lib(  498):  Diag_LSM_Init: Failed to open handle to diag driver, error = 13
03-03 07:01:56.942 E/Diag_Lib(  498): qpLogDiagInit <== result : 0
03-03 07:01:56.942 E/Diag_Lib(  498): QMID : gIsQXDMDisabled 0, gIsADBDisabled 1, gIsDebugDisabled 0, gIsIMSLogsDisabled 0
03-03 07:01:56.943 E/Diag_Lib(  498):  Diag_LSM_Init: Failed to open handle to diag driver, error = 13
03-03 07:01:56.943 E/Diag_Lib(  498): qpLogDiagInit <== result : 0
03-03 07:01:56.943 E/Diag_Lib(  498): QMID : gIsQXDMDisabled 0, gIsADBDisabled 1, gIsDebugDisabled 0, gIsIMSLogsDisabled 0
03-03 07:01:56.944 E/Diag_Lib(  498):  Diag_LSM_Init: Failed to open handle to diag driver, error = 13
03-03 07:01:56.944 E/Diag_Lib(  498): qpLogDiagInit <== result : 0
03-03 07:01:56.944 E/Diag_Lib(  498): QMID : gIsQXDMDisabled 0, gIsADBDisabled 1, gIsDebugDisabled 0, gIsIMSLogsDisabled 0
03-03 07:01:56.944 E/Diag_Lib(  498):  Diag_LSM_Init: Failed to open handle to diag driver, error = 13
03-03 07:01:56.944 E/Diag_Lib(  498): qpLogDiagInit <== result : 0
03-03 07:01:56.944 E/Diag_Lib(  498): QMID : gIsQXDMDisabled 0, gIsADBDisabled 1, gIsDebugDisabled 0, gIsIMSLogsDisabled 0
03-03 07:01:56.953 E/Diag_Lib(  505):  Diag_LSM_Init: Failed to open handle to diag driver, error = 13
03-03 07:01:56.953 E/QC-QMI  (  505): qmi_client [505]: unable to bind to client socket, rc = -1 errno[13:Permission denied]
03-03 07:01:56.953 E/QC-QMI  (  505): qmi_qmux_if_pwr_up_init_ex:  Initialization failed, rc = -1
03-03 07:01:56.953 E/QMI_FW  (  505): QMUXD: WARNING qmi_qmux_if_pwr_up_init failed! rc=-1
03-03 07:01:56.954 E/QC-QMI  (  505): qmi_client [505]: unable to bind to client socket, rc = -1 errno[13:Permission denied]
03-03 07:01:56.954 E/QC-QMI  (  505): qmi_qmux_if_pwr_up_init_ex:  Initialization failed, rc = -1
03-03 07:01:56.954 E/QMI_FW  (  505): QMUXD: WARNING qmi_qmux_if_pwr_up_init failed! rc=-1
03-03 07:01:56.954 E/QC-QMI  (  505): qmi_client [505]: unable to bind to client socket, rc = -1 errno[13:Permission denied]
03-03 07:01:56.954 E/QC-QMI  (  505): qmi_qmux_if_pwr_up_init_ex:  Initialization failed, rc = -1
03-03 07:01:56.954 E/QMI_FW  (  505): QMUXD: WARNING qmi_qmux_if_pwr_up_init failed! rc=-1
03-03 07:01:56.954 E/QC-QMI  (  505): qmi_client [505]: unable to bind to client socket, rc = -1 errno[13:Permission denied]
03-03 07:01:56.954 E/QC-QMI  (  505): qmi_qmux_if_pwr_up_init_ex:  Initialization failed, rc = -1
03-03 07:01:56.954 E/QMI_FW  (  505): QMUXD: WARNING qmi_qmux_if_pwr_up_init failed! rc=-1
03-03 07:01:56.969 I/fingerprintd(  512): Starting fingerprintd
03-03 07:01:56.973 I/rmt_storage(  369): rmt_storage_client_thread: /boot/modem_fs2: clnt_h=0x9: req_h=0x9 msg_id=3: Bytes written = 1572864
03-03 07:01:56.973 I/rmt_storage(  369): rmt_storage_client_thread: /boot/modem_fs2: clnt_h=0x9: req_h=0x9 msg_id=3: Send response: res=0 err=0
03-03 07:01:56.973 I/rmt_storage(  369): rmt_storage_client_thread: /boot/modem_fs2: clnt_h=0x9 About to block rmt_storage client thread (th_id: 548483892288) wakelock released: 1, error no: 0
03-03 07:01:56.973 I/rmt_storage(  369): 
03-03 07:01:56.973 I/rmt_storage(  369): rmt_storage_disconnect_cb: clnt_h=0x9 conn_h=0x7fb477a010
03-03 07:01:57.028 I/rmt_storage(  369): rmt_storage_connect_cb: clnt_h=0xa conn_h=0x7fb477a010
03-03 07:01:57.028 I/rmt_storage(  369): rmt_storage_rw_iovec_cb: /boot/modem_fs1: clnt_h=0x1: req_h=0xa msg_id=3: R/W request received
03-03 07:01:57.029 I/rmt_storage(  369): wakelock acquired: 1, error no: 42
03-03 07:01:57.029 I/rmt_storage(  369): rmt_storage_client_thread: /boot/modem_fs1: clnt_h=0x1 Unblock worker thread (th_id: 548484936768)
03-03 07:01:57.030 I/gatekeeperd(  502): Starting gatekeeperd...
03-03 07:01:57.039 I/ThermalEngine(  497): Thermal daemon started
03-03 07:01:57.040 I/ThermalEngine(  497): Using target config file '/system/etc/thermal-engine-8992.conf'
03-03 07:01:57.040 I/ThermalEngine(  497): devices_manager_init: Init
03-03 07:01:57.040 I/ThermalEngine(  497): Number of gpus :1
03-03 07:01:57.040 I/Thermal-IOCTL(  497): KTM IOCTL interface "/dev/msm_thermal_query" opened
03-03 07:01:57.040 E/ThermalEngine(  497): update_cpu_topology: Cluster Info[0]. Cluster Id: 0 cpu_bits:0xf sync:1
03-03 07:01:57.040 E/ThermalEngine(  497): update_cpu_topology: Cluster Info[1]. Cluster Id: 1 cpu_bits:0x30 sync:1
03-03 07:01:57.041 I/ThermalEngine(  497): vdd_rstr_init: Init KTM VDD RSTR enabled: 0
03-03 07:01:57.042 I/ThermalEngine(  497): sensors_manager_init: Init
03-03 07:01:57.043 E/Diag_Lib(  497):  Diag_LSM_Init: Failed to open handle to diag driver, error = 13
03-03 07:01:57.043 E/QC-QMI  (  497): qmi_client [497]: unable to connect to server, errno=[2:No such file or directory], attempt=1
03-03 07:01:57.055 E/ThermalEngine(  497): bcl_setup: Unexpected node error
03-03 07:01:57.055 E/ThermalEngine(  497): add_tgt_sensors_set: Error adding bcl
03-03 07:01:57.055 E/ThermalEngine(  497): sensors_init: Error adding BCL TS
03-03 07:01:57.057 I/ThermalEngine(  497): Loading config file for virtual sensor
03-03 07:01:57.057 I/ThermalEngine(  497): Loading configuration file /system/etc/thermal-engine-8992.conf
03-03 07:01:57.073 I/rmt_storage(  369): rmt_storage_client_thread: /boot/modem_fs1: clnt_h=0x1: req_h=0xa msg_id=3: Bytes written = 1572864
03-03 07:01:57.073 I/rmt_storage(  369): rmt_storage_client_thread: /boot/modem_fs1: clnt_h=0x1: req_h=0xa msg_id=3: Send response: res=0 err=0
03-03 07:01:57.073 I/rmt_storage(  369): rmt_storage_client_thread: /boot/modem_fs1: clnt_h=0x1 About to block rmt_storage client thread (th_id: 548484936768) wakelock released: 1, error no: 0
03-03 07:01:57.073 I/rmt_storage(  369): 
03-03 07:01:57.073 I/rmt_storage(  369): rmt_storage_disconnect_cb: clnt_h=0xa conn_h=0x7fb477a010
03-03 07:01:57.083 I/ThermalEngine(  497): Parsing section global
03-03 07:01:57.083 I/ThermalEngine(  497): Found field 'sampling'
03-03 07:01:57.083 I/ThermalEngine(  497): Found field 'charger_offset'
03-03 07:01:57.083 E/ThermalEngine(  497): virtual_sensors_init: Error getting virtual sensors set
03-03 07:01:57.083 I/ThermalEngine(  497): Loading configuration file /system/etc/thermal-engine-8992.conf
03-03 07:01:57.084 I/ThermalEngine(  497): Parsing section global
03-03 07:01:57.084 I/ThermalEngine(  497): Found field 'sampling'
03-03 07:01:57.084 I/ThermalEngine(  497): Found field 'charger_offset'
03-03 07:01:57.084 I/ThermalEngine(  497): Created section 'CPU0_MONITOR'
03-03 07:01:57.084 I/ThermalEngine(  497): Algo Type 'monitor'
03-03 07:01:57.084 I/ThermalEngine(  497): Parsing section CPU0_MONITOR
03-03 07:01:57.084 I/ThermalEngine(  497): Found field 'sensor'
03-03 07:01:57.084 I/ThermalEngine(  497): Found field 'sampling'
03-03 07:01:57.084 I/ThermalEngine(  497): Found field 'thresholds'
03-03 07:01:57.084 I/ThermalEngine(  497): Found field 'thresholds_clr'
03-03 07:01:57.084 I/ThermalEngine(  497): Found field 'actions'
03-03 07:01:57.084 I/ThermalEngine(  497): Found field 'action_info'
03-03 07:01:57.084 I/ThermalEngine(  497): Created section 'CPU2_MONITOR'
03-03 07:01:57.084 I/ThermalEngine(  497): Algo Type 'monitor'
03-03 07:01:57.084 I/ThermalEngine(  497): Parsing section CPU2_MONITOR
03-03 07:01:57.084 I/ThermalEngine(  497): Found field 'sensor'
03-03 07:01:57.084 I/ThermalEngine(  497): Found field 'sampling'
03-03 07:01:57.084 I/ThermalEngine(  497): Found field 'thresholds'
03-03 07:01:57.084 I/ThermalEngine(  497): Found field 'thresholds_clr'
03-03 07:01:57.084 I/ThermalEngine(  497): Found field 'actions'
03-03 07:01:57.084 I/ThermalEngine(  497): Found field 'action_info'
03-03 07:01:57.084 I/ThermalEngine(  497): Created section 'CPU3_MONITOR'
03-03 07:01:57.084 I/ThermalEngine(  497): Algo Type 'monitor'
03-03 07:01:57.084 I/ThermalEngine(  497): Parsing section CPU3_MONITOR
03-03 07:01:57.084 I/ThermalEngine(  497): Found field 'sensor'
03-03 07:01:57.084 I/ThermalEngine(  497): Found field 'sampling'
03-03 07:01:57.084 I/ThermalEngine(  497): Found field 'thresholds'
03-03 07:01:57.084 I/ThermalEngine(  497): Found field 'thresholds_clr'
03-03 07:01:57.084 I/ThermalEngine(  497): Found field 'actions'
03-03 07:01:57.084 I/ThermalEngine(  497): Found field 'action_info'
03-03 07:01:57.084 I/ThermalEngine(  497): Created section 'CPU4_MONITOR'
03-03 07:01:57.084 I/ThermalEngine(  497): Algo Type 'monitor'
03-03 07:01:57.085 I/ThermalEngine(  497): Parsing section CPU4_MONITOR
03-03 07:01:57.085 I/ThermalEngine(  497): Found field 'sensor'
03-03 07:01:57.085 I/ThermalEngine(  497): Found field 'sampling'
03-03 07:01:57.085 I/ThermalEngine(  497): Found field 'thresholds'
03-03 07:01:57.085 I/ThermalEngine(  497): Found field 'thresholds_clr'
03-03 07:01:57.085 I/ThermalEngine(  497): Found field 'actions'
03-03 07:01:57.085 I/ThermalEngine(  497): Found field 'action_info'
03-03 07:01:57.085 I/ThermalEngine(  497): Created section 'CPU5_MONITOR'
03-03 07:01:57.085 I/ThermalEngine(  497): Algo Type 'monitor'
03-03 07:01:57.085 I/ThermalEngine(  497): Parsing section CPU5_MONITOR
03-03 07:01:57.085 I/ThermalEngine(  497): Found field 'sensor'
03-03 07:01:57.085 I/ThermalEngine(  497): Found field 'sampling'
03-03 07:01:57.085 I/ThermalEngine(  497): Found field 'thresholds'
03-03 07:01:57.085 I/ThermalEngine(  497): Found field 'thresholds_clr'
03-03 07:01:57.085 I/ThermalEngine(  497): Found field 'actions'
03-03 07:01:57.085 I/ThermalEngine(  497): Found field 'action_info'
03-03 07:01:57.085 I/ThermalEngine(  497): Created section 'CPU4_HOTPLUG_MONITOR'
03-03 07:01:57.085 I/ThermalEngine(  497): Algo Type 'monitor'
03-03 07:01:57.085 I/ThermalEngine(  497): Parsing section CPU4_HOTPLUG_MONITOR
03-03 07:01:57.085 I/ThermalEngine(  497): Found field 'sensor'
03-03 07:01:57.085 I/ThermalEngine(  497): Found field 'sampling'
03-03 07:01:57.085 I/ThermalEngine(  497): Found field 'thresholds'
03-03 07:01:57.085 I/ThermalEngine(  497): Found field 'thresholds_clr'
03-03 07:01:57.085 I/ThermalEngine(  497): Found field 'actions'
03-03 07:01:57.085 I/ThermalEngine(  497): Found field 'action_info'
03-03 07:01:57.085 I/ThermalEngine(  497): Created section 'CPU5_HOTPLUG_MONITOR'
03-03 07:01:57.085 I/ThermalEngine(  497): Algo Type 'monitor'
03-03 07:01:57.085 I/ThermalEngine(  497): Parsing section CPU5_HOTPLUG_MONITOR
03-03 07:01:57.085 I/ThermalEngine(  497): Found field 'sensor'
03-03 07:01:57.085 I/ThermalEngine(  497): Found field 'sampling'
03-03 07:01:57.085 I/ThermalEngine(  497): Found field 'thresholds'
03-03 07:01:57.085 I/ThermalEngine(  497): Found field 'thresholds_clr'
03-03 07:01:57.085 I/ThermalEngine(  497): Found field 'actions'
03-03 07:01:57.086 I/ThermalEngine(  497): Found field 'action_info'
03-03 07:01:57.086 I/ThermalEngine(  497): Created section 'LCD_management'
03-03 07:01:57.086 I/ThermalEngine(  497): Algo Type 'monitor'
03-03 07:01:57.086 I/ThermalEngine(  497): Parsing section LCD_management
03-03 07:01:57.086 I/ThermalEngine(  497): Found field 'sensor'
03-03 07:01:57.086 I/ThermalEngine(  497): Found field 'sampling'
03-03 07:01:57.086 I/ThermalEngine(  497): Found field 'thresholds'
03-03 07:01:57.086 I/ThermalEngine(  497): Found field 'thresholds_clr'
03-03 07:01:57.086 I/ThermalEngine(  497): Found field 'actions'
03-03 07:01:57.086 I/ThermalEngine(  497): Found field 'action_info'
03-03 07:01:57.086 I/ThermalEngine(  497): Created section 'battery_monitor'
03-03 07:01:57.086 I/ThermalEngine(  497): Algo Type 'monitor'
03-03 07:01:57.086 I/ThermalEngine(  497): Parsing section battery_monitor
03-03 07:01:57.086 I/ThermalEngine(  497): Found field 'sensor'
03-03 07:01:57.086 I/ThermalEngine(  497): Found field 'sampling'
03-03 07:01:57.086 I/ThermalEngine(  497): Found field 'thresholds'
03-03 07:01:57.086 I/ThermalEngine(  497): Found field 'thresholds_clr'
03-03 07:01:57.086 I/ThermalEngine(  497): Found field 'actions'
03-03 07:01:57.086 I/ThermalEngine(  497): Found field 'action_info'
03-03 07:01:57.086 I/ThermalEngine(  497): Created section 'PID-LITTLE_CLUSTER_management'
03-03 07:01:57.086 I/ThermalEngine(  497): Algo Type 'pid'
03-03 07:01:57.086 I/ThermalEngine(  497): Parsing section PID-LITTLE_CLUSTER_management
03-03 07:01:57.086 I/ThermalEngine(  497): Found field 'sampling'
03-03 07:01:57.086 I/ThermalEngine(  497): Found field 'sensor'
03-03 07:01:57.086 I/ThermalEngine(  497): Found field 'device'
03-03 07:01:57.086 I/ThermalEngine(  497): Found field 'set_point'
03-03 07:01:57.086 I/ThermalEngine(  497): Found field 'set_point_clr'
03-03 07:01:57.086 I/ThermalEngine(  497): Found field 'p_const'
03-03 07:01:57.086 I/ThermalEngine(  497): Found field 'i_const'
03-03 07:01:57.086 I/ThermalEngine(  497): Found field 'd_const'
03-03 07:01:57.087 I/ThermalEngine(  497): Found field 'i_samples'
03-03 07:01:57.087 I/ThermalEngine(  497): Found field 'dev_units_per_calc'
03-03 07:01:57.087 I/ThermalEngine(  497): Found field 'limit'
03-03 07:01:57.087 I/ThermalEngine(  497): Created section 'PID-BIG_CLUSTER_management'
03-03 07:01:57.087 I/ThermalEngine(  497): Algo Type 'pid'
03-03 07:01:57.087 I/ThermalEngine(  497): Parsing section PID-BIG_CLUSTER_management
03-03 07:01:57.087 I/ThermalEngine(  497): Found field 'sampling'
03-03 07:01:57.087 I/ThermalEngine(  497): Found field 'sensor'
03-03 07:01:57.087 I/ThermalEngine(  497): Found field 'device'
03-03 07:01:57.087 I/ThermalEngine(  497): Found field 'set_point'
03-03 07:01:57.087 I/ThermalEngine(  497): Found field 'set_point_clr'
03-03 07:01:57.087 I/ThermalEngine(  497): Found field 'p_const'
03-03 07:01:57.087 I/ThermalEngine(  497): Found field 'i_const'
03-03 07:01:57.087 I/ThermalEngine(  497): Found field 'd_const'
03-03 07:01:57.087 I/ThermalEngine(  497): Found field 'i_samples'
03-03 07:01:57.087 I/ThermalEngine(  497): Found field 'dev_units_per_calc'
03-03 07:01:57.087 I/ThermalEngine(  497): Found field 'limit'
03-03 07:01:57.087 I/ThermalEngine(  497): Created section 'SS-GPU_management'
03-03 07:01:57.087 I/ThermalEngine(  497): Algo Type 'pid'
03-03 07:01:57.087 I/ThermalEngine(  497): Parsing section SS-GPU_management
03-03 07:01:57.087 I/ThermalEngine(  497): Found field 'sensor'
03-03 07:01:57.087 I/ThermalEngine(  497): Found field 'sampling'
03-03 07:01:57.087 I/ThermalEngine(  497): Found field 'device'
03-03 07:01:57.087 I/ThermalEngine(  497): Found field 'set_point'
03-03 07:01:57.087 I/ThermalEngine(  497): Found field 'set_point_clr'
03-03 07:01:57.087 I/ThermalEngine(  497): Found field 'p_const'
03-03 07:01:57.087 I/ThermalEngine(  497): Found field 'i_const'
03-03 07:01:57.087 I/ThermalEngine(  497): Found field 'd_const'
03-03 07:01:57.087 I/ThermalEngine(  497): Found field 'i_samples'
03-03 07:01:57.087 I/ThermalEngine(  497): Found field 'dev_units_per_calc'
03-03 07:01:57.087 I/ThermalEngine(  497): Found field 'limit'
03-03 07:01:57.088 I/ThermalEngine(  497): [SS-GPU_management]
03-03 07:01:57.088 I/ThermalEngine(  497): algo_type pid
03-03 07:01:57.088 I/ThermalEngine(  497): sampling 5000
03-03 07:01:57.088 I/ThermalEngine(  497): sensor xo_therm
03-03 07:01:57.088 I/ThermalEngine(  497): device gpu
03-03 07:01:57.088 I/ThermalEngine(  497): set_point 44000
03-03 07:01:57.088 I/ThermalEngine(  497): set_point_clr 41000
03-03 07:01:57.088 I/ThermalEngine(  497): p_const 5.000000
03-03 07:01:57.088 I/ThermalEngine(  497): i_const 0.050000
03-03 07:01:57.088 I/ThermalEngine(  497): d_const 0.000000
03-03 07:01:57.088 I/ThermalEngine(  497): i_samples 20
03-03 07:01:57.088 I/ThermalEngine(  497): dev_units_per_calc 3500000
03-03 07:01:57.088 I/ThermalEngine(  497): [PID-BIG_CLUSTER_management]
03-03 07:01:57.088 I/ThermalEngine(  497): algo_type pid
03-03 07:01:57.088 I/ThermalEngine(  497): sampling 1000
03-03 07:01:57.088 I/ThermalEngine(  497): sensor xo_therm
03-03 07:01:57.088 I/ThermalEngine(  497): device cluster1
03-03 07:01:57.088 I/ThermalEngine(  497): set_point 39000
03-03 07:01:57.088 I/ThermalEngine(  497): set_point_clr 37000
03-03 07:01:57.088 I/ThermalEngine(  497): p_const 10.000000
03-03 07:01:57.088 I/ThermalEngine(  497): i_const 0.090000
03-03 07:01:57.088 I/ThermalEngine(  497): d_const 0.000000
03-03 07:01:57.088 I/ThermalEngine(  497): i_samples 10
03-03 07:01:57.088 I/ThermalEngine(  497): dev_units_per_calc 10000
03-03 07:01:57.088 I/ThermalEngine(  497): [PID-LITTLE_CLUSTER_management]
03-03 07:01:57.088 I/ThermalEngine(  497): algo_type pid
03-03 07:01:57.088 I/ThermalEngine(  497): sampling 5000
03-03 07:01:57.088 I/ThermalEngine(  497): sensor xo_therm
03-03 07:01:57.088 I/ThermalEngine(  497): device cluster0
03-03 07:01:57.088 I/ThermalEngine(  497): set_point 44000
03-03 07:01:57.088 I/ThermalEngine(  497): set_point_clr 41000
03-03 07:01:57.088 I/ThermalEngine(  497): p_const 5.000000
03-03 07:01:57.088 I/ThermalEngine(  497): i_const 0.100000
03-03 07:01:57.088 I/ThermalEngine(  497): d_const 0.000000
03-03 07:01:57.088 I/ThermalEngine(  497): i_samples 10
03-03 07:01:57.088 I/ThermalEngine(  497): dev_units_per_calc 10000
03-03 07:01:57.088 I/ThermalEngine(  497): [battery_monitor]
03-03 07:01:57.088 I/ThermalEngine(  497): algo_type monitor
03-03 07:01:57.088 I/ThermalEngine(  497): sampling 10000
03-03 07:01:57.088 I/ThermalEngine(  497): sensor xo_batt
03-03 07:01:57.088 I/ThermalEngine(  497): thresholds 36000 39000
03-03 07:01:57.088 I/ThermalEngine(  497): thresholds_clr 34000 38000
03-03 07:01:57.088 I/ThermalEngine(  497): actions battery battery
03-03 07:01:57.088 I/ThermalEngine(  497): action_info 0 3
03-03 07:01:57.088 I/ThermalEngine(  497): [LCD_management]
03-03 07:01:57.088 I/ThermalEngine(  497): algo_type monitor
03-03 07:01:57.088 I/ThermalEngine(  497): sampling 10000
03-03 07:01:57.088 I/ThermalEngine(  497): sensor xo_therm
03-03 07:01:57.088 I/ThermalEngine(  497): thresholds 36000 39000 42000 45000
03-03 07:01:57.088 I/ThermalEngine(  497): thresholds_clr 34000 37000 40000 43000
03-03 07:01:57.088 I/ThermalEngine(  497): actions lcd lcd lcd lcd
03-03 07:01:57.088 I/ThermalEngine(  497): action_info 255 232 208 183
03-03 07:01:57.088 I/ThermalEngine(  497): [CPU5_HOTPLUG_MONITOR]
03-03 07:01:57.089 I/ThermalEngine(  497): algo_type monitor
03-03 07:01:57.089 I/ThermalEngine(  497): sampling 1000
03-03 07:01:57.089 I/ThermalEngine(  497): sensor xo_therm
03-03 07:01:57.089 I/ThermalEngine(  497): thresholds 41000
03-03 07:01:57.089 I/ThermalEngine(  497): thresholds_clr 39000
03-03 07:01:57.089 I/ThermalEngine(  497): actions hotplug_5
03-03 07:01:57.089 I/ThermalEngine(  497): action_info 1
03-03 07:01:57.089 I/ThermalEngine(  497): [CPU4_HOTPLUG_MONITOR]
03-03 07:01:57.089 I/ThermalEngine(  497): algo_type monitor
03-03 07:01:57.089 I/ThermalEngine(  497): sampling 1000
03-03 07:01:57.089 I/ThermalEngine(  497): sensor xo_therm
