12-22 06:59:02.325 I/art     (  499): option[26]=-Xms64m
12-22 06:59:02.325 I/art     (  499): option[27]=-Xcompiler-option
12-22 06:59:02.325 I/art     (  499): option[28]=--runtime-arg
12-22 06:59:02.325 I/art     (  499): option[29]=-Xcompiler-option
12-22 06:59:02.325 I/art     (  499): option[30]=-Xmx512m
12-22 06:59:02.325 I/art     (  499): option[31]=-Xcompiler-option
12-22 06:59:02.325 I/art     (  499): option[32]=-j2
12-22 06:59:02.325 I/art     (  499): option[33]=-Ximage-compiler-option
12-22 06:59:02.325 I/art     (  499): option[34]=-j4
12-22 06:59:02.325 I/art     (  499): option[35]=-Ximage-compiler-option
12-22 06:59:02.325 I/art     (  499): option[36]=--instruction-set-variant=cortex-a53
12-22 06:59:02.325 I/art     (  499): option[37]=-Xcompiler-option
12-22 06:59:02.325 I/art     (  499): option[38]=--instruction-set-variant=cortex-a53
12-22 06:59:02.325 I/art     (  499): option[39]=-Ximage-compiler-option
12-22 06:59:02.325 I/art     (  499): option[40]=--instruction-set-features=default
12-22 06:59:02.325 I/art     (  499): option[41]=-Xcompiler-option
12-22 06:59:02.325 I/art     (  499): option[42]=--instruction-set-features=default
12-22 06:59:02.325 I/art     (  499): option[43]=-Duser.locale=de-DE
12-22 06:59:02.325 I/art     (  499): option[44]=--cpu-abilist=arm64-v8a
12-22 06:59:02.325 I/art     (  499): option[45]=-Xfingerprint:google/bullhead/bullhead:6.0.1/MMB29K/2419427:user/release-keys
12-22 06:59:02.341 E/QC-QMI  (  494): qmi_client [494]: unable to connect to server, errno=[2:No such file or directory], attempt=2
12-22 06:59:02.376 E/QC-QMI  (  516): qmi_client [516]: unable to connect to server, errno=[2:No such file or directory], attempt=2
12-22 06:59:02.577 D/AndroidRuntime(  500): >>>>>> START com.android.internal.os.ZygoteInit uid 0 <<<<<<
12-22 06:59:02.624 D/AndroidRuntime(  500): CheckJNI is OFF
12-22 06:59:02.624 I/art     (  500): option[0]=-Xzygote
12-22 06:59:02.625 I/art     (  500): option[1]=-Xstacktracefile:/data/anr/traces.txt
12-22 06:59:02.625 I/art     (  500): option[2]=exit
12-22 06:59:02.625 I/art     (  500): option[3]=vfprintf
12-22 06:59:02.625 I/art     (  500): option[4]=sensitiveThread
12-22 06:59:02.625 I/art     (  500): option[5]=-verbose:gc
12-22 06:59:02.625 I/art     (  500): option[6]=-Xms8m
12-22 06:59:02.625 I/art     (  500): option[7]=-Xmx512m
12-22 06:59:02.625 I/art     (  500): option[8]=-XX:HeapGrowthLimit=192m
12-22 06:59:02.625 I/art     (  500): option[9]=-XX:HeapMinFree=512k
12-22 06:59:02.625 I/art     (  500): option[10]=-XX:HeapMaxFree=8m
12-22 06:59:02.625 I/art     (  500): option[11]=-XX:HeapTargetUtilization=0.75
12-22 06:59:02.625 I/art     (  500): option[12]=-agentlib:jdwp=transport=dt_android_adb,suspend=n,server=y
12-22 06:59:02.625 I/art     (  500): option[13]=-Ximage-compiler-option
12-22 06:59:02.625 I/art     (  500): option[14]=--runtime-arg
12-22 06:59:02.625 I/art     (  500): option[15]=-Ximage-compiler-option
12-22 06:59:02.625 I/art     (  500): option[16]=-Xms64m
12-22 06:59:02.625 I/art     (  500): option[17]=-Ximage-compiler-option
12-22 06:59:02.625 I/art     (  500): option[18]=--runtime-arg
12-22 06:59:02.625 I/art     (  500): option[19]=-Ximage-compiler-option
12-22 06:59:02.625 I/art     (  500): option[20]=-Xmx64m
12-22 06:59:02.625 I/art     (  500): option[21]=-Ximage-compiler-option
12-22 06:59:02.625 I/art     (  500): option[22]=--image-classes=/system/etc/preloaded-classes
12-22 06:59:02.625 I/art     (  500): option[23]=-Xcompiler-option
12-22 06:59:02.625 I/art     (  500): option[24]=--runtime-arg
12-22 06:59:02.625 I/art     (  500): option[25]=-Xcompiler-option
12-22 06:59:02.625 I/art     (  500): option[26]=-Xms64m
12-22 06:59:02.626 I/art     (  500): option[27]=-Xcompiler-option
12-22 06:59:02.626 I/art     (  500): option[28]=--runtime-arg
12-22 06:59:02.626 I/art     (  500): option[29]=-Xcompiler-option
12-22 06:59:02.626 I/art     (  500): option[30]=-Xmx512m
12-22 06:59:02.626 I/art     (  500): option[31]=-Xcompiler-option
12-22 06:59:02.626 I/art     (  500): option[32]=-j2
12-22 06:59:02.626 I/art     (  500): option[33]=-Ximage-compiler-option
12-22 06:59:02.626 I/art     (  500): option[34]=-j4
12-22 06:59:02.626 I/art     (  500): option[35]=-Ximage-compiler-option
12-22 06:59:02.626 I/art     (  500): option[36]=--instruction-set-variant=cortex-a7
12-22 06:59:02.626 I/art     (  500): option[37]=-Xcompiler-option
12-22 06:59:02.626 I/art     (  500): option[38]=--instruction-set-variant=cortex-a7
12-22 06:59:02.626 I/art     (  500): option[39]=-Ximage-compiler-option
12-22 06:59:02.626 I/art     (  500): option[40]=--instruction-set-features=default
12-22 06:59:02.626 I/art     (  500): option[41]=-Xcompiler-option
12-22 06:59:02.626 I/art     (  500): option[42]=--instruction-set-features=default
12-22 06:59:02.626 I/art     (  500): option[43]=-Duser.locale=de-DE
12-22 06:59:02.626 I/art     (  500): option[44]=--cpu-abilist=armeabi-v7a,armeabi
12-22 06:59:02.626 I/art     (  500): option[45]=-Xfingerprint:google/bullhead/bullhead:6.0.1/MMB29K/2419427:user/release-keys
12-22 06:59:02.675 D/ICU     (  499): No timezone override file found: /data/misc/zoneinfo/current/icu/icu_tzdata.dat
12-22 06:59:02.920 I/mm-camera(  514): server_process_module_init:59, int mods
12-22 06:59:02.921 E/mm-camera-sensor(  514): eebin_read:387failed!
12-22 06:59:02.921 E/mm-camera-sensor(  514): eebin_read:387failed!
12-22 06:59:02.922 E/mm-camera-sensor(  514): sensor_init_probe:483failed: to oribe eeprom bin sensors
12-22 06:59:02.922 E/mm-camera-sensor(  514): add_external_sensor:108NO external sensor lib: no external path
12-22 06:59:02.922 E/mm-camera-sensor(  514): sensor_probe:274failed: to load imx214
12-22 06:59:02.922 E/mm-camera-sensor(  514): sensor_probe:274failed: to load imx230
12-22 06:59:02.923 E/mm-camera-sensor(  514): sensor_probe:274failed: to load s5k3m2xx
12-22 06:59:02.941 E/mm-camera-sensor(  514): sensor_probe:274failed: to load s5k3m2xm
12-22 06:59:02.941 E/mm-camera-sensor(  514): sensor_probe:274failed: to load ov4688
12-22 06:59:02.942 E/mm-camera-sensor(  514): sensor_probe:274failed: to load imx258
12-22 06:59:03.028 I/Radio-JNI(  499): register_android_hardware_Radio DONE
12-22 06:59:03.042 D/ICU     (  500): No timezone override file found: /data/misc/zoneinfo/current/icu/icu_tzdata.dat
12-22 06:59:03.051 V/NatController(  482): runCmd(/system/bin/iptables -w -F natctrl_FORWARD) res=0
12-22 06:59:03.061 V/NatController(  482): runCmd(/system/bin/iptables -w -A natctrl_FORWARD -j DROP) res=0
12-22 06:59:03.067 I/SamplingProfilerIntegration(  499): Profiling disabled.
12-22 06:59:03.069 V/NatController(  482): runCmd(/system/bin/iptables -w -t nat -F natctrl_nat_POSTROUTING) res=0
12-22 06:59:03.072 D/Zygote  (  499): begin preload
12-22 06:59:03.078 V/NatController(  482): runCmd(/system/bin/iptables -w -F natctrl_tether_counters) res=1
12-22 06:59:03.086 V/NatController(  482): runCmd(/system/bin/iptables -w -X natctrl_tether_counters) res=1
12-22 06:59:03.096 V/NatController(  482): runCmd(/system/bin/iptables -w -N natctrl_tether_counters) res=0
12-22 06:59:03.099 I/Zygote  (  499): Preloading classes...
12-22 06:59:03.105 V/NatController(  482): runCmd(/system/bin/iptables -w -t mangle -A natctrl_mangle_FORWARD -p tcp --tcp-flags SYN SYN -j TCPMSS --clamp-mss-to-pmtu) res=0
12-22 06:59:03.108 E/QC-QMI  (  485): qmi_client [485]: unable to connect to server, errno=[2:No such file or directory], attempt=2
12-22 06:59:03.147 E/QC-QMI  (  496): qmi_client [496]: unable to connect to server, errno=[2:No such file or directory], attempt=3
12-22 06:59:03.161 D/mm-camera-intf(  487): index = 0 flag = 3 mount_angle = 270 facing = 0
12-22 06:59:03.161 E/mm-camera(  514): module_sensor_find_other_subdev:6416subdev_name /dev/v4l-subdev0 subdev id 0
12-22 06:59:03.161 D/mm-camera-intf(  487): index = 1 flag = 101 mount_angle = 90 facing = 1
12-22 06:59:03.161 E/mm-camera(  514): module_sensor_find_other_subdev:6416subdev_name /dev/v4l-subdev1 subdev id 1
12-22 06:59:03.161 E/mm-camera(  514): module_sensor_find_other_subdev:6416subdev_name /dev/v4l-subdev2 subdev id 2
12-22 06:59:03.161 E/mm-camera(  514): module_sensor_find_other_subdev:6416subdev_name /dev/v4l-subdev3 subdev id 0
12-22 06:59:03.161 E/mm-camera(  514): module_sensor_find_other_subdev:6416subdev_name /dev/v4l-subdev4 subdev id 1
12-22 06:59:03.161 E/mm-camera(  514): module_sensor_find_other_subdev:6416subdev_name /dev/v4l-subdev5 subdev id 2
12-22 06:59:03.161 E/mm-camera(  514): module_sensor_find_other_subdev:6416subdev_name /dev/v4l-subdev6 subdev id 3
12-22 06:59:03.161 E/mm-camera(  514): module_sensor_find_other_subdev:6416subdev_name /dev/v4l-subdev7 subdev id 0
12-22 06:59:03.161 E/mm-camera(  514): module_sensor_find_other_subdev:6416subdev_name /dev/v4l-subdev8 subdev id 0
12-22 06:59:03.161 E/mm-camera(  514): module_sensor_find_other_subdev:6416subdev_name /dev/v4l-subdev9 subdev id 5
12-22 06:59:03.161 E/mm-camera(  514): module_sensor_find_other_subdev:6416subdev_name /dev/v4l-subdev10 subdev id 1
12-22 06:59:03.202 E/QC-QMI  (  515): qmi_client [515]: unable to connect to server, errno=[2:No such file or directory], attempt=3
12-22 06:59:03.315 I/Radio-JNI(  500): register_android_hardware_Radio DONE
12-22 06:59:03.321 E/QC-QMI  (  615): qmi_client [615]: unable to connect to server, errno=[2:No such file or directory], attempt=2
12-22 06:59:03.323 E/slim_daemon(  615): [NDK] bindNDKSensors: Sensor server is unavailable.
12-22 06:59:03.341 E/QC-QMI  (  494): qmi_client [494]: unable to connect to server, errno=[2:No such file or directory], attempt=3
12-22 06:59:03.353 I/SamplingProfilerIntegration(  500): Profiling disabled.
12-22 06:59:03.358 D/Zygote  (  500): begin preload
12-22 06:59:03.367 I/Zygote  (  500): Preloading classes...
12-22 06:59:03.376 E/QC-QMI  (  516): qmi_client [516]: unable to connect to server, errno=[2:No such file or directory], attempt=3
12-22 06:59:03.451 E/mm-camera-isp2(  514): module_chroma_enhan40_init:90 name chroma_enhan40
12-22 06:59:03.478 E/mm-camera-isp2(  514): module_color_correct40_init:96 name color_correct40
12-22 06:59:03.545 E/mm-camera-isp2(  514): module_luma_adaptation40_init:87 name luma_adaptation40
12-22 06:59:03.594 E/mm-camera-isp2(  514): module_chroma_enhan40_init:90 name chroma_enhan40
12-22 06:59:03.595 E/mm-camera-isp2(  514): module_color_correct40_init:96 name color_correct40
12-22 06:59:03.595 E/mm-camera-isp2(  514): module_luma_adaptation40_init:87 name luma_adaptation40
12-22 06:59:03.597 E/mm-camera-isp2(  514): isp_resource_gen_hws_caps:3628 i 0 isp id 0
12-22 06:59:03.597 E/mm-camera-isp2(  514): isp_resource_gen_hws_caps:3628 i 1 isp id 1
12-22 06:59:03.597 E/mm-camera-isp2(  514): module_isp_init:776 module 0xf52d7200
12-22 06:59:03.597 E/mm-camera(  514): cpp_module_init:68 name=cpp
12-22 06:59:03.601 E/mm-camera(  514): cpp_hardware_load_firmware:490, info: hw_version=0x50010000, fw_version=0x10080000
12-22 06:59:03.641 E/mm-camera(  514): cpp_hardware_load_firmware:506, info: cpp firmware loaded: cpp_firmware_v1_8_0.fw
12-22 06:59:03.643 E/mm-camera(  514): cpp_module_init:110: info: CPP module_init successful
12-22 06:59:03.643 E/mm-camera(  514): vpe_module_init:26 name=vpe
12-22 06:59:03.643 E/mm-camera(  514): vpe_hardware_find_subdev:719: entity.name=video0 entity.revision=0
12-22 06:59:03.643 E/mm-camera(  514): vpe_hardware_find_subdev:719: entity.name=msm_cci entity.revision=0
12-22 06:59:03.643 E/mm-camera(  514): vpe_hardware_find_subdev:719: entity.name=v4l-subdev0 entity.revision=0
12-22 06:59:03.643 E/mm-camera(  514): vpe_hardware_find_subdev:719: entity.name=v4l-subdev1 entity.revision=0
12-22 06:59:03.643 E/mm-camera(  514): vpe_hardware_find_subdev:719: entity.name=v4l-subdev2 entity.revision=0
12-22 06:59:03.643 E/mm-camera(  514): vpe_hardware_find_subdev:719: entity.name=v4l-subdev3 entity.revision=0
12-22 06:59:03.643 E/mm-camera(  514): vpe_hardware_find_subdev:719: entity.name=v4l-subdev4 entity.revision=0
12-22 06:59:03.643 E/mm-camera(  514): vpe_hardware_find_subdev:719: entity.name=v4l-subdev5 entity.revision=0
12-22 06:59:03.643 E/mm-camera(  514): vpe_hardware_find_subdev:719: entity.name=v4l-subdev6 entity.revision=0
12-22 06:59:03.643 E/mm-camera(  514): vpe_hardware_find_subdev:719: entity.name=v4l-subdev7 entity.revision=0
12-22 06:59:03.643 E/mm-camera(  514): vpe_hardware_find_subdev:719: entity.name=v4l-subdev8 entity.revision=0
12-22 06:59:03.643 E/mm-camera(  514): vpe_hardware_find_subdev:719: entity.name=v4l-subdev9 entity.revision=0
12-22 06:59:03.643 E/mm-camera(  514): vpe_hardware_find_subdev:719: entity.name=v4l-subdev10 entity.revision=0
12-22 06:59:03.643 E/mm-camera(  514): vpe_hardware_find_subdev:719: entity.name=v4l-subdev11 entity.revision=0
12-22 06:59:03.643 E/mm-camera(  514): vpe_hardware_find_subdev:719: entity.name=v4l-subdev12 entity.revision=12
12-22 06:59:03.644 E/mm-camera(  514): vpe_hardware_find_subdev:719: entity.name=v4l-subdev13 entity.revision=0
12-22 06:59:03.644 E/mm-camera(  514): vpe_hardware_find_subdev:719: entity.name=v4l-subdev14 entity.revision=0
12-22 06:59:03.644 E/mm-camera(  514): vpe_hardware_find_subdev:719: entity.name=v4l-subdev15 entity.revision=0
12-22 06:59:03.644 E/mm-camera(  514): vpe_hardware_find_subdev:719: entity.name=v4l-subdev16 entity.revision=0
12-22 06:59:03.644 E/mm-camera(  514): vpe_hardware_find_subdev:719: entity.name=v4l-subdev17 entity.revision=0
12-22 06:59:03.644 E/mm-camera(  514): vpe_hardware_find_subdev:719: entity.name=v4l-subdev18 entity.revision=0
12-22 06:59:03.644 E/mm-camera(  514): vpe_hardware_find_subdev:714: done enumerating media entities
12-22 06:59:03.644 E/mm-camera(  514): vpe_hardware_find_subdev:719: entity.name=video1 entity.revision=0
12-22 06:59:03.644 E/mm-camera(  514): vpe_hardware_find_subdev:714: done enumerating media entities
12-22 06:59:03.644 E/mm-camera(  514): vpe_hardware_find_subdev:719: entity.name=video2 entity.revision=0
12-22 06:59:03.644 E/mm-camera(  514): vpe_hardware_find_subdev:714: done enumerating media entities
12-22 06:59:03.644 E/mm-camera(  514): vpe_hardware_find_subdev:686: no more media devices
12-22 06:59:03.644 E/mm-camera(  514): vpe_hardware_find_subdev:731: no vpe device found.
12-22 06:59:03.644 E/mm-camera(  514): vpe_hardware_create:31: error: cannot find vpe subdev
12-22 06:59:03.644 E/mm-camera(  514): vpe_module_create_vpe_ctrl:141, failed, cannnot create vpe hardware instance
12-22 06:59:03.644 E/mm-camera(  514): vpe_module_init:34 failed
12-22 06:59:03.644 E/mm-camera(  514): c2d_module_init:50 name=c2d
12-22 06:59:03.644 E/mm-camera(  514): c2d_module_init:92: info: C2D module_init successful
12-22 06:59:03.644 E/mm-camera-vpu(  514): vpu_module_init:54, INFO name=vpu
12-22 06:59:03.645 E/mm-camera-pp(  514): [INFO] base_module_init:142, name=tmod
12-22 06:59:03.651 E/mm-camera-pp(  514): [INFO] base_module_init:142, name=ezt
12-22 06:59:03.652 E/mm-camera-eztune(  514): Tuning lib open failed: dlopen failed: library "libmmcamera_tuning.so" not found
12-22 06:59:03.652 E/mm-camera-img(  514): frameproc_comp_load:843] Error opening frameproc library libmmcamera_llvd.so error dlopen failed: library "libmmcamera_llvd.so" not found
12-22 06:59:03.652 E/mm-camera(  514): module_imgbase_init_llvd:2207] Error rc -6
12-22 06:59:03.703 D/MDnsDS  (  482): MDnsSdListener::Hander starting up
12-22 06:59:03.704 D/MDnsDS  (  482): MDnsSdListener starting to monitor
12-22 06:59:03.704 D/MDnsDS  (  482): Going to poll with pollCount 1
12-22 06:59:03.716 I/mm-camera-img(  514): module_goog_eis_load:222 successfully loaded goog_eis library
12-22 06:59:03.717 I/mm-camera-img(  514): module_goog_eis_init:2120] successfully return
12-22 06:59:03.723 E/Minikin (  500): addFont failed to create font /system/fonts/NanumGothic.ttf
12-22 06:59:03.723 E/Minikin (  499): addFont failed to create font /system/fonts/NanumGothic.ttf
12-22 06:59:03.723 E/Minikin (  500): addFont failed to create font /system/fonts/DroidSansFallback.ttf
12-22 06:59:03.724 E/Minikin (  499): addFont failed to create font /system/fonts/DroidSansFallback.ttf
12-22 06:59:03.724 E/Minikin (  499): addFont failed to create font /system/fonts/MTLmr3m.ttf
12-22 06:59:03.724 E/Minikin (  500): addFont failed to create font /system/fonts/MTLmr3m.ttf
12-22 06:59:03.768 V/RenderScript(  514): 0xf4662000 Launching thread(s), CPUs 6
12-22 06:59:03.792 I/MSM-irqbalance(  376): Discovered a new IRQ: 89
12-22 06:59:03.792 I/MSM-irqbalance(  376): Discovered a new IRQ: 90
12-22 06:59:03.792 I/MSM-irqbalance(  376): Discovered a new IRQ: 196
12-22 06:59:03.793 I/MSM-irqbalance(  376): Discovered a new IRQ: 215
12-22 06:59:03.864 V/DngCreator_JNI(  499): DngCreator_nativeClassInit:
12-22 06:59:03.866 V/RenderScript(  514): Successfully loaded runtime: libRSDriver_adreno.so
12-22 06:59:03.869 V/DngCreator_JNI(  500): DngCreator_nativeClassInit:
12-22 06:59:03.889 W/Adreno-RS(  514): <rsdSetCacheDir:719>: System path detected in cacheDir: /system/vendor/lib
12-22 06:59:03.889 W/Adreno-RS(  514): <rsdSetCacheDir:730>: Caching & Profiling are disabled!
12-22 06:59:04.051 I/art     (  500): Thread[1,tid=500,Native,Thread*=0xf4f36500,peer=0x12c35100,"main"] recursive attempt to load library "/system/lib/libmedia_jni.so"
12-22 06:59:04.051 D/MtpDeviceJNI(  500): register_android_mtp_MtpDevice
12-22 06:59:04.051 I/art     (  500): Thread[1,tid=500,Native,Thread*=0xf4f36500,peer=0x12c35100,"main"] recursive attempt to load library "/system/lib/libmedia_jni.so"
12-22 06:59:04.052 I/art     (  500): Thread[1,tid=500,Native,Thread*=0xf4f36500,peer=0x12c35100,"main"] recursive attempt to load library "/system/lib/libmedia_jni.so"
12-22 06:59:04.054 I/art     (  499): Thread[1,tid=499,Native,Thread*=0x7f77c3ba00,peer=0x12c2c100,"main"] recursive attempt to load library "/system/lib64/libmedia_jni.so"
12-22 06:59:04.054 D/MtpDeviceJNI(  499): register_android_mtp_MtpDevice
12-22 06:59:04.054 I/art     (  499): Thread[1,tid=499,Native,Thread*=0x7f77c3ba00,peer=0x12c2c100,"main"] recursive attempt to load library "/system/lib64/libmedia_jni.so"
12-22 06:59:04.054 I/art     (  499): Thread[1,tid=499,Native,Thread*=0x7f77c3ba00,peer=0x12c2c100,"main"] recursive attempt to load library "/system/lib64/libmedia_jni.so"
12-22 06:59:04.084 E/EmojiFactory_jni(  500): Failed to load libemoji.so: dlopen failed: library "libemoji.so" not found
12-22 06:59:04.087 E/EmojiFactory_jni(  499): Failed to load libemoji.so: dlopen failed: library "libemoji.so" not found
12-22 06:59:04.108 E/QC-QMI  (  485): qmi_client [485]: unable to connect to server, errno=[2:No such file or directory], attempt=3
12-22 06:59:04.147 E/QC-QMI  (  496): qmi_client [496]: unable to connect to server, errno=[2:No such file or directory], attempt=4
12-22 06:59:04.202 E/QC-QMI  (  515): qmi_client [515]: unable to connect to server, errno=[2:No such file or directory], attempt=4
12-22 06:59:04.208 I/System  (  499): Loaded time zone names for "" in 18ms (17ms in ICU)
12-22 06:59:04.214 I/System  (  500): Loaded time zone names for "" in 19ms (19ms in ICU)
12-22 06:59:04.229 I/System  (  499): Loaded time zone names for "en_US" in 21ms (20ms in ICU)
12-22 06:59:04.244 I/System  (  499): Loaded time zone names for "de_DE" in 15ms (13ms in ICU)
12-22 06:59:04.249 I/System  (  500): Loaded time zone names for "en_US" in 35ms (12ms in ICU)
12-22 06:59:04.259 I/Zygote  (  499): ...preloaded 3831 classes in 1159ms.
12-22 06:59:04.259 I/art     (  499): VMRuntime.preloadDexCaches starting
12-22 06:59:04.268 I/System  (  500): Loaded time zone names for "de_DE" in 19ms (18ms in ICU)
12-22 06:59:04.279 I/Zygote  (  500): ...preloaded 3831 classes in 913ms.
12-22 06:59:04.279 I/art     (  500): VMRuntime.preloadDexCaches starting
12-22 06:59:04.311 I/art     (  499): VMRuntime.preloadDexCaches strings total=243695 before=43711 after=43711
12-22 06:59:04.311 I/art     (  499): VMRuntime.preloadDexCaches types total=20132 before=6880 after=6906
12-22 06:59:04.311 I/art     (  499): VMRuntime.preloadDexCaches fields total=98209 before=35725 after=35930
12-22 06:59:04.311 I/art     (  499): VMRuntime.preloadDexCaches methods total=170282 before=70820 after=71318
12-22 06:59:04.311 I/art     (  499): VMRuntime.preloadDexCaches finished
12-22 06:59:04.322 E/QC-QMI  (  615): qmi_client [615]: unable to connect to server, errno=[2:No such file or directory], attempt=3
12-22 06:59:04.323 E/slim_daemon(  615): [NDK] bindNDKSensors: Sensor server is unavailable.
12-22 06:59:04.333 I/art     (  500): VMRuntime.preloadDexCaches strings total=243695 before=43711 after=43711
12-22 06:59:04.333 I/art     (  500): VMRuntime.preloadDexCaches types total=20132 before=6880 after=6906
12-22 06:59:04.333 I/art     (  500): VMRuntime.preloadDexCaches fields total=98209 before=35725 after=35930
12-22 06:59:04.333 I/art     (  500): VMRuntime.preloadDexCaches methods total=170282 before=70820 after=71318
12-22 06:59:04.333 I/art     (  500): VMRuntime.preloadDexCaches finished
12-22 06:59:04.337 D/idmap   (  875): error: no read access to /vendor/overlay: No such file or directory
12-22 06:59:04.341 E/QC-QMI  (  494): qmi_client [494]: unable to connect to server, errno=[2:No such file or directory], attempt=4
12-22 06:59:04.358 D/idmap   (  876): error: no read access to /vendor/overlay: No such file or directory
12-22 06:59:04.371 I/Zygote  (  499): Preloading resources...
12-22 06:59:04.373 I/Zygote  (  500): Preloading resources...
12-22 06:59:04.377 E/QC-QMI  (  516): qmi_client [516]: unable to connect to server, errno=[2:No such file or directory], attempt=4
12-22 06:59:04.502 W/Adreno-RS(  514): <rsdSetCacheDir:719>: System path detected in cacheDir: /system/vendor/lib
12-22 06:59:04.503 W/Adreno-RS(  514): <rsdSetCacheDir:730>: Caching & Profiling are disabled!
12-22 06:59:04.521 I/art     (  500): Background sticky concurrent mark sweep GC freed 390(17KB) AllocSpace objects, 0(0B) LOS objects, 0% free, 3MB/3MB, paused 7.123ms total 11.533ms
12-22 06:59:04.679 E/mm-camera-img(  514): cac2_comp_load:1528] cds_proc_type 1
12-22 06:59:04.679 E/mm-camera(  514): pproc_module_init:2986 num_sub_mods:7
12-22 06:59:04.680 E/mm-camera-img(  514): Can not discover face-detect device
12-22 06:59:04.680 E/mm-camera-img(  514): Can not find device name
12-22 06:59:04.680 E/mm-camera-img(  514): faceproc_dsp_comp_load:1115] E
12-22 06:59:04.680 E/mm-camera(  514): module_faceproc_init:2289] HW or DSP FD not available switch to SW
12-22 06:59:04.689 E/mm-camera-img(  514): hdr_comp_load:1258] Error opening hdr library
12-22 06:59:04.689 E/hdr     (  514): Cannot load hdr lib in module_hdr_lib_load
12-22 06:59:04.689 E/hdr     (  514): Cannot load library in hdr module
12-22 06:59:04.689 E/mm-camera-img(  514): module_imglib_create_topology:742] Can not init the module hdr
12-22 06:59:04.689 E/mm-camera-img(  514): frameproc_comp_load:843] Error opening frameproc library libmmcamera_chromaflash_lib.so error dlopen failed: library "libmmcamera_chromaflash_lib.so" not found
12-22 06:59:04.690 E/mm-camera(  514): module_imgbase_init_imglib_chroma_flash:2207] Error rc -6
12-22 06:59:04.690 E/mm-camera-img(  514): module_imglib_create_topology:742] Can not init the module imglib_chroma_flash
12-22 06:59:04.690 E/mm-camera-img(  514): frameproc_comp_load:843] Error opening frameproc library libmmcamera_optizoom_lib.so error dlopen failed: library "libmmcamera_optizoom_lib.so" not found
12-22 06:59:04.690 E/mm-camera(  514): module_imgbase_init_imglib_optizoom:2207] Error rc -6
12-22 06:59:04.690 E/mm-camera-img(  514): module_imglib_create_topology:742] Can not init the module imglib_optizoom
12-22 06:59:04.690 E/mm-camera-img(  514): frameproc_comp_load:843] Error opening frameproc library libmmcamera_ubifocus_lib.so error dlopen failed: library "libmmcamera_ubifocus_lib.so" not found
12-22 06:59:04.690 E/mm-camera(  514): module_imgbase_init_imglib_ubifocus:2207] Error rc -6
12-22 06:59:04.690 E/mm-camera-img(  514): module_imglib_create_topology:742] Can not init the module imglib_ubifocus
12-22 06:59:04.690 E/mm-camera-img(  514): frameproc_comp_load:843] Error opening frameproc library libmmcamera_ubifocus_lib.so error dlopen failed: library "libmmcamera_ubifocus_lib.so" not found
12-22 06:59:04.691 E/mm-camera(  514): module_imgbase_init_imglib_refocus:2207] Error rc -6
12-22 06:59:04.691 E/mm-camera-img(  514): module_imglib_create_topology:742] Can not init the module imglib_refocus
12-22 06:59:04.691 E/mm-camera-img(  514): frameproc_comp_load:843] Error opening frameproc library libmmcamera_trueportrait_lib.so error dlopen failed: library "libmmcamera_trueportrait_lib.so" not found
12-22 06:59:04.691 E/mm-camera(  514): module_imgbase_init_imglib_trueportrait:2207] Error rc -6
12-22 06:59:04.691 E/mm-camera-img(  514): module_imglib_create_topology:742] Can not init the module imglib_trueportrait
12-22 06:59:04.691 E/mm-camera-img(  514): frameproc_comp_load:843] Error opening frameproc library libmmcamera_stillmore_lib.so error dlopen failed: library "libmmcamera_stillmore_lib.so" not found
12-22 06:59:04.691 E/mm-camera(  514): module_imgbase_init_imglib_stillmore:2207] Error rc -6
12-22 06:59:04.691 E/mm-camera-img(  514): module_imglib_create_topology:742] Can not init the module imglib_stillmore
12-22 06:59:04.732 I/Zygote  (  499): ...preloaded 342 resources in 360ms.
12-22 06:59:04.736 I/Zygote  (  499): ...preloaded 41 resources in 4ms.
12-22 06:59:04.738 D/libEGL  (  499): loaded /vendor/lib64/egl/libEGL_adreno.so
12-22 06:59:04.742 I/Zygote  (  500): ...preloaded 342 resources in 368ms.
12-22 06:59:04.746 I/Zygote  (  500): ...preloaded 41 resources in 4ms.
12-22 06:59:04.751 D/libEGL  (  500): loaded /vendor/lib/egl/libEGL_adreno.so
12-22 06:59:04.777 D/libEGL  (  499): loaded /vendor/lib64/egl/libGLESv1_CM_adreno.so
12-22 06:59:04.786 D/libEGL  (  499): loaded /vendor/lib64/egl/libGLESv2_adreno.so
12-22 06:59:04.797 I/Zygote  (  499): Preloading shared libraries...
12-22 06:59:04.808 D/Zygote  (  499): end preload
12-22 06:59:04.809 I/art     (  499): Starting a blocking GC Explicit
12-22 06:59:04.818 I/art     (  499): Explicit concurrent mark sweep GC freed 11454(463KB) AllocSpace objects, 0(0B) LOS objects, 40% free, 11MB/19MB, paused 91us total 9.486ms
12-22 06:59:04.828 I/art     (  499): Starting a blocking GC Explicit
12-22 06:59:04.835 I/art     (  499): Explicit concurrent mark sweep GC freed 2460(116KB) AllocSpace objects, 0(0B) LOS objects, 40% free, 11MB/19MB, paused 72us total 7.513ms
12-22 06:59:04.836 I/art     (  499): Starting a blocking GC HeapTrim
12-22 06:59:04.839 I/art     (  499): Starting a blocking GC Background
12-22 06:59:04.867 I/Zygote  (  499): System server process 879 has been created
12-22 06:59:04.874 I/Zygote  (  499): Accepting command socket connections
12-22 06:59:04.884 D/libEGL  (  500): loaded /vendor/lib/egl/libGLESv1_CM_adreno.so
12-22 06:59:04.902 D/libEGL  (  500): loaded /vendor/lib/egl/libGLESv2_adreno.so
12-22 06:59:04.931 I/Zygote  (  500): Preloading shared libraries...
12-22 06:59:04.941 D/Zygote  (  500): end preload
12-22 06:59:04.941 I/art     (  500): Starting a blocking GC Explicit
12-22 06:59:04.952 I/art     (  500): Explicit concurrent mark sweep GC freed 3108(155KB) AllocSpace objects, 0(0B) LOS objects, 39% free, 11MB/19MB, paused 245us total 10.305ms
12-22 06:59:04.952 I/art     (  500): Starting a blocking GC Explicit
12-22 06:59:04.962 I/art     (  500): Explicit concurrent mark sweep GC freed 148(5KB) AllocSpace objects, 0(0B) LOS objects, 40% free, 11MB/19MB, paused 151us total 9.829ms
12-22 06:59:04.962 I/Zygote  (  500): Accepting command socket connections
12-22 06:59:04.966 I/Zygote  (  879): Process: zygote socket opened, supported ABIS: armeabi-v7a,armeabi
12-22 06:59:04.967 I/InstallerConnection(  879): connecting...
12-22 06:59:04.968 I/installd(  488): new connection
12-22 06:59:05.006 I/InstallerConnection(  879): disconnecting...
12-22 06:59:05.007 E/installd(  488): eof
12-22 06:59:05.007 E/installd(  488): failed to read size
12-22 06:59:05.007 I/installd(  488): closing connection
12-22 06:59:05.047 I/SystemServer(  879): Entered the Android system server!
12-22 06:59:05.101 I/SystemServiceManager(  879): Starting com.android.server.pm.Installer
12-22 06:59:05.108 E/QC-QMI  (  485): qmi_client [485]: unable to connect to server, errno=[2:No such file or directory], attempt=4
12-22 06:59:05.111 I/Installer(  879): Waiting for installd to be ready.
12-22 06:59:05.111 I/InstallerConnection(  879): connecting...
12-22 06:59:05.111 I/installd(  488): new connection
12-22 06:59:05.112 I/SystemServiceManager(  879): Starting com.android.server.am.ActivityManagerService$Lifecycle
12-22 06:59:05.147 E/QC-QMI  (  496): qmi_client [496]: unable to connect to server, errno=[2:No such file or directory], attempt=5
12-22 06:59:05.148 I/ActivityManager(  879): Memory class: 192
12-22 06:59:05.165 D/BatteryStatsImpl(  879): Reading daily items from /data/system/batterystats-daily.xml
12-22 06:59:05.202 E/QC-QMI  (  515): qmi_client [515]: unable to connect to server, errno=[2:No such file or directory], attempt=5
12-22 06:59:05.292 I/IntentFirewall(  879): Read new rules (A:0 B:0 S:0)
12-22 06:59:05.299 D/AppOps  (  879): AppOpsService published
12-22 06:59:05.299 I/SystemServiceManager(  879): Starting com.android.server.power.PowerManagerService
12-22 06:59:05.308 I/QCOMPowerHAL(  879): QCOM power HAL initing.
12-22 06:59:05.308 W/libsuspend(  879): Error writing 'on' to /sys/power/state: Invalid argument
12-22 06:59:05.308 I/libsuspend(  879): Selected wakeup count
12-22 06:59:05.308 E/QCOMPowerHAL(  879): Invalid hint ID.
12-22 06:59:05.310 I/SystemServiceManager(  879): Starting com.android.server.lights.LightsService
12-22 06:59:05.313 I/SystemServiceManager(  879): Starting com.android.server.display.DisplayManagerService
12-22 06:59:05.315 I/SystemServiceManager(  879): Starting phase 100
12-22 06:59:05.322 E/QC-QMI  (  615): qmi_client [615]: unable to connect to server, errno=[2:No such file or directory], attempt=4
12-22 06:59:05.323 E/slim_daemon(  615): [NDK] bindNDKSensors: Sensor server is unavailable.
12-22 06:59:05.329 I/DisplayManagerService(  879): Display device added: DisplayDeviceInfo{"Integrierter Bildschirm": uniqueId="local:0", 1080 x 1920, modeId 1, defaultModeId 1, supportedModes [{id=1, width=1080, height=1920, fps=60.0}], colorTransformId 1, defaultColorTransformId 1, supportedColorTransforms [{id=1, colorTransform=-22}], density 420, 422.03 x 424.069 dpi, appVsyncOff 0, presDeadline 17666667, touch INTERNAL, rotation 0, type BUILT_IN, state UNKNOWN, FLAG_DEFAULT_DISPLAY, FLAG_ROTATES_WITH_CONTENT, FLAG_SECURE, FLAG_SUPPORTS_PROTECTED_BUFFERS}
12-22 06:59:05.330 D/SurfaceFlinger(  372): Set power mode=2, type=0 flinger=0x7faaa03c00
12-22 06:59:05.330 D/SurfaceFlinger(  372): Screen type=0 is already mode=2
12-22 06:59:05.331 I/SystemServer(  879): Package Manager
12-22 06:59:05.331 I/DisplayManagerService(  879): Display device changed state: "Integrierter Bildschirm", ON
12-22 06:59:05.342 E/QC-QMI  (  494): qmi_client [494]: unable to connect to server, errno=[2:No such file or directory], attempt=5
12-22 06:59:05.348 D/vold    (  339): Disk at 253:0 changed
12-22 06:59:05.377 E/QC-QMI  (  516): qmi_client [516]: unable to connect to server, errno=[2:No such file or directory], attempt=5
12-22 06:59:05.394 D/vold    (  339): Disk at 253:0 changed
12-22 06:59:05.403 D/vold    (  339): Disk at 253:0 changed
12-22 06:59:05.424 D/SELinuxMMAC(  879): Using policy file /system/etc/security/mac_permissions.xml
12-22 06:59:05.483 D/PackageSettings(  879): Read domain verification for package:com.google.android.music
12-22 06:59:05.509 D/PackageSettings(  879): Read domain verification for package:com.google.android.apps.books
12-22 06:59:05.510 D/PackageSettings(  879): Read domain verification for package:com.google.android.keep
12-22 06:59:05.565 D/vold    (  339): Disk at 253:0 changed
12-22 06:59:05.569 D/vold    (  339): Disk at 253:0 changed
12-22 06:59:05.570 D/vold    (  339): Disk at 253:0 changed
12-22 06:59:05.571 D/vold    (  339): Disk at 253:0 changed
12-22 06:59:05.572 D/vold    (  339): Disk at 253:0 changed
12-22 06:59:05.574 D/vold    (  339): Disk at 253:0 changed
12-22 06:59:05.575 D/vold    (  339): Disk at 253:0 changed
12-22 06:59:05.576 D/vold    (  339): Disk at 253:0 changed
12-22 06:59:05.577 D/vold    (  339): Disk at 253:0 changed
12-22 06:59:05.577 D/vold    (  339): Disk at 253:0 changed
12-22 06:59:05.591 E/art     (  879): DexFile_getDexOptNeeded file '/system/framework/org.apache.http.legacy.jar' does not exist
12-22 06:59:05.591 W/PackageManager(  879): Library not found: /system/framework/org.apache.http.legacy.jar
12-22 06:59:05.629 E/art     (  879): DexFile_getDexOptNeeded file '/system/framework/org.apache.http.legacy.jar' does not exist
12-22 06:59:05.630 W/PackageManager(  879): Library not found: /system/framework/org.apache.http.legacy.jar
12-22 06:59:05.776 D/PackageManager(  879): No files in app dir /vendor/overlay
12-22 06:59:05.779 W/PackageManager(  879): Failed to parse /system/framework/arm: Missing base APK in /system/framework/arm
12-22 06:59:05.779 W/PackageManager(  879): Failed to parse /system/framework/arm64: Missing base APK in /system/framework/arm64
12-22 06:59:05.825 W/PackageManager(  879): Failed to parse /system/framework/oat: Missing base APK in /system/framework/oat
12-22 06:59:06.021 W/PackageParser(  879): Unknown element under <application>: uses-permission at /system/priv-app/DiagMon/DiagMon.apk Binary XML file line #7
12-22 06:59:06.051 W/PackageManager(  879): Permission android.permission.DOWNLOAD_WITHOUT_NOTIFICATION from package com.android.providers.downloads in an unknown group android.permission-group.NETWORK
12-22 06:59:06.104 W/PackageManager(  879): Failed to parse /system/priv-app/GCS: Package com.google.android.apps.gcs at /system/priv-app/GCS ignored: updated version 56 better than this 54
12-22 06:59:06.109 E/QC-QMI  (  485): qmi_client [485]: unable to connect to server, errno=[2:No such file or directory], attempt=5
12-22 06:59:06.143 W/PackageParser(  879): No actions in intent filter at /system/priv-app/GoogleContacts/GoogleContacts.apk Binary XML file line #390
12-22 06:59:06.145 W/PackageManager(  879): Failed to parse /system/priv-app/GoogleContacts: Package com.google.android.contacts at /system/priv-app/GoogleContacts ignored: updated version 10307 better than this 10200
12-22 06:59:06.148 E/QC-QMI  (  496): qmi_client [496]: unable to connect to server, errno=[2:No such file or directory], attempt=6
12-22 06:59:06.174 W/PackageParser(  879): No actions in intent filter at /system/priv-app/GoogleDialer/GoogleDialer.apk Binary XML file line #191
12-22 06:59:06.176 W/PackageManager(  879): Failed to parse /system/priv-app/GoogleDialer: Package com.google.android.dialer at /system/priv-app/GoogleDialer ignored: updated version 20312 better than this 20210
12-22 06:59:06.185 W/PackageParser(  879): Unknown element under <manifest>: uses-library at /system/priv-app/GoogleFeedback/GoogleFeedback.apk Binary XML file line #30
12-22 06:59:06.203 E/QC-QMI  (  515): qmi_client [515]: unable to connect to server, errno=[2:No such file or directory], attempt=6
12-22 06:59:06.299 W/PackageParser(  879): Ignoring duplicate uses-permissions/uses-permissions-sdk-m: com.google.android.providers.gsf.permission.READ_GSERVICES in package: com.google.android.partnersetup at: Binary XML file line #31
12-22 06:59:06.322 E/QC-QMI  (  615): qmi_client [615]: unable to connect to server, errno=[2:No such file or directory], attempt=5
12-22 06:59:06.324 E/slim_daemon(  615): [NDK] bindNDKSensors: Sensor server is unavailable.
12-22 06:59:06.342 E/QC-QMI  (  494): qmi_client [494]: unable to connect to server, errno=[2:No such file or directory], attempt=6
12-22 06:59:06.359 W/PackageManager(  879): Permission com.google.android.googleapps.permission.GOOGLE_AUTH from package com.google.android.gsf in an unknown group android.permission-group.ACCOUNTS
12-22 06:59:06.359 W/PackageManager(  879): Permission com.google.android.googleapps.permission.GOOGLE_AUTH.ALL_SERVICES from package com.google.android.gsf in an unknown group android.permission-group.ACCOUNTS
12-22 06:59:06.359 W/PackageManager(  879): Permission com.google.android.googleapps.permission.GOOGLE_AUTH.OTHER_SERVICES from package com.google.android.gsf in an unknown group android.permission-group.ACCOUNTS
12-22 06:59:06.359 W/PackageManager(  879): Permission com.google.android.googleapps.permission.GOOGLE_AUTH.mail from package com.google.android.gsf in an unknown group android.permission-group.ACCOUNTS
12-22 06:59:06.359 W/PackageManager(  879): Permission com.google.android.googleapps.permission.GOOGLE_AUTH.cl from package com.google.android.gsf in an unknown group android.permission-group.ACCOUNTS
12-22 06:59:06.359 W/PackageManager(  879): Permission com.google.android.googleapps.permission.GOOGLE_AUTH.android from package com.google.android.gsf in an unknown group android.permission-group.ACCOUNTS
12-22 06:59:06.359 W/PackageManager(  879): Permission com.google.android.googleapps.permission.GOOGLE_AUTH.androidsecure from package com.google.android.gsf in an unknown group android.permission-group.ACCOUNTS
12-22 06:59:06.359 W/PackageManager(  879): Permission com.google.android.googleapps.permission.GOOGLE_AUTH.sierra from package com.google.android.gsf in an unknown group android.permission-group.ACCOUNTS
12-22 06:59:06.359 W/PackageManager(  879): Permission com.google.android.googleapps.permission.GOOGLE_AUTH.sierraqa from package com.google.android.gsf in an unknown group android.permission-group.ACCOUNTS
12-22 06:59:06.359 W/PackageManager(  879): Permission com.google.android.googleapps.permission.GOOGLE_AUTH.sierrasandbox from package com.google.android.gsf in an unknown group android.permission-group.ACCOUNTS
12-22 06:59:06.359 W/PackageManager(  879): Permission com.google.android.googleapps.permission.GOOGLE_AUTH.youtube from package com.google.android.gsf in an unknown group android.permission-group.ACCOUNTS
12-22 06:59:06.359 W/PackageManager(  879): Permission com.google.android.googleapps.permission.GOOGLE_AUTH.YouTubeUser from package com.google.android.gsf in an unknown group android.permission-group.ACCOUNTS
12-22 06:59:06.359 W/PackageManager(  879): Permission com.google.android.googleapps.permission.GOOGLE_AUTH.talk from package com.google.android.gsf in an unknown group android.permission-group.ACCOUNTS
12-22 06:59:06.359 W/PackageManager(  879): Permission com.google.android.googleapps.permission.GOOGLE_AUTH.ig from package com.google.android.gsf in an unknown group android.permission-group.ACCOUNTS
12-22 06:59:06.360 W/PackageManager(  879): Permission com.google.android.googleapps.permission.GOOGLE_AUTH.lh2 from package com.google.android.gsf in an unknown group android.permission-group.ACCOUNTS
12-22 06:59:06.360 W/PackageManager(  879): Permission com.google.android.googleapps.permission.GOOGLE_AUTH.mobile from package com.google.android.gsf in an unknown group android.permission-group.ACCOUNTS
12-22 06:59:06.360 W/PackageManager(  879): Permission com.google.android.googleapps.permission.GOOGLE_AUTH.cp from package com.google.android.gsf in an unknown group android.permission-group.ACCOUNTS
12-22 06:59:06.360 W/PackageManager(  879): Permission com.google.android.googleapps.permission.GOOGLE_AUTH.adsense from package com.google.android.gsf in an unknown group android.permission-group.ACCOUNTS
12-22 06:59:06.360 W/PackageManager(  879): Permission com.google.android.googleapps.permission.GOOGLE_AUTH.adwords from package com.google.android.gsf in an unknown group android.permission-group.ACCOUNTS
12-22 06:59:06.360 W/PackageManager(  879): Permission com.google.android.googleapps.permission.GOOGLE_AUTH.blogger from package com.google.android.gsf in an unknown group android.permission-group.ACCOUNTS
12-22 06:59:06.360 W/PackageManager(  879): Permission com.google.android.googleapps.permission.GOOGLE_AUTH.dodgeball from package com.google.android.gsf in an unknown group android.permission-group.ACCOUNTS
12-22 06:59:06.360 W/PackageManager(  879): Permission com.google.android.googleapps.permission.GOOGLE_AUTH.gbase from package com.google.android.gsf in an unknown group android.permission-group.ACCOUNTS
12-22 06:59:06.360 W/PackageManager(  879): Permission com.google.android.googleapps.permission.GOOGLE_AUTH.groups2 from package com.google.android.gsf in an unknown group android.permission-group.ACCOUNTS
12-22 06:59:06.360 W/PackageManager(  879): Permission com.google.android.googleapps.permission.GOOGLE_AUTH.health from package com.google.android.gsf in an unknown group android.permission-group.ACCOUNTS
12-22 06:59:06.360 W/PackageManager(  879): Permission com.google.android.googleapps.permission.GOOGLE_AUTH.jotspot from package com.google.android.gsf in an unknown group android.permission-group.ACCOUNTS
12-22 06:59:06.360 W/PackageManager(  879): Permission com.google.android.googleapps.permission.GOOGLE_AUTH.knol from package com.google.android.gsf in an unknown group android.permission-group.ACCOUNTS
12-22 06:59:06.360 W/PackageManager(  879): Permission com.google.android.googleapps.permission.GOOGLE_AUTH.news from package com.google.android.gsf in an unknown group android.permission-group.ACCOUNTS
12-22 06:59:06.360 W/PackageManager(  879): Permission com.google.android.googleapps.permission.GOOGLE_AUTH.orkut from package com.google.android.gsf in an unknown group android.permission-group.ACCOUNTS
12-22 06:59:06.360 W/PackageManager(  879): Permission com.google.android.googleapps.permission.GOOGLE_AUTH.print from package com.google.android.gsf in an unknown group android.permission-group.ACCOUNTS
12-22 06:59:06.360 W/PackageManager(  879): Permission com.google.android.googleapps.permission.GOOGLE_AUTH.sitemaps from package com.google.android.gsf in an unknown group android.permission-group.ACCOUNTS
12-22 06:59:06.360 W/PackageManager(  879): Permission com.google.android.googleapps.permission.GOOGLE_AUTH.wifi from package com.google.android.gsf in an unknown group android.permission-group.ACCOUNTS
12-22 06:59:06.360 W/PackageManager(  879): Permission com.google.android.googleapps.permission.GOOGLE_AUTH.finance from package com.google.android.gsf in an unknown group android.permission-group.ACCOUNTS
12-22 06:59:06.360 W/PackageManager(  879): Permission com.google.android.googleapps.permission.GOOGLE_AUTH.local from package com.google.android.gsf in an unknown group android.permission-group.ACCOUNTS
12-22 06:59:06.360 W/PackageManager(  879): Permission com.google.android.googleapps.permission.GOOGLE_AUTH.ah from package com.google.android.gsf in an unknown group android.permission-group.ACCOUNTS
12-22 06:59:06.360 W/PackageManager(  879): Permission com.google.android.googleapps.permission.GOOGLE_AUTH.notebook from package com.google.android.gsf in an unknown group android.permission-group.ACCOUNTS
12-22 06:59:06.360 W/PackageManager(  879): Permission com.google.android.googleapps.permission.GOOGLE_AUTH.writely from package com.google.android.gsf in an unknown group android.permission-group.ACCOUNTS
12-22 06:59:06.361 W/PackageManager(  879): Permission com.google.android.googleapps.permission.GOOGLE_AUTH.wise from package com.google.android.gsf in an unknown group android.permission-group.ACCOUNTS
12-22 06:59:06.361 W/PackageManager(  879): Permission com.google.android.googleapps.permission.GOOGLE_AUTH.grandcentral from package com.google.android.gsf in an unknown group android.permission-group.ACCOUNTS
12-22 06:59:06.361 W/PackageManager(  879): Permission com.google.android.googleapps.permission.GOOGLE_AUTH.speechpersonalization from package com.google.android.gsf in an unknown group android.permission-group.ACCOUNTS
12-22 06:59:06.361 W/PackageManager(  879): Permission com.google.android.googleapps.permission.GOOGLE_AUTH.speech from package com.google.android.gsf in an unknown group android.permission-group.ACCOUNTS
12-22 06:59:06.361 W/PackageManager(  879): Permission com.google.android.providers.talk.permission.READ_ONLY from package com.google.android.gsf in an unknown group android.permission-group.MESSAGES
12-22 06:59:06.361 W/PackageManager(  879): Permission com.google.android.providers.talk.permission.WRITE_ONLY from package com.google.android.gsf in an unknown group android.permission-group.MESSAGES
12-22 06:59:06.361 W/PackageManager(  879): Permission com.google.android.gtalkservice.permission.GTALK_SERVICE from package com.google.android.gsf in an unknown group android.permission-group.MESSAGES
12-22 06:59:06.361 W/PackageManager(  879): Permission com.google.android.gtalkservice.permission.SEND_HEARTBEAT from package com.google.android.gsf in an unknown group android.permission-group.NETWORK
12-22 06:59:06.361 W/PackageManager(  879): Permission com.google.android.permission.BROADCAST_DATA_MESSAGE from package com.google.android.gsf in an unknown group android.permission-group.NETWORK
12-22 06:59:06.361 W/PackageManager(  879): Permission com.google.android.c2dm.permission.SEND from package com.google.android.gsf in an unknown group android.permission-group.NETWORK
12-22 06:59:06.361 W/PackageManager(  879): Permission com.google.android.c2dm.permission.RECEIVE from package com.google.android.gsf in an unknown group android.permission-group.NETWORK
12-22 06:59:06.361 W/PackageManager(  879): Permission com.google.android.xmpp.permission.BROADCAST from package com.google.android.gsf in an unknown group android.permission-group.NETWORK
12-22 06:59:06.361 W/PackageManager(  879): Permission com.google.android.xmpp.permission.SEND_RECEIVE from package com.google.android.gsf in an unknown group android.permission-group.NETWORK
12-22 06:59:06.361 W/PackageManager(  879): Permission com.google.android.xmpp.permission.XMPP_ENDPOINT_BROADCAST from package com.google.android.gsf in an unknown group android.permission-group.NETWORK
12-22 06:59:06.361 W/PackageManager(  879): Permission com.google.android.xmpp.permission.USE_XMPP_ENDPOINT from package com.google.android.gsf in an unknown group android.permission-group.NETWORK
12-22 06:59:06.361 W/PackageManager(  879): Permission com.google.android.providers.gsf.permission.READ_GSERVICES from package com.google.android.gsf in an unknown group android.permission-group.ACCOUNTS
12-22 06:59:06.377 E/QC-QMI  (  516): qmi_client [516]: unable to connect to server, errno=[2:No such file or directory], attempt=6
12-22 06:59:06.471 W/netmgrd (  495): type=1400 audit(0.0:49): avc: denied { read write } for name="diag" dev="tmpfs" ino=11544 scontext=u:r:netmgrd:s0 tcontext=u:object_r:diag_device:s0 tclass=chr_file permissive=0
12-22 06:59:06.487 E/Diag_Lib(  495):  Diag_LSM_Init: Failed to open handle to diag driver, error = 13
12-22 06:59:06.501 E/Diag_Lib(  495):  Diag_LSM_Init: Failed to open handle to diag driver, error = 13
12-22 06:59:06.481 W/netmgrd (  495): type=1400 audit(0.0:50): avc: denied { read write } for name="diag" dev="tmpfs" ino=11544 scontext=u:r:netmgrd:s0 tcontext=u:object_r:diag_device:s0 tclass=chr_file permissive=0
12-22 06:59:06.512 E/QC-QMI  (  492): linux_qmi_qmux_io_stop_watchdog_timer(): invalid timer_id for conn_id=0
12-22 06:59:06.512 E/QC-QMI  (  492): qmi_ctl_rx_msg.c Can't find txn info for txn_id = 1
12-22 06:59:06.518 W/PackageManager(  879): Failed to parse /system/priv-app/Phonesky: Package com.android.vending at /system/priv-app/Phonesky ignored: updated version 80430500 better than this 80420700
12-22 06:59:06.562 E/QC-QMI  (  492): qmuxd: unable to bind to listener socket, rc=-1, errno=[2:No such file or directory]
12-22 06:59:06.562 E/QC-QMI  (  492): qmuxd: invalid listener_fd recvd for sock_path=/dev/socket/qmux_nfc/qmux_connect_socket
12-22 06:59:06.562 E/QC-QMI  (  492): linux_qmi_qmux_io_stop_watchdog_timer(): invalid timer_id for conn_id=60
12-22 06:59:06.609 W/PackageParser(  879): Ignoring duplicate uses-permissions/uses-permissions-sdk-m: android.permission.SYSTEM_ALERT_WINDOW in package: com.google.android.gms at: Binary XML file line #77
12-22 06:59:06.609 W/PackageParser(  879): Ignoring duplicate uses-permissions/uses-permissions-sdk-m: android.permission.SUBSCRIBED_FEEDS_READ in package: com.google.android.gms at: Binary XML file line #90
12-22 06:59:06.609 W/PackageParser(  879): Ignoring duplicate uses-permissions/uses-permissions-sdk-m: android.permission.SUBSCRIBED_FEEDS_WRITE in package: com.google.android.gms at: Binary XML file line #91
12-22 06:59:06.609 W/PackageParser(  879): Ignoring duplicate uses-permissions/uses-permissions-sdk-m: android.permission.WRITE_SETTINGS in package: com.google.android.gms at: Binary XML file line #134
12-22 06:59:06.610 W/PackageParser(  879): Ignoring duplicate uses-permissions/uses-permissions-sdk-m: android.permission.SYSTEM_ALERT_WINDOW in package: com.google.android.gms at: Binary XML file line #160
12-22 06:59:06.610 W/PackageParser(  879): Ignoring duplicate uses-permissions/uses-permissions-sdk-m: android.permission.READ_SYNC_SETTINGS in package: com.google.android.gms at: Binary XML file line #164
12-22 06:59:06.610 W/PackageParser(  879): Ignoring duplicate uses-permissions/uses-permissions-sdk-m: android.permission.WRITE_SYNC_SETTINGS in package: com.google.android.gms at: Binary XML file line #165
12-22 06:59:06.610 W/PackageParser(  879): Ignoring duplicate uses-permissions/uses-permissions-sdk-m: android.permission.VIBRATE in package: com.google.android.gms at: Binary XML file line #167
12-22 06:59:06.610 W/PackageParser(  879): Ignoring duplicate uses-permissions/uses-permissions-sdk-m: android.permission.VIBRATE in package: com.google.android.gms at: Binary XML file line #209
