12-22 06:59:13.666 I/AudioFlinger(  487): AudioFlinger's thread 0xf3440000 ready to run
12-22 06:59:13.667 I/AudioFlinger(  487): AudioFlinger's thread 0xf3440000 ready to run
12-22 06:59:13.669 I/bt_a2dp_hw(  487): adev_open:  adev_open in A2dp_hw module
12-22 06:59:13.669 I/AudioFlinger(  487): loadHwModule() Loaded a2dp audio interface from A2DP Audio HW HAL (audio) handle 14
12-22 06:59:13.674 I/AudioFlinger(  487): loadHwModule() Loaded usb audio interface from USB audio HW HAL (audio) handle 15
12-22 06:59:13.676 I/r_submix(  487): adev_open(name=audio_hw_if)
12-22 06:59:13.676 I/r_submix(  487): adev_init_check()
12-22 06:59:13.676 I/AudioFlinger(  487): loadHwModule() Loaded r_submix audio interface from Wifi Display audio HAL (audio) handle 16
12-22 06:59:13.676 D/r_submix(  487): adev_open_input_stream(addr=0)
12-22 06:59:13.676 D/r_submix(  487): submix_audio_device_create_pipe_l(addr=0, idx=9)
12-22 06:59:13.676 D/r_submix(  487):   now using address 0 for route 9
12-22 06:59:13.677 I/AudioFlinger(  487): AudioFlinger's thread 0xf3440000 ready to run
12-22 06:59:13.678 D/r_submix(  487): adev_close_input_stream()
12-22 06:59:13.678 D/r_submix(  487): submix_audio_device_release_pipe_l(idx=9) addr=0
12-22 06:59:13.678 D/r_submix(  487): submix_audio_device_destroy_pipe_l(): pipe destroyed
12-22 06:59:13.683 D/sound_trigger_hw(  487): stdev_open: Enter
12-22 06:59:13.683 I/sound_trigger_platform(  487): platform_stdev_init: Enter
12-22 06:59:13.780 I/sound_trigger_platform(  487): platform_stdev_init: acdb_init: msm8994-tomtom-snd-card
12-22 06:59:13.781 D/sound_trigger_platform(  487): platform_stdev_init Opening device /dev/snd/hwC0D1000
12-22 06:59:13.798 W/sound_trigger_platform(  487): platform_stdev_init: dlopen failed for libsmwrapper.so
12-22 06:59:13.817 I/sound_trigger_hw(  487): stdev_get_properties
12-22 06:59:13.817 I/SoundTriggerHwService(  487): loaded default module Sound Trigger HAL, handle 1
12-22 06:59:13.825 I/RadioService(  487): RadioService
12-22 06:59:13.825 I/RadioService(  487): onFirstRef
12-22 06:59:13.825 E/RadioService(  487): couldn't load radio module radio.primary (No such file or directory)
12-22 06:59:14.330 E/slim_daemon(  615): [NDK] bindNDKSensors: Sensor server is unavailable.
12-22 06:59:14.614 W/PackageManager(  879): Permission com.google.android.apps.docs.permission.READ_MY_DATA from package com.google.android.apps.docs in an unknown group android.permission-group.PERSONAL_INFO
12-22 06:59:14.615 W/PackageManager(  879): Permission com.google.android.apps.docs.permission.SYNC_STATUS from package com.google.android.apps.docs in an unknown group android.permission-group.PERSONAL_INFO
12-22 06:59:14.820 W/PackageManager(  879): Permission com.android.chrome.permission.DEBUG from package com.android.chrome in an unknown group android.permission-group.DEVELOPMENT_TOOLS
12-22 06:59:14.911 W/PackageManager(  879): Permission com.google.android.gm.email.permission.READ_ATTACHMENT from package com.google.android.gm in an unknown group android.permission-group.MESSAGES
12-22 06:59:14.911 W/PackageManager(  879): Permission com.google.android.gm.permission.READ_GMAIL from package com.google.android.gm in an unknown group android.permission-group.MESSAGES
12-22 06:59:14.911 W/PackageManager(  879): Permission com.google.android.gm.permission.WRITE_GMAIL from package com.google.android.gm in an unknown group android.permission-group.MESSAGES
12-22 06:59:14.911 W/PackageManager(  879): Permission com.google.android.gm.permission.AUTO_SEND from package com.google.android.gm in an unknown group android.permission-group.MESSAGES
12-22 06:59:14.911 W/PackageManager(  879): Permission com.google.android.gm.permission.READ_CONTENT_PROVIDER from package com.google.android.gm in an unknown group android.permission-group.MESSAGES
12-22 06:59:15.330 E/slim_daemon(  615): [NDK] bindNDKSensors: Sensor server is unavailable.
12-22 06:59:15.656 W/PackageParser(  879): No actions in intent filter at /data/app/com.google.android.contacts-1/base.apk Binary XML file line #297
12-22 06:59:16.331 E/slim_daemon(  615): [NDK] bindNDKSensors: Sensor server is unavailable.
12-22 06:59:17.213 I/ServiceManager(  515): Waiting for service AtCmdFwd...
12-22 06:59:17.331 E/slim_daemon(  615): [NDK] bindNDKSensors: Sensor server is unavailable.
12-22 06:59:17.419 W/PackageManager(  879): Permission com.android.vending.CHECK_LICENSE from package com.android.vending in an unknown group android.permission-group.NETWORK
12-22 06:59:17.419 W/PackageManager(  879): Permission com.android.vending.BILLING from package com.android.vending in an unknown group android.permission-group.NETWORK
12-22 06:59:17.560 D/PackageManager(  879): No files in app dir /data/app-private
12-22 06:59:17.580 W/PackageManager(  879): Package com.ray.shadow.free desires unavailable shared library com.sec.android.app.multiwindow; ignoring!
12-22 06:59:17.581 W/PackageManager(  879): Package com.google.android.gms desires unavailable shared library com.google.android.ble; ignoring!
12-22 06:59:17.581 W/PackageManager(  879): Package com.google.android.GoogleCamera desires unavailable shared library com.google.android.gestureservice; ignoring!
12-22 06:59:17.581 W/PackageManager(  879): Package com.google.android.GoogleCamera desires unavailable shared library com.google.android.camera2; ignoring!
12-22 06:59:17.581 I/PackageManager(  879): Adjusting ABI for : com.google.android.backuptransport to arm64-v8a
12-22 06:59:17.666 I/PackageManager(  879): Adjusting ABI for : com.google.android.gsf.login to arm64-v8a
12-22 06:59:17.667 I/PackageManager(  879): Adjusting ABI for : com.google.android.gsf to arm64-v8a
12-22 06:59:17.667 I/PackageManager(  879): Adjusting ABI for : com.lge.HiddenMenu to arm64-v8a
12-22 06:59:17.668 I/PackageManager(  879): Adjusting ABI for : com.qualcomm.atfwd to arm64-v8a
12-22 06:59:17.668 I/PackageManager(  879): Adjusting ABI for : com.android.providers.settings to arm64-v8a
12-22 06:59:17.668 I/PackageManager(  879): Adjusting ABI for : com.android.location.fused to arm64-v8a
12-22 06:59:17.669 I/PackageManager(  879): Adjusting ABI for : com.android.inputdevices to arm64-v8a
12-22 06:59:17.669 I/PackageManager(  879): Adjusting ABI for : com.android.settings to arm64-v8a
12-22 06:59:17.670 I/PackageManager(  879): Adjusting ABI for : com.qualcomm.timeservice to arm64-v8a
12-22 06:59:17.670 I/PackageManager(  879): Adjusting ABI for : com.android.server.telecom to arm64-v8a
12-22 06:59:17.670 I/PackageManager(  879): Adjusting ABI for : com.android.keychain to arm64-v8a
12-22 06:59:17.671 I/PackageManager(  879): Adjusting ABI for : com.quicinc.cne.CNEService to arm64-v8a
12-22 06:59:17.671 I/PackageManager(  879): Adjusting ABI for : com.android.mms.service to arm64-v8a
12-22 06:59:17.671 I/PackageManager(  879): Adjusting ABI for : com.android.sdm.plugins.diagmon to arm64-v8a
12-22 06:59:17.672 I/PackageManager(  879): Adjusting ABI for : com.android.providers.telephony to arm64-v8a
12-22 06:59:17.672 I/PackageManager(  879): Adjusting ABI for : com.qualcomm.qti.rcsimsbootstraputil to arm64-v8a
12-22 06:59:17.672 I/PackageManager(  879): Adjusting ABI for : com.android.sdm.plugins.connmo to arm64-v8a
12-22 06:59:17.673 I/PackageManager(  879): Adjusting ABI for : com.qualcomm.qcrilmsgtunnel to arm64-v8a
12-22 06:59:17.673 I/PackageManager(  879): Adjusting ABI for : com.android.sdm.plugins.dcmo to arm64-v8a
12-22 06:59:17.673 I/PackageManager(  879): Adjusting ABI for : com.android.stk to arm64-v8a
12-22 06:59:17.674 I/PackageManager(  879): Adjusting ABI for : com.qti.qualcomm.datastatusnotification to arm64-v8a
12-22 06:59:17.674 I/PackageManager(  879): Adjusting ABI for : com.qualcomm.qti.rcsbootstraputil to arm64-v8a
12-22 06:59:17.675 I/PackageManager(  879): Adjusting ABI for : com.android.phone to arm64-v8a
12-22 06:59:17.675 I/PackageManager(  879): Adjusting ABI for : com.android.sdm.plugins.sprintdm to arm64-v8a
12-22 06:59:17.702 I/PackageManager(  879): Time to scan packages: 12.149 seconds
12-22 06:59:17.728 W/PackageManager(  879): Not granting permission android.permission.MANAGE_DOCUMENTS to package com.google.android.youtube (protectionLevel=2 flags=0x38583ec5)
12-22 06:59:17.742 W/PackageManager(  879): Unknown permission com.google.android.voicesearch.SHORTCUTS_ACCESS in package com.google.android.googlequicksearchbox
12-22 06:59:17.742 W/PackageManager(  879): Unknown permission com.google.android.voicesearch.ACCESS_SETTINGS in package com.google.android.googlequicksearchbox
12-22 06:59:17.742 W/PackageManager(  879): Unknown permission com.android.browser.permission.PRELOAD in package com.google.android.googlequicksearchbox
12-22 06:59:17.742 W/PackageManager(  879): Unknown permission com.google.android.ears.permission.WRITE in package com.google.android.googlequicksearchbox
12-22 06:59:17.742 W/PackageManager(  879): Unknown permission com.google.android.apps.googlevoice.permission.AUTO_SEND in package com.google.android.googlequicksearchbox
12-22 06:59:17.742 W/PackageManager(  879): Unknown permission com.android.chrome.PRERENDER_URL in package com.google.android.googlequicksearchbox
12-22 06:59:17.743 W/PackageManager(  879): Not granting permission com.google.android.googleapps.permission.GOOGLE_AUTH to package com.android.providers.calendar (protectionLevel=2 flags=0x30083e45)
12-22 06:59:17.743 W/PackageManager(  879): Not granting permission com.google.android.googleapps.permission.GOOGLE_AUTH.cl to package com.android.providers.calendar (protectionLevel=2 flags=0x30083e45)
12-22 06:59:17.743 W/PackageManager(  879): Not granting permission android.permission.GET_ACCOUNTS to package com.google.android.apps.docs.editors.docs because it was previously installed without
12-22 06:59:17.743 W/PackageManager(  879): Unknown permission android.permission.WRITE_SYNC_STATS in package com.google.android.apps.docs.editors.docs
12-22 06:59:17.743 W/PackageManager(  879): Not granting permission android.permission.WRITE_EXTERNAL_STORAGE to package com.google.android.apps.docs.editors.docs because it was previously installed without
12-22 06:59:17.743 W/PackageManager(  879): Not granting permission android.permission.READ_CONTACTS to package com.google.android.apps.docs.editors.docs because it was previously installed without
12-22 06:59:17.743 W/PackageManager(  879): Not granting permission com.google.android.gm.permission.READ_GMAIL to package com.google.android.apps.docs.editors.docs (protectionLevel=2 flags=0x38183e44)
12-22 06:59:17.743 W/PackageManager(  879): Not granting permission com.google.android.googleapps.permission.GOOGLE_AUTH to package com.google.android.apps.docs.editors.docs (protectionLevel=2 flags=0x38183e44)
12-22 06:59:17.743 W/PackageManager(  879): Not granting permission com.google.android.googleapps.permission.GOOGLE_AUTH.OTHER_SERVICES to package com.google.android.apps.docs.editors.docs (protectionLevel=2 flags=0x38183e44)
12-22 06:59:17.743 W/PackageManager(  879): Not granting permission com.google.android.googleapps.permission.GOOGLE_AUTH.ALL_SERVICES to package com.google.android.apps.docs.editors.docs (protectionLevel=2 flags=0x38183e44)
12-22 06:59:17.744 W/PackageManager(  879): Not granting permission com.google.android.googleapps.permission.GOOGLE_AUTH.writely to package com.google.android.apps.docs.editors.docs (protectionLevel=2 flags=0x38183e44)
12-22 06:59:17.744 W/PackageManager(  879): Not granting permission com.google.android.googleapps.permission.GOOGLE_AUTH.wise to package com.google.android.apps.docs.editors.docs (protectionLevel=2 flags=0x38183e44)
12-22 06:59:17.744 W/PackageManager(  879): Not granting permission android.permission.READ_EXTERNAL_STORAGE to package com.google.android.apps.docs.editors.docs because it was previously installed without
12-22 06:59:17.744 W/PackageManager(  879): Not granting permission android.permission.WRITE_EXTERNAL_STORAGE to package com.nxp.taginfolite because it was previously installed without
12-22 06:59:17.744 W/PackageManager(  879): Not granting permission android.permission.READ_EXTERNAL_STORAGE to package com.nxp.taginfolite because it was previously installed without
12-22 06:59:17.744 W/PackageManager(  879): Unknown permission com.android.nfc.permission.NFCEE_ADMIN in package org.simalliance.openmobileapi.service
12-22 06:59:17.744 W/PackageManager(  879): Not granting permission android.permission.WRITE_SECURE_SETTINGS to package com.google.android.apps.enterprise.dmagent (protectionLevel=50 flags=0x38083e05)
12-22 06:59:17.744 W/PackageManager(  879): Not granting permission android.permission.CONNECTIVITY_INTERNAL to package com.google.android.apps.enterprise.dmagent (protectionLevel=18 flags=0x38083e05)
12-22 06:59:17.744 W/PackageManager(  879): Not granting permission android.permission.MANAGE_USB to package com.google.android.apps.enterprise.dmagent (protectionLevel=18 flags=0x38083e05)
12-22 06:59:17.744 W/PackageManager(  879): Not granting permission android.permission.CHANGE_COMPONENT_ENABLED_STATE to package com.google.android.apps.enterprise.dmagent (protectionLevel=18 flags=0x38083e05)
12-22 06:59:17.744 W/PackageManager(  879): Not granting permission android.permission.MANAGE_CA_CERTIFICATES to package com.google.android.apps.enterprise.dmagent (protectionLevel=18 flags=0x38083e05)
12-22 06:59:17.744 W/PackageManager(  879): Not granting permission android.permission.MANAGE_USERS to package com.google.android.apps.enterprise.dmagent (protectionLevel=18 flags=0x38083e05)
12-22 06:59:17.745 W/PackageManager(  879): Not granting permission android.permission.GET_ACCOUNTS to package com.google.android.apps.docs.editors.sheets because it was previously installed without
12-22 06:59:17.745 W/PackageManager(  879): Unknown permission android.permission.WRITE_SYNC_STATS in package com.google.android.apps.docs.editors.sheets
12-22 06:59:17.745 W/PackageManager(  879): Not granting permission android.permission.WRITE_EXTERNAL_STORAGE to package com.google.android.apps.docs.editors.sheets because it was previously installed without
12-22 06:59:17.745 W/PackageManager(  879): Not granting permission android.permission.READ_CONTACTS to package com.google.android.apps.docs.editors.sheets because it was previously installed without
12-22 06:59:17.745 W/PackageManager(  879): Not granting permission com.google.android.gm.permission.READ_GMAIL to package com.google.android.apps.docs.editors.sheets (protectionLevel=2 flags=0x38183e44)
12-22 06:59:17.745 W/PackageManager(  879): Not granting permission com.google.android.googleapps.permission.GOOGLE_AUTH to package com.google.android.apps.docs.editors.sheets (protectionLevel=2 flags=0x38183e44)
12-22 06:59:17.745 W/PackageManager(  879): Not granting permission com.google.android.googleapps.permission.GOOGLE_AUTH.OTHER_SERVICES to package com.google.android.apps.docs.editors.sheets (protectionLevel=2 flags=0x38183e44)
12-22 06:59:17.745 W/PackageManager(  879): Not granting permission com.google.android.googleapps.permission.GOOGLE_AUTH.ALL_SERVICES to package com.google.android.apps.docs.editors.sheets (protectionLevel=2 flags=0x38183e44)
12-22 06:59:17.745 W/PackageManager(  879): Not granting permission com.google.android.googleapps.permission.GOOGLE_AUTH.writely to package com.google.android.apps.docs.editors.sheets (protectionLevel=2 flags=0x38183e44)
12-22 06:59:17.745 W/PackageManager(  879): Not granting permission com.google.android.googleapps.permission.GOOGLE_AUTH.wise to package com.google.android.apps.docs.editors.sheets (protectionLevel=2 flags=0x38183e44)
12-22 06:59:17.745 W/PackageManager(  879): Not granting permission android.permission.READ_EXTERNAL_STORAGE to package com.google.android.apps.docs.editors.sheets because it was previously installed without
12-22 06:59:17.745 W/PackageManager(  879): Not granting permission android.permission.CAMERA to package com.google.android.apps.docs.editors.slides because it was previously installed without
12-22 06:59:17.745 W/PackageManager(  879): Not granting permission android.permission.RECORD_AUDIO to package com.google.android.apps.docs.editors.slides because it was previously installed without
12-22 06:59:17.745 W/PackageManager(  879): Not granting permission android.permission.GET_ACCOUNTS to package com.google.android.apps.docs.editors.slides because it was previously installed without
12-22 06:59:17.745 W/PackageManager(  879): Unknown permission android.permission.WRITE_SYNC_STATS in package com.google.android.apps.docs.editors.slides
12-22 06:59:17.745 W/PackageManager(  879): Not granting permission android.permission.WRITE_EXTERNAL_STORAGE to package com.google.android.apps.docs.editors.slides because it was previously installed without
12-22 06:59:17.745 W/PackageManager(  879): Not granting permission android.permission.READ_CONTACTS to package com.google.android.apps.docs.editors.slides because it was previously installed without
12-22 06:59:17.745 W/PackageManager(  879): Not granting permission com.google.android.gm.permission.READ_GMAIL to package com.google.android.apps.docs.editors.slides (protectionLevel=2 flags=0x38583e44)
12-22 06:59:17.745 W/PackageManager(  879): Not granting permission com.google.android.googleapps.permission.GOOGLE_AUTH to package com.google.android.apps.docs.editors.slides (protectionLevel=2 flags=0x38583e44)
12-22 06:59:17.745 W/PackageManager(  879): Not granting permission com.google.android.googleapps.permission.GOOGLE_AUTH.OTHER_SERVICES to package com.google.android.apps.docs.editors.slides (protectionLevel=2 flags=0x38583e44)
12-22 06:59:17.746 W/PackageManager(  879): Not granting permission com.google.android.googleapps.permission.GOOGLE_AUTH.ALL_SERVICES to package com.google.android.apps.docs.editors.slides (protectionLevel=2 flags=0x38583e44)
12-22 06:59:17.746 W/PackageManager(  879): Not granting permission com.google.android.googleapps.permission.GOOGLE_AUTH.writely to package com.google.android.apps.docs.editors.slides (protectionLevel=2 flags=0x38583e44)
12-22 06:59:17.746 W/PackageManager(  879): Not granting permission com.google.android.googleapps.permission.GOOGLE_AUTH.wise to package com.google.android.apps.docs.editors.slides (protectionLevel=2 flags=0x38583e44)
12-22 06:59:17.746 W/PackageManager(  879): Not granting permission android.permission.READ_CALENDAR to package com.google.android.apps.docs.editors.slides because it was previously installed without
12-22 06:59:17.746 W/PackageManager(  879): Not granting permission android.permission.READ_EXTERNAL_STORAGE to package com.google.android.apps.docs.editors.slides because it was previously installed without
12-22 06:59:17.746 W/PackageManager(  879): Not granting permission android.permission.ACCESS_COARSE_LOCATION to package com.google.android.apps.genie.geniewidget because it was previously installed without
12-22 06:59:17.746 W/PackageManager(  879): Not granting permission android.permission.ACCESS_FINE_LOCATION to package com.google.android.apps.genie.geniewidget because it was previously installed without
12-22 06:59:17.747 W/PackageManager(  879): Not granting permission android.permission.SEND_DOWNLOAD_COMPLETED_INTENTS to package com.android.vending (protectionLevel=2 flags=0x384abec5)
12-22 06:59:17.747 W/PackageManager(  879): Unknown permission android.permission.SEND_SMS_NO_CONFIRMATION in package com.android.vending
12-22 06:59:17.747 I/PackageManager(  879): Un-granting permission android.permission.INSTALL_GRANT_RUNTIME_PERMISSIONS from package com.android.vending (protectionLevel=770 flags=0x384abec5)
12-22 06:59:17.747 I/PackageManager(  879): Un-granting permission android.permission.GRANT_RUNTIME_PERMISSIONS from package com.android.vending (protectionLevel=770 flags=0x384abec5)
12-22 06:59:17.747 I/PackageManager(  879): Un-granting permission android.permission.REVOKE_RUNTIME_PERMISSIONS from package com.android.vending (protectionLevel=770 flags=0x384abec5)
12-22 06:59:17.748 W/PackageManager(  879): Unknown permission android.permission.NFC_TRANSACTION in package at.psa.app.bankaustria
12-22 06:59:17.748 W/PackageManager(  879): Unknown permission android.permission.SMARTCARD in package at.psa.app.bankaustria
12-22 06:59:17.748 W/PackageManager(  879): Unknown permission com.rise.world.apps.ipc.permission.SMCC in package at.psa.app.bankaustria
12-22 06:59:17.748 W/PackageManager(  879): Unknown permission com.gsma.services.nfc.permission.TRANSACTION_EVENT in package at.psa.app.bankaustria
12-22 06:59:17.748 W/PackageManager(  879): Unknown permission android.permission.NFC_UNLOCK in package com.android.nfc
12-22 06:59:17.748 W/PackageManager(  879): Unknown permission com.android.launcher.permission.READ_SETTINGS in package com.google.android.launcher
12-22 06:59:17.749 W/PackageManager(  879): Unknown permission com.android.launcher.permission.WRITE_SETTINGS in package com.google.android.launcher
12-22 06:59:17.749 W/PackageManager(  879): Unknown permission com.google.android.email.permission.ACCESS_PROVIDER in package com.google.android.gm
12-22 06:59:17.749 W/PackageManager(  879): Unknown permission android.permission.READ_OWNER_DATA in package com.google.android.setupwizard
12-22 06:59:17.749 W/PackageManager(  879): Unknown permission android.permission.WRITE_OWNER_DATA in package com.google.android.setupwizard
12-22 06:59:17.750 W/PackageManager(  879): Unknown permission android.permission.WRITE_SYNC_STATS in package com.google.android.apps.docs
12-22 06:59:17.751 W/PackageManager(  879): Not granting permission com.google.android.apps.photos.permission.GOOGLE_PHOTOS to package com.google.android.apps.plus because it was previously installed without
12-22 06:59:17.751 W/PackageManager(  879): Not granting permission android.permission.GET_ACCOUNTS to package com.google.android.apps.plus because it was previously installed without
12-22 06:59:17.751 W/PackageManager(  879): Not granting permission android.permission.ACCESS_FINE_LOCATION to package com.google.android.apps.plus because it was previously installed without
12-22 06:59:17.751 W/PackageManager(  879): Not granting permission android.permission.ACCESS_COARSE_LOCATION to package com.google.android.apps.plus because it was previously installed without
12-22 06:59:17.751 W/PackageManager(  879): Not granting permission android.permission.WRITE_EXTERNAL_STORAGE to package com.google.android.apps.plus because it was previously installed without
12-22 06:59:17.752 W/PackageManager(  879): Not granting permission android.permission.READ_CONTACTS to package com.google.android.apps.plus because it was previously installed without
12-22 06:59:17.752 W/PackageManager(  879): Not granting permission android.permission.WRITE_CONTACTS to package com.google.android.apps.plus because it was previously installed without
12-22 06:59:17.752 W/PackageManager(  879): Not granting permission android.permission.READ_PHONE_STATE to package com.google.android.apps.plus because it was previously installed without
12-22 06:59:17.753 W/PackageManager(  879): Not granting permission android.permission.CAMERA to package com.google.android.apps.plus because it was previously installed without
12-22 06:59:17.753 W/PackageManager(  879): Not granting permission android.permission.RECORD_AUDIO to package com.google.android.apps.plus because it was previously installed without
12-22 06:59:17.753 W/PackageManager(  879): Unknown permission com.google.android.gallery3d.permission.PICASA_STORE in package com.google.android.apps.plus
12-22 06:59:17.753 W/PackageManager(  879): Not granting permission android.permission.READ_EXTERNAL_STORAGE to package com.google.android.apps.plus because it was previously installed without
12-22 06:59:17.754 W/PackageManager(  879): Not granting permission android.permission.INTERACT_ACROSS_USERS to package com.google.android.syncadapters.contacts (protectionLevel=50 flags=0x38083e45)
12-22 06:59:17.754 W/PackageManager(  879): Unknown permission com.chrome.permission.DEVICE_EXTRAS in package com.android.chrome
12-22 06:59:17.755 W/PackageManager(  879): Unknown permission com.sec.enterprise.knox.MDM_CONTENT_PROVIDER in package com.android.chrome
12-22 06:59:17.755 I/PackageManager(  879): Un-granting permission android.permission.CLEAR_APP_USER_DATA from package com.google.android.packageinstaller (protectionLevel=258 flags=0x38483e45)
12-22 06:59:17.755 I/PackageManager(  879): Un-granting permission android.permission.GRANT_RUNTIME_PERMISSIONS from package com.google.android.packageinstaller (protectionLevel=770 flags=0x38483e45)
12-22 06:59:17.755 I/PackageManager(  879): Un-granting permission android.permission.REVOKE_RUNTIME_PERMISSIONS from package com.google.android.packageinstaller (protectionLevel=770 flags=0x38483e45)
12-22 06:59:17.755 I/PackageManager(  879): Un-granting permission android.permission.INSTALL_GRANT_RUNTIME_PERMISSIONS from package com.google.android.packageinstaller (protectionLevel=770 flags=0x38483e45)
12-22 06:59:17.755 I/PackageManager(  879): Un-granting permission android.permission.INTERACT_ACROSS_USERS_FULL from package com.google.android.packageinstaller (protectionLevel=258 flags=0x38483e45)
12-22 06:59:17.755 I/PackageManager(  879): Un-granting permission android.permission.KILL_UID from package com.google.android.packageinstaller (protectionLevel=258 flags=0x38483e45)
12-22 06:59:17.756 W/PackageManager(  879): Unknown permission com.google.android.wearable.READ_SETTINGS in package com.google.android.gms
12-22 06:59:17.757 W/PackageManager(  879): Unknown permission com.android.launcher.permission.PRELOAD_WORKSPACE in package com.google.android.partnersetup
12-22 06:59:17.757 W/PackageManager(  879): Not granting permission com.google.android.googleapps.permission.GOOGLE_AUTH to package com.google.android.videos (protectionLevel=2 flags=0x38583ec5)
12-22 06:59:17.757 W/PackageManager(  879): Not granting permission android.permission.READ_LOGS to package com.tsf.shell (protectionLevel=50 flags=0x3818be44)
12-22 06:59:17.758 W/PackageManager(  879): Unknown permission com.google.android.gallery3d.permission.PICASA_STORE in package com.google.android.apps.photos
12-22 06:59:17.759 W/PackageManager(  879): Not granting permission android.permission.CONTROL_KEYGUARD to package com.google.android.gsf.login (protectionLevel=2 flags=0x3048be45)
12-22 06:59:17.759 W/PackageManager(  879): Unknown permission com.android.vending.billing.IBillingAccountService.BIND2 in package com.google.android.gsf.login
12-22 06:59:17.760 W/PackageManager(  879): Unknown permission com.android.launcher.permission.READ_SETTINGS in package com.android.settings
12-22 06:59:17.760 W/PackageManager(  879): Unknown permission com.android.launcher.permission.WRITE_SETTINGS in package com.android.settings
12-22 06:59:17.760 W/PackageManager(  879): Not granting permission android.permission.READ_EXTERNAL_STORAGE to package com.google.android.apps.books because it was previously installed without
12-22 06:59:17.760 W/PackageManager(  879): Unknown permission com.android.permission.DCMO_SETTINGS in package com.android.omadm.service
12-22 06:59:17.761 W/PackageManager(  879): Not granting permission android.permission.GET_ACCOUNTS to package com.google.android.keep because it was previously installed without
12-22 06:59:17.761 W/PackageManager(  879): Not granting permission android.permission.WRITE_EXTERNAL_STORAGE to package com.google.android.keep because it was previously installed without
12-22 06:59:17.761 W/PackageManager(  879): Not granting permission android.permission.RECORD_AUDIO to package com.google.android.keep because it was previously installed without
12-22 06:59:17.761 W/PackageManager(  879): Not granting permission android.permission.ACCESS_FINE_LOCATION to package com.google.android.keep because it was previously installed without
12-22 06:59:17.761 W/PackageManager(  879): Not granting permission android.permission.READ_CONTACTS to package com.google.android.keep because it was previously installed without
12-22 06:59:17.761 W/PackageManager(  879): Not granting permission android.permission.READ_EXTERNAL_STORAGE to package com.google.android.keep because it was previously installed without
12-22 06:59:17.761 W/PackageManager(  879): Not granting permission android.permission.REGISTER_CONNECTION_MANAGER to package com.google.android.talk (protectionLevel=18 flags=0x3849bec5)
12-22 06:59:17.762 W/PackageManager(  879): Unknown permission com.android.smspush.WAPPUSH_MANAGER_BIND in package com.android.phone
12-22 06:59:17.763 W/PackageManager(  879): Unknown permission com.android.gallery3d.permission.GALLERY_PROVIDER in package com.android.bluetooth
12-22 06:59:17.764 W/PackageManager(  879): Not granting permission android.permission.BIND_WALLPAPER to package com.google.android.GoogleCamera (protectionLevel=18 flags=0x30583cc5)
12-22 06:59:17.912 I/art     (  879): Starting a blocking GC Explicit
12-22 06:59:17.987 I/art     (  879): Explicit concurrent mark sweep GC freed 49367(3MB) AllocSpace objects, 3(60KB) LOS objects, 33% free, 19MB/29MB, paused 375us total 74.383ms
12-22 06:59:17.993 I/SystemServer(  879): User Service
12-22 06:59:18.025 I/lowmemorykiller(  370): ActivityManager connected
12-22 06:59:18.037 D/SensorService(  879): nuSensorService starting...
12-22 06:59:18.042 I/sensors (  879): open_sensors
12-22 06:59:18.214 I/ServiceManager(  515): Waiting for service AtCmdFwd...
12-22 06:59:18.332 E/slim_daemon(  615): [NDK] bindNDKSensors: Sensor server is unavailable.
12-22 06:59:19.215 I/ServiceManager(  515): Waiting for service AtCmdFwd...
12-22 06:59:19.334 E/slim_daemon(  615): [NDK] bindNDKSensors: Sensor server is unavailable.
12-22 06:59:20.107 I/hubconnection(  879): sensorhub said: 'Hello, world!'
12-22 06:59:20.107 I/hubconnection(  879): sensorhub said: 'Found Bosch BMP280 Pressure/Temperature Sensor'
12-22 06:59:20.107 I/hubconnection(  879): sensorhub said: 'Found Rohm RPR-0521 Proximity/ALS Sensor'
12-22 06:59:20.107 I/hubconnection(  879): sensorhub said: 'Found Bosch BMI160 Accel/Gyro Sensor'
12-22 06:59:20.108 I/sensors (  879): get_sensors_list
12-22 06:59:20.108 I/sensors (  879): activate
12-22 06:59:20.108 I/sensors (  879): activate
12-22 06:59:20.108 I/sensors (  879): activate
12-22 06:59:20.109 I/sensors (  879): activate
12-22 06:59:20.109 I/sensors (  879): activate
12-22 06:59:20.109 I/sensors (  879): activate
12-22 06:59:20.109 I/sensors (  879): activate
12-22 06:59:20.109 I/sensors (  879): activate
12-22 06:59:20.110 I/sensors (  879): activate
12-22 06:59:20.110 I/sensors (  879): activate
12-22 06:59:20.110 I/sensors (  879): activate
12-22 06:59:20.110 I/sensors (  879): activate
12-22 06:59:20.110 I/sensors (  879): activate
12-22 06:59:20.110 I/sensors (  879): activate
12-22 06:59:20.111 I/sensors (  879): activate
12-22 06:59:20.111 I/sensors (  879): activate
12-22 06:59:20.111 I/sensors (  879): activate
12-22 06:59:20.111 I/sensors (  879): activate
12-22 06:59:20.112 I/sensors (  879): activate
12-22 06:59:20.112 I/sensors (  879): activate
12-22 06:59:20.112 I/sensors (  879): activate
12-22 06:59:20.112 I/sensors (  879): activate
12-22 06:59:20.112 I/sensors (  879): activate
12-22 06:59:20.112 I/sensors (  879): activate
12-22 06:59:20.112 I/sensors (  879): get_sensors_list
12-22 06:59:20.113 I/sensors (  879): get_sensors_list
12-22 06:59:20.120 I/SystemServiceManager(  879): Starting com.android.server.BatteryService
12-22 06:59:20.122 D/SensorService(  879): new thread SensorEventAckReceiver
12-22 06:59:20.124 D/SensorService(  879): nuSensorService thread starting...
12-22 06:59:20.127 I/hubconnection(  879): sensorhub said: 'init: 24 -19 -1, -9 13 -25, 0.00, 7'
12-22 06:59:20.129 I/hubconnection(  879): sensorhub said: 'activate 18 enable:1'
12-22 06:59:20.133 I/hubconnection(  879): sensorhub said: 'activate 6 enable:0'
12-22 06:59:20.135 I/hubconnection(  879): sensorhub said: 'activate 7 enable:0'
12-22 06:59:20.136 I/hubconnection(  879): sensorhub said: 'activate 1 enable:0'
12-22 06:59:20.138 I/hubconnection(  879): sensorhub said: 'activate 2 enable:0'
12-22 06:59:20.139 I/hubconnection(  879): sensorhub said: 'activate 26 enable:0'
12-22 06:59:20.143 I/hubconnection(  879): sensorhub said: 'activate 3 enable:0'
12-22 06:59:20.146 I/hubconnection(  879): sensorhub said: 'activate 25 enable:0'
12-22 06:59:20.148 I/hubconnection(  879): sensorhub said: 'activate 4 enable:0'
12-22 06:59:20.149 I/hubconnection(  879): sensorhub said: 'activate 5 enable:0'
12-22 06:59:20.149 I/SystemServiceManager(  879): Starting com.android.server.usage.UsageStatsService
12-22 06:59:20.150 I/hubconnection(  879): sensorhub said: 'activate 8 enable:0'
12-22 06:59:20.152 I/hubconnection(  879): sensorhub said: 'activate 9 enable:0'
12-22 06:59:20.153 I/hubconnection(  879): sensorhub said: 'activate 24 enable:0'
12-22 06:59:20.155 I/hubconnection(  879): sensorhub said: 'activate 12 enable:0'
12-22 06:59:20.156 I/hubconnection(  879): sensorhub said: 'activate 15 enable:0'
12-22 06:59:20.160 I/hubconnection(  879): sensorhub said: 'activate 16 enable:0'
12-22 06:59:20.161 I/hubconnection(  879): sensorhub said: 'activate 17 enable:0'
12-22 06:59:20.163 I/hubconnection(  879): sensorhub said: 'activate 19 enable:0'
12-22 06:59:20.164 I/hubconnection(  879): sensorhub said: 'activate 20 enable:0'
12-22 06:59:20.165 I/hubconnection(  879): sensorhub said: 'activate 22 enable:0'
12-22 06:59:20.167 I/hubconnection(  879): sensorhub said: 'activate 21 enable:0'
12-22 06:59:20.168 I/hubconnection(  879): sensorhub said: 'activate 28 enable:0'
12-22 06:59:20.169 I/hubconnection(  879): sensorhub said: 'activate 29 enable:0'
12-22 06:59:20.172 I/hubconnection(  879): sensorhub said: 'activate 30 enable:0'
12-22 06:59:20.173 I/hubconnection(  879): sensorhub said: 'activate 31 enable:0'
12-22 06:59:20.182 I/SystemServiceManager(  879): Starting com.android.server.webkit.WebViewUpdateService
12-22 06:59:20.194 I/SystemServer(  879): Reading configuration...
12-22 06:59:20.194 I/SystemServer(  879): Scheduling Policy
12-22 06:59:20.195 I/SystemServiceManager(  879): Starting com.android.server.telecom.TelecomLoaderService
12-22 06:59:20.196 I/SystemServer(  879): Telephony Registry
12-22 06:59:20.210 I/SystemServer(  879): Entropy Mixer
12-22 06:59:20.216 I/ServiceManager(  515): Waiting for service AtCmdFwd...
12-22 06:59:20.225 I/EntropyMixer(  879): Added HW RNG output to entropy pool
12-22 06:59:20.225 I/EntropyMixer(  879): Writing entropy...
12-22 06:59:20.237 I/SystemServer(  879): Camera Service
12-22 06:59:20.237 I/SystemServiceManager(  879): Starting com.android.server.camera.CameraService
12-22 06:59:20.249 I/SystemServer(  879): Account Manager
12-22 06:59:20.259 I/SystemServer(  879): Content Manager
12-22 06:59:20.266 I/SystemServer(  879): System Content Providers
12-22 06:59:20.271 W/System  (  879): ClassLoader referenced unknown path: /system/priv-app/SettingsProvider/lib/arm64
12-22 06:59:20.308 I/SystemServer(  879): Vibrator Service
12-22 06:59:20.312 I/SystemServer(  879): Consumer IR Service
12-22 06:59:20.312 E/ConsumerIrService(  879): Can't open consumer IR HW Module, error: -2
12-22 06:59:20.313 I/SystemServiceManager(  879): Starting com.android.server.AlarmManagerService
12-22 06:59:20.337 D/AlarmManagerService(  879): Kernel timezone updated to -60 minutes west of GMT
12-22 06:59:20.342 I/SystemServer(  879): Init Watchdog
12-22 06:59:20.342 I/SystemServer(  879): Input Manager
12-22 06:59:20.352 I/InputManager(  879): Initializing input manager, mUseDevInputEventForAudioJack=true
12-22 06:59:20.360 I/SystemServer(  879): Window Manager
12-22 06:59:20.384 I/WindowManager(  879): No existing display settings /data/system/display_settings.xml; starting empty
12-22 06:59:20.456 I/InputManager(  879): Starting input manager
12-22 06:59:20.458 I/SystemServer(  879): Bluetooth Service
12-22 06:59:20.458 I/SystemServiceManager(  879): Starting com.android.server.BluetoothService
12-22 06:59:20.461 D/EventHub(  879): No input device configuration file found for device 'uinput-folio'.
12-22 06:59:20.461 I/EventHub(  879): New device: id=1, fd=91, path='/dev/input/event6', name='uinput-folio', classes=0x80, configuration='', keyLayout='', keyCharacterMap='', builtinKeyboard=false, wakeMechanism=EPOLLWAKEUP, usingClockIoctl=true
12-22 06:59:20.461 D/EventHub(  879): No input device configuration file found for device 'msm8994-tomtom-snd-card Headset Jack'.
12-22 06:59:20.461 I/EventHub(  879): New device: id=2, fd=92, path='/dev/input/event5', name='msm8994-tomtom-snd-card Headset Jack', classes=0x80, configuration='', keyLayout='', keyCharacterMap='', builtinKeyboard=false, wakeMechanism=EPOLLWAKEUP, usingClockIoctl=true
12-22 06:59:20.461 D/EventHub(  879): No input device configuration file found for device 'msm8994-tomtom-snd-card Button Jack'.
12-22 06:59:20.465 D/BluetoothService(  879): onStart: publishing BluetoothManagerService
12-22 06:59:20.466 I/SystemServer(  879): Input Method Service
12-22 06:59:20.471 W/EventHub(  879): Unable to disable kernel key repeat for /dev/input/event4: Function not implemented
12-22 06:59:20.471 I/EventHub(  879): New device: id=3, fd=93, path='/dev/input/event4', name='msm8994-tomtom-snd-card Button Jack', classes=0x1, configuration='', keyLayout='/system/usr/keylayout/Generic.kl', keyCharacterMap='/system/usr/keychars/Generic.kcm', builtinKeyboard=false, wakeMechanism=EPOLLWAKEUP, usingClockIoctl=true
12-22 06:59:20.472 D/EventHub(  879): No input device configuration file found for device 'qpnp_pon'.
12-22 06:59:20.479 W/EventHub(  879): Unable to disable kernel key repeat for /dev/input/event2: Function not implemented
12-22 06:59:20.479 I/EventHub(  879): New device: id=4, fd=94, path='/dev/input/event2', name='qpnp_pon', classes=0x1, configuration='', keyLayout='/system/usr/keylayout/qpnp_pon.kl', keyCharacterMap='/system/usr/keychars/Generic.kcm', builtinKeyboard=false, wakeMechanism=EPOLLWAKEUP, usingClockIoctl=true
12-22 06:59:20.479 D/EventHub(  879): No input device configuration file found for device 'STM VL6180 proximity sensor'.
12-22 06:59:20.492 D/EventHub(  879): No input device configuration file found for device 'gpio-keys'.
12-22 06:59:20.495 W/EventHub(  879): Unable to disable kernel key repeat for /dev/input/event3: Function not implemented
12-22 06:59:20.495 I/EventHub(  879): New device: id=6, fd=96, path='/dev/input/event3', name='gpio-keys', classes=0x1, configuration='', keyLayout='/system/usr/keylayout/gpio-keys.kl', keyCharacterMap='/system/usr/keychars/Generic.kcm', builtinKeyboard=false, wakeMechanism=EPOLLWAKEUP, usingClockIoctl=true
12-22 06:59:20.499 I/EventHub(  879): New device: id=7, fd=99, path='/dev/input/event0', name='synaptics_rmi4_i2c', classes=0x14, configuration='/system/usr/idc/synaptics_rmi4_i2c.idc', keyLayout='', keyCharacterMap='', builtinKeyboard=false, wakeMechanism=EPOLLWAKEUP, usingClockIoctl=true
12-22 06:59:20.503 I/InputReader(  879): Device added: id=-1, name='Virtual', sources=0x00000301
12-22 06:59:20.505 I/InputReader(  879):   Touch device 'synaptics_rmi4_i2c' could not query the properties of its associated display.  The device will be inoperable until the display size becomes available.
12-22 06:59:20.505 I/InputReader(  879): Device added: id=7, name='synaptics_rmi4_i2c', sources=0x00001002
12-22 06:59:20.505 I/InputReader(  879): Device added: id=6, name='gpio-keys', sources=0x00000101
12-22 06:59:20.505 I/InputReader(  879): Device added: id=4, name='qpnp_pon', sources=0x00000101
12-22 06:59:20.505 I/InputReader(  879): Device added: id=3, name='msm8994-tomtom-snd-card Button Jack', sources=0x00000101
12-22 06:59:20.505 I/InputReader(  879): Device added: id=2, name='msm8994-tomtom-snd-card Headset Jack', sources=0x80000000
12-22 06:59:20.505 I/InputReader(  879): Device added: id=1, name='uinput-folio', sources=0x80000000
12-22 06:59:20.532 I/SystemServer(  879): Accessibility Manager
12-22 06:59:20.541 I/ActivityManager(  879): Config changes=1df8 {1.0 ?mcc?mnc de_DE ldltr sw411dp w411dp h731dp 420dpi nrml long port ?uimode ?night -touch -keyb/v/h -nav/h s.2}
12-22 06:59:20.547 I/InputReader(  879): Reconfiguring input devices.  changes=0x00000004
12-22 06:59:20.547 I/InputReader(  879): Device reconfigured: id=7, name='synaptics_rmi4_i2c', size 1080x1920, orientation 0, mode 1, display id 0
12-22 06:59:20.556 I/ActivityManager(  879): Config changes=508 {1.0 ?mcc?mnc de_DE ldltr sw411dp w411dp h659dp 420dpi nrml port ?uimode ?night finger -keyb/v/h -nav/h s.3}
12-22 06:59:20.557 I/SystemServiceManager(  879): Starting com.android.server.MountService$Lifecycle
12-22 06:59:20.566 D/MountService(  879): Thinking about reset, mSystemReady=false, mDaemonConnected=true
12-22 06:59:20.566 D/MountService(  879): Thinking about reset, mSystemReady=false, mDaemonConnected=true
12-22 06:59:20.567 D/CryptdConnector(  879): SND -> {1 cryptfs getfield SystemLocale}
12-22 06:59:20.568 I/SystemServiceManager(  879): Starting com.android.server.UiModeManagerService
12-22 06:59:20.570 I/ActivityManager(  879): Config changes=200 {1.0 ?mcc?mnc de_DE ldltr sw411dp w411dp h659dp 420dpi nrml port finger -keyb/v/h -nav/h s.4}
12-22 06:59:20.571 I/Ext4Crypt(  339): ext4 crypto complete called on /data
12-22 06:59:20.572 I/Ext4Crypt(  339): No master key, so not ext4enc
12-22 06:59:20.574 I/SystemServer(  879): LockSettingsService
12-22 06:59:20.578 I/SystemServiceManager(  879): Starting com.android.server.PersistentDataBlockService
12-22 06:59:20.579 D/CryptdConnector(  879): RCV <- {113 1 de-DE}
12-22 06:59:20.582 D/CryptdConnector(  879): RCV <- {200 1 0}
12-22 06:59:20.582 D/MountService(  879): Got locale de-DE from mount service
12-22 06:59:20.584 D/MountService(  879): Setting system properties to de-DE from mount service
12-22 06:59:20.595 I/UsageStatsService(  879): User[0] Rollover scheduled @ 2015-12-22 01:00:00(1450742400000)
12-22 06:59:20.595 I/UsageStatsService(  879): User[0] Rolling over usage stats
12-22 06:59:20.602 I/UsageStatsService(  879): User[0] Rollover scheduled @ 2015-12-23 01:00:00(1450828800000)
12-22 06:59:20.602 I/UsageStatsService(  879): User[0] Rolling over usage stats complete. Took 6 milliseconds
12-22 06:59:20.611 W/MountService(  879): No primary storage mounted!
12-22 06:59:20.611 D/VoldConnector(  879): SND -> {1 asec list}
12-22 06:59:20.613 D/VoldConnector(  879): RCV <- {200 1 asec operation succeeded}
12-22 06:59:20.613 I/PackageManager(  879): No secure containers found
12-22 06:59:20.614 W/PackageManager(  879): Not granting permission android.permission.MANAGE_DOCUMENTS to package com.google.android.youtube (protectionLevel=2 flags=0x38583ec5)
12-22 06:59:20.614 W/PackageManager(  879): Unknown permission com.google.android.voicesearch.SHORTCUTS_ACCESS in package com.google.android.googlequicksearchbox
12-22 06:59:20.614 W/PackageManager(  879): Unknown permission com.google.android.voicesearch.ACCESS_SETTINGS in package com.google.android.googlequicksearchbox
12-22 06:59:20.614 W/PackageManager(  879): Unknown permission com.android.browser.permission.PRELOAD in package com.google.android.googlequicksearchbox
12-22 06:59:20.614 W/PackageManager(  879): Unknown permission com.google.android.ears.permission.WRITE in package com.google.android.googlequicksearchbox
12-22 06:59:20.614 W/PackageManager(  879): Unknown permission com.google.android.apps.googlevoice.permission.AUTO_SEND in package com.google.android.googlequicksearchbox
12-22 06:59:20.614 W/PackageManager(  879): Unknown permission com.android.chrome.PRERENDER_URL in package com.google.android.googlequicksearchbox
12-22 06:59:20.614 W/PackageManager(  879): Not granting permission com.google.android.googleapps.permission.GOOGLE_AUTH to package com.android.providers.calendar (protectionLevel=2 flags=0x30083e45)
12-22 06:59:20.615 W/PackageManager(  879): Not granting permission com.google.android.googleapps.permission.GOOGLE_AUTH.cl to package com.android.providers.calendar (protectionLevel=2 flags=0x30083e45)
12-22 06:59:20.615 W/PackageManager(  879): Not granting permission android.permission.GET_ACCOUNTS to package com.google.android.apps.docs.editors.docs because it was previously installed without
12-22 06:59:20.615 W/PackageManager(  879): Unknown permission android.permission.WRITE_SYNC_STATS in package com.google.android.apps.docs.editors.docs
12-22 06:59:20.615 W/PackageManager(  879): Not granting permission android.permission.WRITE_EXTERNAL_STORAGE to package com.google.android.apps.docs.editors.docs because it was previously installed without
12-22 06:59:20.615 W/PackageManager(  879): Not granting permission android.permission.READ_CONTACTS to package com.google.android.apps.docs.editors.docs because it was previously installed without
12-22 06:59:20.615 W/PackageManager(  879): Not granting permission com.google.android.gm.permission.READ_GMAIL to package com.google.android.apps.docs.editors.docs (protectionLevel=2 flags=0x38183e44)
12-22 06:59:20.615 W/PackageManager(  879): Not granting permission com.google.android.googleapps.permission.GOOGLE_AUTH to package com.google.android.apps.docs.editors.docs (protectionLevel=2 flags=0x38183e44)
12-22 06:59:20.615 W/PackageManager(  879): Not granting permi