12-22 08:46:42.158 I/art     (  500): option[23]=-Xcompiler-option
12-22 08:46:42.158 I/art     (  500): option[24]=--runtime-arg
12-22 08:46:42.158 I/art     (  500): option[25]=-Xcompiler-option
12-22 08:46:42.158 I/art     (  500): option[26]=-Xms64m
12-22 08:46:42.158 I/art     (  500): option[27]=-Xcompiler-option
12-22 08:46:42.158 I/art     (  500): option[28]=--runtime-arg
12-22 08:46:42.158 I/art     (  500): option[29]=-Xcompiler-option
12-22 08:46:42.158 I/art     (  500): option[30]=-Xmx512m
12-22 08:46:42.158 I/art     (  500): option[31]=-Xcompiler-option
12-22 08:46:42.158 I/art     (  500): option[32]=-j2
12-22 08:46:42.158 I/art     (  500): option[33]=-Ximage-compiler-option
12-22 08:46:42.158 I/art     (  500): option[34]=-j4
12-22 08:46:42.158 I/art     (  500): option[35]=-Ximage-compiler-option
12-22 08:46:42.158 I/art     (  500): option[36]=--instruction-set-variant=cortex-a53
12-22 08:46:42.158 I/art     (  500): option[37]=-Xcompiler-option
12-22 08:46:42.158 I/art     (  500): option[38]=--instruction-set-variant=cortex-a53
12-22 08:46:42.158 I/art     (  500): option[39]=-Ximage-compiler-option
12-22 08:46:42.158 I/art     (  500): option[40]=--instruction-set-features=default
12-22 08:46:42.158 I/art     (  500): option[41]=-Xcompiler-option
12-22 08:46:42.158 I/art     (  500): option[42]=--instruction-set-features=default
12-22 08:46:42.158 I/art     (  500): option[43]=-Duser.locale=de-DE
12-22 08:46:42.158 I/art     (  500): option[44]=--cpu-abilist=arm64-v8a
12-22 08:46:42.158 I/art     (  500): option[45]=-Xfingerprint:google/bullhead/bullhead:6.0.1/MMB29K/2419427:user/release-keys
12-22 08:46:42.374 D/AndroidRuntime(  501): >>>>>> START com.android.internal.os.ZygoteInit uid 0 <<<<<<
12-22 08:46:42.394 E/QC-QMI  (  509): qmi_client [509]: unable to connect to server, errno=[2:No such file or directory], attempt=2
12-22 08:46:42.439 D/AndroidRuntime(  501): CheckJNI is OFF
12-22 08:46:42.439 I/art     (  501): option[0]=-Xzygote
12-22 08:46:42.440 I/art     (  501): option[1]=-Xstacktracefile:/data/anr/traces.txt
12-22 08:46:42.440 I/art     (  501): option[2]=exit
12-22 08:46:42.440 I/art     (  501): option[3]=vfprintf
12-22 08:46:42.440 I/art     (  501): option[4]=sensitiveThread
12-22 08:46:42.440 I/art     (  501): option[5]=-verbose:gc
12-22 08:46:42.440 I/art     (  501): option[6]=-Xms8m
12-22 08:46:42.440 I/art     (  501): option[7]=-Xmx512m
12-22 08:46:42.440 I/art     (  501): option[8]=-XX:HeapGrowthLimit=192m
12-22 08:46:42.440 I/art     (  501): option[9]=-XX:HeapMinFree=512k
12-22 08:46:42.440 I/art     (  501): option[10]=-XX:HeapMaxFree=8m
12-22 08:46:42.440 I/art     (  501): option[11]=-XX:HeapTargetUtilization=0.75
12-22 08:46:42.440 I/art     (  501): option[12]=-agentlib:jdwp=transport=dt_android_adb,suspend=n,server=y
12-22 08:46:42.440 I/art     (  501): option[13]=-Ximage-compiler-option
12-22 08:46:42.440 I/art     (  501): option[14]=--runtime-arg
12-22 08:46:42.440 I/art     (  501): option[15]=-Ximage-compiler-option
12-22 08:46:42.440 I/art     (  501): option[16]=-Xms64m
12-22 08:46:42.440 I/art     (  501): option[17]=-Ximage-compiler-option
12-22 08:46:42.440 I/art     (  501): option[18]=--runtime-arg
12-22 08:46:42.440 I/art     (  501): option[19]=-Ximage-compiler-option
12-22 08:46:42.440 I/art     (  501): option[20]=-Xmx64m
12-22 08:46:42.440 I/art     (  501): option[21]=-Ximage-compiler-option
12-22 08:46:42.440 I/art     (  501): option[22]=--image-classes=/system/etc/preloaded-classes
12-22 08:46:42.440 I/art     (  501): option[23]=-Xcompiler-option
12-22 08:46:42.440 I/art     (  501): option[24]=--runtime-arg
12-22 08:46:42.440 I/art     (  501): option[25]=-Xcompiler-option
12-22 08:46:42.440 I/art     (  501): option[26]=-Xms64m
12-22 08:46:42.441 I/art     (  501): option[27]=-Xcompiler-option
12-22 08:46:42.441 I/art     (  501): option[28]=--runtime-arg
12-22 08:46:42.441 I/art     (  501): option[29]=-Xcompiler-option
12-22 08:46:42.441 I/art     (  501): option[30]=-Xmx512m
12-22 08:46:42.441 I/art     (  501): option[31]=-Xcompiler-option
12-22 08:46:42.441 I/art     (  501): option[32]=-j2
12-22 08:46:42.441 I/art     (  501): option[33]=-Ximage-compiler-option
12-22 08:46:42.441 I/art     (  501): option[34]=-j4
12-22 08:46:42.441 I/art     (  501): option[35]=-Ximage-compiler-option
12-22 08:46:42.441 I/art     (  501): option[36]=--instruction-set-variant=cortex-a7
12-22 08:46:42.441 I/art     (  501): option[37]=-Xcompiler-option
12-22 08:46:42.441 I/art     (  501): option[38]=--instruction-set-variant=cortex-a7
12-22 08:46:42.441 I/art     (  501): option[39]=-Ximage-compiler-option
12-22 08:46:42.441 I/art     (  501): option[40]=--instruction-set-features=default
12-22 08:46:42.441 I/art     (  501): option[41]=-Xcompiler-option
12-22 08:46:42.441 I/art     (  501): option[42]=--instruction-set-features=default
12-22 08:46:42.441 I/art     (  501): option[43]=-Duser.locale=de-DE
12-22 08:46:42.441 I/art     (  501): option[44]=--cpu-abilist=armeabi-v7a,armeabi
12-22 08:46:42.441 I/art     (  501): option[45]=-Xfingerprint:google/bullhead/bullhead:6.0.1/MMB29K/2419427:user/release-keys
12-22 08:46:42.651 D/ICU     (  500): No timezone override file found: /data/misc/zoneinfo/current/icu/icu_tzdata.dat
12-22 08:46:42.770 I/mm-camera(  507): server_process_module_init:59, int mods
12-22 08:46:42.770 E/mm-camera-sensor(  507): eebin_read:387failed!
12-22 08:46:42.770 E/mm-camera-sensor(  507): eebin_read:387failed!
12-22 08:46:42.770 E/mm-camera-sensor(  507): sensor_init_probe:483failed: to oribe eeprom bin sensors
12-22 08:46:42.771 E/mm-camera-sensor(  507): add_external_sensor:108NO external sensor lib: no external path
12-22 08:46:42.771 E/mm-camera-sensor(  507): sensor_probe:274failed: to load imx214
12-22 08:46:42.771 E/mm-camera-sensor(  507): sensor_probe:274failed: to load imx230
12-22 08:46:42.771 E/mm-camera-sensor(  507): sensor_probe:274failed: to load s5k3m2xx
12-22 08:46:42.783 D/ICU     (  501): No timezone override file found: /data/misc/zoneinfo/current/icu/icu_tzdata.dat
12-22 08:46:42.795 E/mm-camera-sensor(  507): sensor_probe:274failed: to load s5k3m2xm
12-22 08:46:42.796 E/mm-camera-sensor(  507): sensor_probe:274failed: to load ov4688
12-22 08:46:42.796 E/mm-camera-sensor(  507): sensor_probe:274failed: to load imx258
12-22 08:46:42.830 D/mm-camera-intf(  487): index = 0 flag = 3 mount_angle = 270 facing = 0
12-22 08:46:42.830 E/mm-camera(  507): module_sensor_find_other_subdev:6416subdev_name /dev/v4l-subdev0 subdev id 0
12-22 08:46:42.830 D/mm-camera-intf(  487): index = 1 flag = 101 mount_angle = 90 facing = 1
12-22 08:46:42.830 E/mm-camera(  507): module_sensor_find_other_subdev:6416subdev_name /dev/v4l-subdev1 subdev id 1
12-22 08:46:42.830 E/mm-camera(  507): module_sensor_find_other_subdev:6416subdev_name /dev/v4l-subdev2 subdev id 2
12-22 08:46:42.830 E/mm-camera(  507): module_sensor_find_other_subdev:6416subdev_name /dev/v4l-subdev3 subdev id 0
12-22 08:46:42.830 E/mm-camera(  507): module_sensor_find_other_subdev:6416subdev_name /dev/v4l-subdev4 subdev id 1
12-22 08:46:42.830 E/mm-camera(  507): module_sensor_find_other_subdev:6416subdev_name /dev/v4l-subdev5 subdev id 2
12-22 08:46:42.830 E/mm-camera(  507): module_sensor_find_other_subdev:6416subdev_name /dev/v4l-subdev6 subdev id 3
12-22 08:46:42.830 E/mm-camera(  507): module_sensor_find_other_subdev:6416subdev_name /dev/v4l-subdev7 subdev id 0
12-22 08:46:42.830 E/mm-camera(  507): module_sensor_find_other_subdev:6416subdev_name /dev/v4l-subdev8 subdev id 0
12-22 08:46:42.830 E/mm-camera(  507): module_sensor_find_other_subdev:6416subdev_name /dev/v4l-subdev9 subdev id 5
12-22 08:46:42.830 E/mm-camera(  507): module_sensor_find_other_subdev:6416subdev_name /dev/v4l-subdev10 subdev id 1
12-22 08:46:42.950 E/QC-QMI  (  497): qmi_client [497]: unable to connect to server, errno=[2:No such file or directory], attempt=3
12-22 08:46:42.954 E/QC-QMI  (  485): qmi_client [485]: unable to connect to server, errno=[2:No such file or directory], attempt=2
12-22 08:46:42.961 V/NatController(  482): runCmd(/system/bin/iptables -w -F natctrl_FORWARD) res=0
12-22 08:46:42.962 I/Radio-JNI(  500): register_android_hardware_Radio DONE
12-22 08:46:42.971 V/NatController(  482): runCmd(/system/bin/iptables -w -A natctrl_FORWARD -j DROP) res=0
12-22 08:46:42.979 V/NatController(  482): runCmd(/system/bin/iptables -w -t nat -F natctrl_nat_POSTROUTING) res=0
12-22 08:46:42.989 V/NatController(  482): runCmd(/system/bin/iptables -w -F natctrl_tether_counters) res=1
12-22 08:46:42.998 V/NatController(  482): runCmd(/system/bin/iptables -w -X natctrl_tether_counters) res=1
12-22 08:46:43.007 V/NatController(  482): runCmd(/system/bin/iptables -w -N natctrl_tether_counters) res=0
12-22 08:46:43.010 I/SamplingProfilerIntegration(  500): Profiling disabled.
12-22 08:46:43.015 D/Zygote  (  500): begin preload
12-22 08:46:43.016 V/NatController(  482): runCmd(/system/bin/iptables -w -t mangle -A natctrl_mangle_FORWARD -p tcp --tcp-flags SYN SYN -j TCPMSS --clamp-mss-to-pmtu) res=0
12-22 08:46:43.024 I/Zygote  (  500): Preloading classes...
12-22 08:46:43.101 E/mm-camera-isp2(  507): module_chroma_enhan40_init:90 name chroma_enhan40
12-22 08:46:43.129 E/QC-QMI  (  494): qmi_client [494]: unable to connect to server, errno=[2:No such file or directory], attempt=3
12-22 08:46:43.130 E/QC-QMI  (  508): qmi_client [508]: unable to connect to server, errno=[2:No such file or directory], attempt=3
12-22 08:46:43.142 I/Radio-JNI(  501): register_android_hardware_Radio DONE
12-22 08:46:43.150 E/mm-camera-isp2(  507): module_color_correct40_init:96 name color_correct40
12-22 08:46:43.153 E/QC-QMI  (  530): qmi_client [530]: unable to connect to server, errno=[2:No such file or directory], attempt=2
12-22 08:46:43.154 E/mm-camera-isp2(  507): module_luma_adaptation40_init:87 name luma_adaptation40
12-22 08:46:43.156 E/slim_daemon(  530): [NDK] bindNDKSensors: Sensor server is unavailable.
12-22 08:46:43.186 I/SamplingProfilerIntegration(  501): Profiling disabled.
12-22 08:46:43.191 D/Zygote  (  501): begin preload
12-22 08:46:43.200 I/Zygote  (  501): Preloading classes...
12-22 08:46:43.254 E/mm-camera-isp2(  507): module_chroma_enhan40_init:90 name chroma_enhan40
12-22 08:46:43.255 E/mm-camera-isp2(  507): module_color_correct40_init:96 name color_correct40
12-22 08:46:43.255 E/mm-camera-isp2(  507): module_luma_adaptation40_init:87 name luma_adaptation40
12-22 08:46:43.257 E/mm-camera-isp2(  507): isp_resource_gen_hws_caps:3628 i 0 isp id 0
12-22 08:46:43.257 E/mm-camera-isp2(  507): isp_resource_gen_hws_caps:3628 i 1 isp id 1
12-22 08:46:43.257 E/mm-camera-isp2(  507): module_isp_init:776 module 0xf5457200
12-22 08:46:43.257 E/mm-camera(  507): cpp_module_init:68 name=cpp
12-22 08:46:43.262 E/mm-camera(  507): cpp_hardware_load_firmware:490, info: hw_version=0x50010000, fw_version=0x10080000
12-22 08:46:43.307 E/mm-camera(  507): cpp_hardware_load_firmware:506, info: cpp firmware loaded: cpp_firmware_v1_8_0.fw
12-22 08:46:43.308 E/mm-camera(  507): cpp_module_init:110: info: CPP module_init successful
12-22 08:46:43.308 E/mm-camera(  507): vpe_module_init:26 name=vpe
12-22 08:46:43.308 E/mm-camera(  507): vpe_hardware_find_subdev:719: entity.name=video0 entity.revision=0
12-22 08:46:43.308 E/mm-camera(  507): vpe_hardware_find_subdev:719: entity.name=msm_cci entity.revision=0
12-22 08:46:43.308 E/mm-camera(  507): vpe_hardware_find_subdev:719: entity.name=v4l-subdev0 entity.revision=0
12-22 08:46:43.308 E/mm-camera(  507): vpe_hardware_find_subdev:719: entity.name=v4l-subdev1 entity.revision=0
12-22 08:46:43.308 E/mm-camera(  507): vpe_hardware_find_subdev:719: entity.name=v4l-subdev2 entity.revision=0
12-22 08:46:43.309 E/mm-camera(  507): vpe_hardware_find_subdev:719: entity.name=v4l-subdev3 entity.revision=0
12-22 08:46:43.309 E/mm-camera(  507): vpe_hardware_find_subdev:719: entity.name=v4l-subdev4 entity.revision=0
12-22 08:46:43.309 E/mm-camera(  507): vpe_hardware_find_subdev:719: entity.name=v4l-subdev5 entity.revision=0
12-22 08:46:43.309 E/mm-camera(  507): vpe_hardware_find_subdev:719: entity.name=v4l-subdev6 entity.revision=0
12-22 08:46:43.309 E/mm-camera(  507): vpe_hardware_find_subdev:719: entity.name=v4l-subdev7 entity.revision=0
12-22 08:46:43.309 E/mm-camera(  507): vpe_hardware_find_subdev:719: entity.name=v4l-subdev8 entity.revision=0
12-22 08:46:43.309 E/mm-camera(  507): vpe_hardware_find_subdev:719: entity.name=v4l-subdev9 entity.revision=0
12-22 08:46:43.309 E/mm-camera(  507): vpe_hardware_find_subdev:719: entity.name=v4l-subdev10 entity.revision=0
12-22 08:46:43.309 E/mm-camera(  507): vpe_hardware_find_subdev:719: entity.name=v4l-subdev11 entity.revision=0
12-22 08:46:43.309 E/mm-camera(  507): vpe_hardware_find_subdev:719: entity.name=v4l-subdev12 entity.revision=12
12-22 08:46:43.309 E/mm-camera(  507): vpe_hardware_find_subdev:719: entity.name=v4l-subdev13 entity.revision=0
12-22 08:46:43.309 E/mm-camera(  507): vpe_hardware_find_subdev:719: entity.name=v4l-subdev14 entity.revision=0
12-22 08:46:43.309 E/mm-camera(  507): vpe_hardware_find_subdev:719: entity.name=v4l-subdev15 entity.revision=0
12-22 08:46:43.309 E/mm-camera(  507): vpe_hardware_find_subdev:719: entity.name=v4l-subdev16 entity.revision=0
12-22 08:46:43.309 E/mm-camera(  507): vpe_hardware_find_subdev:719: entity.name=v4l-subdev17 entity.revision=0
12-22 08:46:43.309 E/mm-camera(  507): vpe_hardware_find_subdev:719: entity.name=v4l-subdev18 entity.revision=0
12-22 08:46:43.309 E/mm-camera(  507): vpe_hardware_find_subdev:714: done enumerating media entities
12-22 08:46:43.309 E/mm-camera(  507): vpe_hardware_find_subdev:719: entity.name=video1 entity.revision=0
12-22 08:46:43.309 E/mm-camera(  507): vpe_hardware_find_subdev:714: done enumerating media entities
12-22 08:46:43.309 E/mm-camera(  507): vpe_hardware_find_subdev:719: entity.name=video2 entity.revision=0
12-22 08:46:43.309 E/mm-camera(  507): vpe_hardware_find_subdev:714: done enumerating media entities
12-22 08:46:43.309 E/mm-camera(  507): vpe_hardware_find_subdev:686: no more media devices
12-22 08:46:43.309 E/mm-camera(  507): vpe_hardware_find_subdev:731: no vpe device found.
12-22 08:46:43.309 E/mm-camera(  507): vpe_hardware_create:31: error: cannot find vpe subdev
12-22 08:46:43.310 E/mm-camera(  507): vpe_module_create_vpe_ctrl:141, failed, cannnot create vpe hardware instance
12-22 08:46:43.310 E/mm-camera(  507): vpe_module_init:34 failed
12-22 08:46:43.310 E/mm-camera(  507): c2d_module_init:50 name=c2d
12-22 08:46:43.310 E/mm-camera(  507): c2d_module_init:92: info: C2D module_init successful
12-22 08:46:43.310 E/mm-camera-vpu(  507): vpu_module_init:54, INFO name=vpu
12-22 08:46:43.310 E/mm-camera-pp(  507): [INFO] base_module_init:142, name=tmod
12-22 08:46:43.339 E/mm-camera-pp(  507): [INFO] base_module_init:142, name=ezt
12-22 08:46:43.339 E/mm-camera-eztune(  507): Tuning lib open failed: dlopen failed: library "libmmcamera_tuning.so" not found
12-22 08:46:43.340 E/mm-camera-img(  507): frameproc_comp_load:843] Error opening frameproc library libmmcamera_llvd.so error dlopen failed: library "libmmcamera_llvd.so" not found
12-22 08:46:43.340 E/mm-camera(  507): module_imgbase_init_llvd:2207] Error rc -6
12-22 08:46:43.356 I/mm-camera-img(  507): module_goog_eis_load:222 successfully loaded goog_eis library
12-22 08:46:43.356 I/mm-camera-img(  507): module_goog_eis_init:2120] successfully return
12-22 08:46:43.395 E/QC-QMI  (  509): qmi_client [509]: unable to connect to server, errno=[2:No such file or directory], attempt=3
12-22 08:46:43.442 V/RenderScript(  507): 0xf47e2000 Launching thread(s), CPUs 6
12-22 08:46:43.536 V/RenderScript(  507): Successfully loaded runtime: libRSDriver_adreno.so
12-22 08:46:43.556 W/Adreno-RS(  507): <rsdSetCacheDir:719>: System path detected in cacheDir: /system/vendor/lib
12-22 08:46:43.556 W/Adreno-RS(  507): <rsdSetCacheDir:730>: Caching & Profiling are disabled!
12-22 08:46:43.607 D/MDnsDS  (  482): MDnsSdListener::Hander starting up
12-22 08:46:43.607 D/MDnsDS  (  482): MDnsSdListener starting to monitor
12-22 08:46:43.607 D/MDnsDS  (  482): Going to poll with pollCount 1
12-22 08:46:43.688 I/MSM-irqbalance(  372): Discovered a new IRQ: 89
12-22 08:46:43.688 I/MSM-irqbalance(  372): Discovered a new IRQ: 90
12-22 08:46:43.689 I/MSM-irqbalance(  372): Discovered a new IRQ: 196
12-22 08:46:43.689 I/MSM-irqbalance(  372): Discovered a new IRQ: 215
12-22 08:46:43.801 E/Minikin (  501): addFont failed to create font /system/fonts/NanumGothic.ttf
12-22 08:46:43.802 E/Minikin (  501): addFont failed to create font /system/fonts/DroidSansFallback.ttf
12-22 08:46:43.802 E/Minikin (  501): addFont failed to create font /system/fonts/MTLmr3m.ttf
12-22 08:46:43.802 E/Minikin (  500): addFont failed to create font /system/fonts/NanumGothic.ttf
12-22 08:46:43.803 E/Minikin (  500): addFont failed to create font /system/fonts/DroidSansFallback.ttf
12-22 08:46:43.803 E/Minikin (  500): addFont failed to create font /system/fonts/MTLmr3m.ttf
12-22 08:46:43.907 V/DngCreator_JNI(  501): DngCreator_nativeClassInit:
12-22 08:46:43.907 V/DngCreator_JNI(  500): DngCreator_nativeClassInit:
12-22 08:46:43.950 E/QC-QMI  (  497): qmi_client [497]: unable to connect to server, errno=[2:No such file or directory], attempt=4
12-22 08:46:43.954 E/QC-QMI  (  485): qmi_client [485]: unable to connect to server, errno=[2:No such file or directory], attempt=3
12-22 08:46:44.031 I/art     (  500): Thread[1,tid=500,Native,Thread*=0x7f8bcfba00,peer=0x12c2c100,"main"] recursive attempt to load library "/system/lib64/libmedia_jni.so"
12-22 08:46:44.032 D/MtpDeviceJNI(  500): register_android_mtp_MtpDevice
12-22 08:46:44.032 I/art     (  500): Thread[1,tid=500,Native,Thread*=0x7f8bcfba00,peer=0x12c2c100,"main"] recursive attempt to load library "/system/lib64/libmedia_jni.so"
12-22 08:46:44.032 I/art     (  500): Thread[1,tid=500,Native,Thread*=0x7f8bcfba00,peer=0x12c2c100,"main"] recursive attempt to load library "/system/lib64/libmedia_jni.so"
12-22 08:46:44.034 I/art     (  501): Thread[1,tid=501,Native,Thread*=0xf5576500,peer=0x12c35100,"main"] recursive attempt to load library "/system/lib/libmedia_jni.so"
12-22 08:46:44.034 D/MtpDeviceJNI(  501): register_android_mtp_MtpDevice
12-22 08:46:44.034 I/art     (  501): Thread[1,tid=501,Native,Thread*=0xf5576500,peer=0x12c35100,"main"] recursive attempt to load library "/system/lib/libmedia_jni.so"
12-22 08:46:44.034 I/art     (  501): Thread[1,tid=501,Native,Thread*=0xf5576500,peer=0x12c35100,"main"] recursive attempt to load library "/system/lib/libmedia_jni.so"
12-22 08:46:44.066 E/EmojiFactory_jni(  501): Failed to load libemoji.so: dlopen failed: library "libemoji.so" not found
12-22 08:46:44.067 E/EmojiFactory_jni(  500): Failed to load libemoji.so: dlopen failed: library "libemoji.so" not found
12-22 08:46:44.103 W/Adreno-RS(  507): <rsdSetCacheDir:719>: System path detected in cacheDir: /system/vendor/lib
12-22 08:46:44.103 W/Adreno-RS(  507): <rsdSetCacheDir:730>: Caching & Profiling are disabled!
12-22 08:46:44.129 E/QC-QMI  (  494): qmi_client [494]: unable to connect to server, errno=[2:No such file or directory], attempt=4
12-22 08:46:44.130 E/QC-QMI  (  508): qmi_client [508]: unable to connect to server, errno=[2:No such file or directory], attempt=4
12-22 08:46:44.153 E/QC-QMI  (  530): qmi_client [530]: unable to connect to server, errno=[2:No such file or directory], attempt=3
12-22 08:46:44.156 E/slim_daemon(  530): [NDK] bindNDKSensors: Sensor server is unavailable.
12-22 08:46:44.191 I/System  (  501): Loaded time zone names for "" in 19ms (18ms in ICU)
12-22 08:46:44.191 I/System  (  500): Loaded time zone names for "" in 17ms (17ms in ICU)
12-22 08:46:44.213 I/System  (  500): Loaded time zone names for "en_US" in 21ms (20ms in ICU)
12-22 08:46:44.215 I/System  (  501): Loaded time zone names for "en_US" in 24ms (12ms in ICU)
12-22 08:46:44.228 I/System  (  500): Loaded time zone names for "de_DE" in 15ms (13ms in ICU)
12-22 08:46:44.232 I/System  (  501): Loaded time zone names for "de_DE" in 17ms (16ms in ICU)
12-22 08:46:44.240 I/Zygote  (  500): ...preloaded 3831 classes in 1215ms.
12-22 08:46:44.240 I/art     (  500): VMRuntime.preloadDexCaches starting
12-22 08:46:44.243 I/Zygote  (  501): ...preloaded 3831 classes in 1043ms.
12-22 08:46:44.243 I/art     (  501): VMRuntime.preloadDexCaches starting
12-22 08:46:44.285 E/mm-camera-img(  507): cac2_comp_load:1528] cds_proc_type 1
12-22 08:46:44.285 E/mm-camera(  507): pproc_module_init:2986 num_sub_mods:7
12-22 08:46:44.286 E/mm-camera-img(  507): Can not discover face-detect device
12-22 08:46:44.286 E/mm-camera-img(  507): Can not find device name
12-22 08:46:44.286 E/mm-camera-img(  507): faceproc_dsp_comp_load:1115] E 
12-22 08:46:44.286 E/mm-camera(  507): module_faceproc_init:2289] HW or DSP FD not available switch to SW
12-22 08:46:44.292 I/art     (  500): VMRuntime.preloadDexCaches strings total=243695 before=43711 after=43711
12-22 08:46:44.292 I/art     (  500): VMRuntime.preloadDexCaches types total=20132 before=6880 after=6906
12-22 08:46:44.292 I/art     (  500): VMRuntime.preloadDexCaches fields total=98209 before=35725 after=35930
12-22 08:46:44.292 I/art     (  500): VMRuntime.preloadDexCaches methods total=170282 before=70820 after=71318
12-22 08:46:44.292 I/art     (  500): VMRuntime.preloadDexCaches finished
12-22 08:46:44.297 E/mm-camera-img(  507): hdr_comp_load:1258] Error opening hdr library
12-22 08:46:44.298 E/hdr     (  507): Cannot load hdr lib in module_hdr_lib_load
12-22 08:46:44.298 E/hdr     (  507): Cannot load library in hdr module
12-22 08:46:44.298 E/mm-camera-img(  507): module_imglib_create_topology:742] Can not init the module hdr
12-22 08:46:44.298 E/mm-camera-img(  507): frameproc_comp_load:843] Error opening frameproc library libmmcamera_chromaflash_lib.so error dlopen failed: library "libmmcamera_chromaflash_lib.so" not found
12-22 08:46:44.298 E/mm-camera(  507): module_imgbase_init_imglib_chroma_flash:2207] Error rc -6
12-22 08:46:44.298 E/mm-camera-img(  507): module_imglib_create_topology:742] Can not init the module imglib_chroma_flash
12-22 08:46:44.298 E/mm-camera-img(  507): frameproc_comp_load:843] Error opening frameproc library libmmcamera_optizoom_lib.so error dlopen failed: library "libmmcamera_optizoom_lib.so" not found
12-22 08:46:44.298 E/mm-camera(  507): module_imgbase_init_imglib_optizoom:2207] Error rc -6
12-22 08:46:44.298 E/mm-camera-img(  507): module_imglib_create_topology:742] Can not init the module imglib_optizoom
12-22 08:46:44.299 E/mm-camera-img(  507): frameproc_comp_load:843] Error opening frameproc library libmmcamera_ubifocus_lib.so error dlopen failed: library "libmmcamera_ubifocus_lib.so" not found
12-22 08:46:44.299 E/mm-camera(  507): module_imgbase_init_imglib_ubifocus:2207] Error rc -6
12-22 08:46:44.299 E/mm-camera-img(  507): module_imglib_create_topology:742] Can not init the module imglib_ubifocus
12-22 08:46:44.299 E/mm-camera-img(  507): frameproc_comp_load:843] Error opening frameproc library libmmcamera_ubifocus_lib.so error dlopen failed: library "libmmcamera_ubifocus_lib.so" not found
12-22 08:46:44.299 E/mm-camera(  507): module_imgbase_init_imglib_refocus:2207] Error rc -6
12-22 08:46:44.299 E/mm-camera-img(  507): module_imglib_create_topology:742] Can not init the module imglib_refocus
12-22 08:46:44.299 E/mm-camera-img(  507): frameproc_comp_load:843] Error opening frameproc library libmmcamera_trueportrait_lib.so error dlopen failed: library "libmmcamera_trueportrait_lib.so" not found
12-22 08:46:44.300 E/mm-camera(  507): module_imgbase_init_imglib_trueportrait:2207] Error rc -6
12-22 08:46:44.300 E/mm-camera-img(  507): module_imglib_create_topology:742] Can not init the module imglib_trueportrait
12-22 08:46:44.300 I/art     (  501): VMRuntime.preloadDexCaches strings total=243695 before=43711 after=43711
12-22 08:46:44.300 I/art     (  501): VMRuntime.preloadDexCaches types total=20132 before=6880 after=6906
12-22 08:46:44.300 E/mm-camera-img(  507): frameproc_comp_load:843] Error opening frameproc library libmmcamera_stillmore_lib.so error dlopen failed: library "libmmcamera_stillmore_lib.so" not found
12-22 08:46:44.300 I/art     (  501): VMRuntime.preloadDexCaches fields total=98209 before=35725 after=35930
12-22 08:46:44.300 E/mm-camera(  507): module_imgbase_init_imglib_stillmore:2207] Error rc -6
12-22 08:46:44.300 I/art     (  501): VMRuntime.preloadDexCaches methods total=170282 before=70820 after=71318
12-22 08:46:44.300 E/mm-camera-img(  507): module_imglib_create_topology:742] Can not init the module imglib_stillmore
12-22 08:46:44.300 I/art     (  501): VMRuntime.preloadDexCaches finished
12-22 08:46:44.329 D/idmap   (  877): error: no read access to /vendor/overlay: No such file or directory
12-22 08:46:44.329 D/idmap   (  876): error: no read access to /vendor/overlay: No such file or directory
12-22 08:46:44.363 I/Zygote  (  500): Preloading resources...
12-22 08:46:44.366 I/Zygote  (  501): Preloading resources...
12-22 08:46:44.395 E/QC-QMI  (  509): qmi_client [509]: unable to connect to server, errno=[2:No such file or directory], attempt=4
12-22 08:46:44.690 I/Zygote  (  500): ...preloaded 342 resources in 327ms.
12-22 08:46:44.694 I/Zygote  (  500): ...preloaded 41 resources in 4ms.
12-22 08:46:44.695 D/libEGL  (  500): loaded /vendor/lib64/egl/libEGL_adreno.so
12-22 08:46:44.708 I/Zygote  (  501): ...preloaded 342 resources in 343ms.
12-22 08:46:44.711 I/Zygote  (  501): ...preloaded 41 resources in 3ms.
12-22 08:46:44.717 D/libEGL  (  501): loaded /vendor/lib/egl/libEGL_adreno.so
12-22 08:46:44.734 D/libEGL  (  500): loaded /vendor/lib64/egl/libGLESv1_CM_adreno.so
12-22 08:46:44.742 D/libEGL  (  500): loaded /vendor/lib64/egl/libGLESv2_adreno.so
12-22 08:46:44.753 I/Zygote  (  500): Preloading shared libraries...
12-22 08:46:44.796 D/Zygote  (  500): end preload
12-22 08:46:44.796 I/art     (  500): Starting a blocking GC Explicit
12-22 08:46:44.806 I/art     (  500): Explicit concurrent mark sweep GC freed 11254(454KB) AllocSpace objects, 0(0B) LOS objects, 39% free, 11MB/19MB, paused 77us total 9.168ms
12-22 08:46:44.815 I/art     (  500): Starting a blocking GC Explicit
12-22 08:46:44.823 I/art     (  500): Explicit concurrent mark sweep GC freed 2360(111KB) AllocSpace objects, 0(0B) LOS objects, 39% free, 11MB/19MB, paused 69us total 7.822ms
12-22 08:46:44.823 I/art     (  500): Starting a blocking GC HeapTrim
12-22 08:46:44.826 I/art     (  500): Starting a blocking GC Background
12-22 08:46:44.856 I/Zygote  (  500): System server process 878 has been created
12-22 08:46:44.859 I/Zygote  (  500): Accepting command socket connections
12-22 08:46:44.933 D/libEGL  (  501): loaded /vendor/lib/egl/libGLESv1_CM_adreno.so
12-22 08:46:44.944 D/libEGL  (  501): loaded /vendor/lib/egl/libGLESv2_adreno.so
12-22 08:46:44.951 E/QC-QMI  (  497): qmi_client [497]: unable to connect to server, errno=[2:No such file or directory], attempt=5
12-22 08:46:44.954 E/QC-QMI  (  485): qmi_client [485]: unable to connect to server, errno=[2:No such file or directory], attempt=4
12-22 08:46:44.961 I/Zygote  (  501): Preloading shared libraries...
12-22 08:46:44.968 D/Zygote  (  501): end preload
12-22 08:46:44.968 I/art     (  501): Waiting for a blocking GC Explicit
12-22 08:46:44.974 I/art     (  501): WaitForGcToComplete blocked for 5.687ms for cause Explicit
12-22 08:46:44.974 I/art     (  501): Starting a blocking GC Explicit
12-22 08:46:44.980 I/art     (  501): Explicit concurrent mark sweep GC freed 894(45KB) AllocSpace objects, 0(0B) LOS objects, 40% free, 11MB/19MB, paused 170us total 6.498ms
12-22 08:46:44.981 I/art     (  501): Starting a blocking GC Explicit
12-22 08:46:44.987 I/art     (  501): Explicit concurrent mark sweep GC freed 1866(91KB) AllocSpace objects, 0(0B) LOS objects, 39% free, 11MB/19MB, paused 109us total 6.130ms
12-22 08:46:44.987 I/Zygote  (  501): Accepting command socket connections
12-22 08:46:44.995 I/Zygote  (  878): Process: zygote socket opened, supported ABIS: armeabi-v7a,armeabi
12-22 08:46:44.996 I/InstallerConnection(  878): connecting...
12-22 08:46:44.996 I/installd(  488): new connection
12-22 08:46:45.031 I/InstallerConnection(  878): disconnecting...
12-22 08:46:45.031 E/installd(  488): eof
12-22 08:46:45.031 E/installd(  488): failed to read size
12-22 08:46:45.031 I/installd(  488): closing connection
12-22 08:46:45.072 I/SystemServer(  878): Entered the Android system server!
12-22 08:46:45.130 E/QC-QMI  (  494): qmi_client [494]: unable to connect to server, errno=[2:No such file or directory], attempt=5
12-22 08:46:45.130 E/QC-QMI  (  508): qmi_client [508]: unable to connect to server, errno=[2:No such file or directory], attempt=5
12-22 08:46:45.131 I/SystemServiceManager(  878): Starting com.android.server.pm.Installer
12-22 08:46:45.141 I/Installer(  878): Waiting for installd to be ready.
12-22 08:46:45.141 I/InstallerConnection(  878): connecting...
12-22 08:46:45.141 I/installd(  488): new connection
12-22 08:46:45.142 I/SystemServiceManager(  878): Starting com.android.server.am.ActivityManagerService$Lifecycle
12-22 08:46:45.154 E/QC-QMI  (  530): qmi_client [530]: unable to connect to server, errno=[2:No such file or directory], attempt=4
12-22 08:46:45.157 E/slim_daemon(  530): [NDK] bindNDKSensors: Sensor server is unavailable.
12-22 08:46:45.183 I/ActivityManager(  878): Memory class: 192
12-22 08:46:45.199 D/BatteryStatsImpl(  878): Reading daily items from /data/system/batterystats-daily.xml
12-22 08:46:45.326 I/IntentFirewall(  878): Read new rules (A:0 B:0 S:0)
12-22 08:46:45.333 D/AppOps  (  878): AppOpsService published
12-22 08:46:45.333 I/SystemServiceManager(  878): Starting com.android.server.power.PowerManagerService
12-22 08:46:45.340 I/QCOMPowerHAL(  878): QCOM power HAL initing.
12-22 08:46:45.340 W/libsuspend(  878): Error writing 'on' to /sys/power/state: Invalid argument
12-22 08:46:45.341 I/libsuspend(  878): Selected wakeup count
12-22 08:46:45.341 E/QCOMPowerHAL(  878): Invalid hint ID.
12-22 08:46:45.342 I/SystemServiceManager(  878): Starting com.android.server.lights.LightsService
12-22 08:46:45.345 I/SystemServiceManager(  878): Starting com.android.server.display.DisplayManagerService
12-22 08:46:45.347 I/SystemServiceManager(  878): Starting phase 100
12-22 08:46:45.355 I/DisplayManagerService(  878): Display device added: DisplayDeviceInfo{"Integrierter Bildschirm": uniqueId="local:0", 1080 x 1920, modeId 1, defaultModeId 1, supportedModes [{id=1, width=1080, height=1920, fps=60.0}], colorTransformId 1, defaultColorTransformId 1, supportedColorTransforms [{id=1, colorTransform=-22}], density 420, 422.03 x 424.069 dpi, appVsyncOff 0, presDeadline 17666667, touch INTERNAL, rotation 0, type BUILT_IN, state UNKNOWN, FLAG_DEFAULT_DISPLAY, FLAG_ROTATES_WITH_CONTENT, FLAG_SECURE, FLAG_SUPPORTS_PROTECTED_BUFFERS}
12-22 08:46:45.356 D/SurfaceFlinger(  368): Set power mode=2, type=0 flinger=0x7f7e043c00
12-22 08:46:45.356 D/SurfaceFlinger(  368): Screen type=0 is already mode=2
12-22 08:46:45.357 I/SystemServer(  878): Package Manager
12-22 08:46:45.357 I/DisplayManagerService(  878): Display device changed state: "Integrierter Bildschirm", ON
12-22 08:46:45.369 D/vold    (  338): Disk at 253:0 changed
12-22 08:46:45.395 E/QC-QMI  (  509): qmi_client [509]: unable to connect to server, errno=[2:No such file or directory], attempt=5
12-22 08:46:45.400 D/vold    (  338): Disk at 253:0 changed
12-22 08:46:45.409 D/vold    (  338): Disk at 253:0 changed
12-22 08:46:45.420 D/SELinuxMMAC(  878): Using policy file /system/etc/security/mac_permissions.xml
12-22 08:46:45.450 D/PackageSettings(  878): Read domain verification for package:com.google.android.music
12-22 08:46:45.470 D/PackageSettings(  878): Read domain verification for package:com.google.android.apps.books
12-22 08:46:45.471 D/PackageSettings(  878): Read domain verification for package:com.google.android.keep
12-22 08:46:45.528 D/vold    (  338): Disk at 253:0 changed
12-22 08:46:45.533 D/vold    (  338): Disk at 253:0 changed
12-22 08:46:45.535 D/vold    (  338): Disk at 253:0 changed
12-22 08:46:45.536 D/vold    (  338): Disk at 253:0 changed
12-22 08:46:45.537 D/vold    (  338): Disk at 253:0 changed
12-22 08:46:45.539 D/vold    (  338): Disk at 253:0 changed
12-22 08:46:45.539 D/vold    (  338): Disk at 253:0 changed
12-22 08:46:45.539 D/vold    (  338): Disk at 253:0 changed
12-22 08:46:45.539 D/vold    (  338): Disk at 253:0 changed
12-22 08:46:45.539 D/vold    (  338): Disk at 253:0 changed
12-22 08:46:45.606 E/art     (  878): DexFile_getDexOptNeeded file '/system/framework/org.apache.http.legacy.jar' does not exist
12-22 08:46:45.607 W/PackageManager(  878): Library not found: /system/framework/org.apache.http.legacy.jar
12-22 08:46:45.647 E/art     (  878): DexFile_getDexOptNeeded file '/system/framework/org.apache.http.legacy.jar' does not exist
12-22 08:46:45.647 W/PackageManager(  878): Library not found: /system/framework/org.apache.http.legacy.jar
12-22 08:46:45.753 D/PackageManager(  878): No files in app dir /vendor/overlay
12-22 08:46:45.756 W/PackageManager(  878): Failed to parse /system/framework/arm: Missing base APK in /system/framework/arm
12-22 08:46:45.756 W/PackageManager(  878): Failed to parse /system/framework/arm64: Missing base APK in /system/framework/arm64
12-22 08:46:45.804 W/PackageManager(  878): Failed to parse /system/framework/oat: Missing base APK in /system/framework/oat
12-22 08:46:45.951 E/QC-QMI  (  497): qmi_client [497]: unable to connect to server, errno=[2:No such file or directory], attempt=6
12-22 08:46:45.954 E/QC-QMI  (  485): qmi_client [485]: unable to connect to server, errno=[2:No such file or directory], attempt=5
12-22 08:46:46.000 W/PackageParser(  878): Unknown element under <application>: uses-permission at /system/priv-app/DiagMon/DiagMon.apk Binary XML file line #7
12-22 08:46:46.032 W/PackageManager(  878): Permission android.permission.DOWNLOAD_WITHOUT_NOTIFICATION from package com.android.providers.downloads in an unknown group android.permission-group.NETWORK
12-22 08:46:46.081 W/PackageManager(  878): Failed to parse /system/priv-app/GCS: Package com.google.android.apps.gcs at /system/priv-app/GCS ignored: updated version 56 better than this 54
12-22 08:46:46.120 W/PackageParser(  878): No actions in intent filter at /system/priv-app/GoogleContacts/GoogleContacts.apk Binary XML file line #390
12-22 08:46:46.121 W/PackageManager(  878): Failed to parse /system/priv-app/GoogleContacts: Package com.google.android.contacts at /system/priv-app/GoogleContacts ignored: updated version 10307 better than this 10200
12-22 08:46:46.130 E/QC-QMI  (  494): qmi_client [494]: unable to connect to server, errno=[2:No such file or directory], attempt=6
12-22 08:46:46.130 E/QC-QMI  (  508): qmi_client [508]: unable to connect to server, errno=[2:No such file or directory], attempt=6
12-22 08:46:46.150 W/PackageParser(  878): No actions in intent filter at /system/priv-app/GoogleDialer/GoogleDialer.apk Binary XML file line #191
12-22 08:46:46.152 W/PackageManager(  878): Failed to parse /system/priv-app/GoogleDialer: Package com.google.android.dialer at /system/priv-app/GoogleDialer ignored: updated version 20312 better than this 20210
12-22 08:46:46.154 E/QC-QMI  (  530): qmi_client [530]: unable to connect to server, errno=[2:No such file or directory], attempt=5
12-22 08:46:46.157 E/slim_daemon(  530): [NDK] bindNDKSensors: Sensor server is unavailable.
12-22 08:46:46.162 W/PackageParser(  878): Unknown element under <manifest>: uses-library at /system/priv-app/GoogleFeedback/GoogleFeedback.apk Binary XML file line #30
12-22 08:46:46.259 W/netmgrd (  495): type=1400 audit(0.0:49): avc: denied { read write } for name="diag" dev="tmpfs" ino=10831 scontext=u:r:netmgrd:s0 tcontext=u:object_r:diag_device:s0 tclass=chr_file permissive=0
12-22 08:46:46.268 E/Diag_Lib(  495):  Diag_LSM_Init: Failed to open handle to diag driver, error = 13
12-22 08:46:46.269 W/netmgrd (  495): type=1400 audit(0.0:50): avc: denied { read write } for name="diag" dev="tmpfs" ino=10831 scontext=u:r:netmgrd:s0 tcontext=u:object_r:diag_device:s0 tclass=chr_file permissive=0
12-22 08:46:46.282 E/Diag_Lib(  495):  Diag_LSM_Init: Failed to open handle to diag driver, error = 13
12-22 08:46:46.294 W/PackageParser(  878): Ignoring duplicate uses-permissions/uses-permissions-sdk-m: com.google.android.providers.gsf.permission.READ_GSERVICES in package: com.google.android.partnersetup at: Binary XML file line #31
12-22 08:46:46.295 E/QC-QMI  (  492): linux_qmi_qmux_io_stop_watchdog_timer(): invalid timer_id for conn_id=0
12-22 08:46:46.296 E/QC-QMI  (  492): qmi_ctl_rx_msg.c Can't find txn info for txn_id = 1
12-22 08:46:46.346 E/QC-QMI  (  492): qmuxd: unable to bind to listener socket, rc=-1, errno=[2:No such file or directory]
12-22 08:46:46.346 E/QC-QMI  (  492): qmuxd: invalid listener_fd recvd for sock_path=/dev/socket/qmux_nfc/qmux_connect_socket
12-22 08:46:46.346 E/QC-QMI  (  492): linux_qmi_qmux_io_stop_watchdog_timer(): invalid timer_id for conn_id=60
12-22 08:46:46.365 W/PackageManager(  878): Permission com.google.android.googleapps.permission.GOOGLE_AUTH from package com.google.android.gsf in an unknown group android.permission-group.ACCOUNTS
12-22 08:46:46.366 W/PackageManager(  878): Permission com.google.android.googleapps.permission.GOOGLE_AUTH.ALL_SERVICES from package com.google.android.gsf in an unknown group android.permission-group.ACCOUNTS
12-22 08:46:46.366 W/PackageManager(  878): Permission com.google.android.googleapps.permission.GOOGLE_AUTH.OTHER_SERVICES from package com.google.android.gsf in an unknown group android.permission-group.ACCOUNTS
12-22 08:46:46.366 W/PackageManager(  878): Permission com.google.android.googleapps.permission.GOOGLE_AUTH.mail from package com.google.android.gsf in an unknown group android.permission-group.ACCOUNTS
12-22 08:46:46.366 W/PackageManager(  878): Permission com.google.android.googleapps.permission.GOOGLE_AUTH.cl from package com.google.android.gsf in an unknown group android.permission-group.ACCOUNTS
12-22 08:46:46.366 W/PackageManager(  878): Permission com.google.android.googleapps.permission.GOOGLE_AUTH.android from package com.google.android.gsf in an unknown group android.permission-group.ACCOUNTS
12-22 08:46:46.366 W/PackageManager(  878): Permission com.google.android.googleapps.permission.GOOGLE_AUTH.androidsecure from package com.google.android.gsf in an unknown group android.permission-group.ACCOUNTS
12-22 08:46:46.366 W/PackageManager(  878): Permission com.google.android.googleapps.permission.GOOGLE_AUTH.sierra from package com.google.android.gsf in an unknown group android.permission-group.ACCOUNTS
12-22 08:46:46.366 W/PackageManager(  878): Permission com.google.android.googleapps.permission.GOOGLE_AUTH.sierraqa from package com.google.android.gsf in an unknown group android.permission-group.ACCOUNTS
12-22 08:46:46.366 W/PackageManager(  878): Permission com.google.android.googleapps.permission.GOOGLE_AUTH.sierrasandbox from package com.google.android.gsf in an unknown group android.permission-group.ACCOUNTS
12-22 08:46:46.366 W/PackageManager(  878): Permission com.google.android.googleapps.permission.GOOGLE_AUTH.youtube from package com.google.android.gsf in an unknown group android.permission-group.ACCOUNTS
12-22 08:46:46.367 W/PackageManager(  878): Permission com.google.android.googleapps.permission.GOOGLE_AUTH.YouTubeUser from package com.google.android.gsf in an unknown group android.permission-group.ACCOUNTS
12-22 08:46:46.367 W/PackageManager(  878): Permission com.google.android.googleapps.permission.GOOGLE_AUTH.talk from package com.google.android.gsf in an unknown group android.permission-group.ACCOUNTS
12-22 08:46:46.367 W/PackageManager(  878): Permission com.google.android.googleapps.permission.GOOGLE_AUTH.ig from package com.google.android.gsf in an unknown group android.permission-group.ACCOUNTS
12-22 08:46:46.367 W/PackageManager(  878): Permission com.google.android.googleapps.permission.GOOGLE_AUTH.lh2 from package com.google.android.gsf in an unknown group android.permission-group.ACCOUNTS
12-22 08:46:46.367 W/PackageManager(  878): Permission com.google.android.googleapps.permission.GOOGLE_AUTH.mobile from package com.google.android.gsf in an unknown group android.permission-group.ACCOUNTS
12-22 08:46:46.367 W/PackageManager(  878): Permission com.google.android.googleapps.permission.GOOGLE_AUTH.cp from package com.google.android.gsf in an unknown group android.permission-group.ACCOUNTS
12-22 08:46:46.372 W/PackageManager(  878): Permission com.google.android.googleapps.permission.GOOGLE_AUTH.adsense from package com.google.android.gsf in an unknown group android.permission-group.ACCOUNTS
12-22 08:46:46.372 W/PackageManager(  878): Permission com.google.android.googleapps.permission.GOOGLE_AUTH.adwords from package com.google.android.gsf in an unknown group android.permission-group.ACCOUNTS
12-22 08:46:46.372 W/PackageManager(  878): Permission com.google.android.googleapps.permission.GOOGLE_AUTH.blogger from package com.google.android.gsf in an unknown group android.permission-group.ACCOUNTS
12-22 08:46:46.372 W/PackageManager(  878): Permission com.google.android.googleapps.permission.GOOGLE_AUTH.dodgeball from package com.google.android.gsf in an unknown group android.permission-group.ACCOUNTS
12-22 08:46:46.372 W/PackageManager(  878): Permission com.google.android.googleapps.permission.GOOGLE_AUTH.gbase from package com.google.android.gsf in an unknown group android.permission-group.ACCOUNTS
12-22 08:46:46.372 W/PackageManager(  878): Permission com.google.android.googleapps.permission.GOOGLE_AUTH.groups2 from package com.google.android.gsf in an unknown group android.permission-group.ACCOUNTS
12-22 08:46:46.372 W/PackageManager(  878): Permission com.google.android.googleapps.permission.GOOGLE_AUTH.health from package com.google.android.gsf in an unknown group android.permission-group.ACCOUNTS
12-22 08:46:46.372 W/PackageManager(  878): Permission com.google.android.googleapps.permission.GOOGLE_AUTH.jotspot from package com.google.android.gsf in an unknown group android.permission-group.ACCOUNTS
12-22 08:46:46.372 W/PackageManager(  878): Permission com.google.android.googleapps.permission.GOOGLE_AUTH.knol from package com.google.android.gsf in an unknown group android.permission-group.ACCOUNTS
12-22 08:46:46.372 W/PackageManager(  878): Permission com.google.android.googleapps.permission.GOOGLE_AUTH.news from package com.google.android.gsf in an unknown group android.permission-group.ACCOUNTS
12-22 08:46:46.372 W/PackageManager(  878): Permission com.google.android.googleapps.permission.GOOGLE_AUTH.orkut from package com.google.android.gsf in an unknown group android.permission-group.ACCOUNTS
12-22 08:46:46.372 W/PackageManager(  878): Permission com.google.android.googleapps.permission.GOOGLE_AUTH.print from package com.google.android.gsf in an unknown group android.permission-group.ACCOUNTS
12-22 08:46:46.372 W/PackageManager(  878): Permission com.google.android.googleapps.permission.GOOGLE_AUTH.sitemaps from package com.google.android.gsf in an unknown group android.permission-group.ACCOUNTS
12-22 08:46:46.372 W/PackageManager(  878): Permission com.google.android.googleapps.permission.GOOGLE_AUTH.wifi from package com.google.android.gsf in an unknown group android.permission-group.ACCOUNTS
12-22 08:46:46.372 W/PackageManager(  878): Permission com.google.android.googleapps.permission.GOOGLE_AUTH.finance from package com.google.android.gsf in an unknown group android.permission-group.ACCOUNTS
12-22 08:46:46.372 W/PackageManager(  878): Permission com.google.android.googleapps.permission.GOOGLE_AUTH.local from package com.google.android.gsf in an unknown group android.permission-group.ACCOUNTS
12-22 08:46:46.372 W/PackageManager(  878): Permission com.google.android.googleapps.permission.GOOGLE_AUTH.ah from package com.google.android.gsf in an unknown group android.permission-group.ACCOUNTS
12-22 08:46:46.373 W/PackageManager(  878): Permission com.google.android.googleapps.permission.GOOGLE_AUTH.notebook from package com.google.android.gsf in an unknown group android.permission-group.ACCOUNTS
12-22 08:46:46.373 W/PackageManager(  878): Permission com.google.android.googleapps.permission.GOOGLE_AUTH.writely from package com.google.android.gsf in an unknown group android.permission-group.ACCOUNTS
12-22 08:46:46.373 W/PackageManager(  878): Permission com.google.android.googleapps.permission.GOOGLE_AUTH.wise from package com.google.android.gsf in an unknown group android.permission-group.ACCOUNTS
12-22 08:46:46.373 W/PackageManager(  878): Permission com.google.android.googleapps.permission.GOOGLE_AUTH.grandcentral from package com.google.android.gsf in an unknown group android.permission-group.ACCOUNTS
12-22 08:46:46.373 W/PackageManager(  878): Permission com.google.android.googleapps.permission.GOOGLE_AUTH.speechpersonalization from package com.google.android.gsf in an unknown group android.permission-group.ACCOUNTS
12-22 08:46:46.373 W/PackageManager(  878): Permission com.google.android.googleapps.permission.GOOGLE_AUTH.speech from package com.google.android.gsf in an unknown group android.permission-group.ACCOUNTS
12-22 08:46:46.373 W/PackageManager(  878): Permission com.google.android.providers.talk.permission.READ_ONLY from package com.google.android.gsf in an unknown group android.permission-group.MESSAGES
12-22 08:46:46.373 W/PackageManager(  878): Permission com.google.android.providers.talk.permission.WRITE_ONLY from package com.google.android.gsf in an unknown group android.permission-group.MESSAGES
12-22 08:46:46.373 W/PackageManager(  878): Permission com.google.android.gtalkservice.permission.GTALK_SERVICE from package com.google.android.gsf in an unknown group android.permission-group.MESSAGES
12-22 08:46:46.373 W/PackageManager(  878): Permission com.google.android.gtalkservice.permission.SEND_HEARTBEAT from package com.google.android.gsf in an unknown group android.permission-group.NETWORK
12-22 08:46:46.373 W/PackageManager(  878): Permission com.google.android.permission.BROADCAST_DATA_MESSAGE from package com.google.android.gsf in an unknown group android.permission-group.NETWORK
12-22 08:46:46.373 W/PackageManager(  878): Permission com.google.android.c2dm.permission.SEND from package com.google.android.gsf in an unknown group android.permission-group.NETWORK
12-22 08:46:46.373 W/PackageManager(  878): Permission com.google.android.c2dm.permission.RECEIVE from package com.google.android.gsf in an unknown group android.permission-group.NETWORK
12-22 08:46:46.373 W/PackageManager(  878): Permission com.google.android.xmpp.permission.BROADCAST from package com.google.android.gsf in an unknown group android.permission-group.NETWORK
12-22 08:46:46.373 W/PackageManager(  878): Permission com.google.android.xmpp.permission.SEND_RECEIVE from package com.google.android.gsf in an unknown group android.permission-group.NETWORK
12-22 08:46:46.373 W/PackageManager(  878): Permission com.google.android.xmpp.permission.XMPP_ENDPOINT_BROADCAST from package com.google.android.gsf in an unknown group android.permission-group.NETWORK
12-22 08:46:46.374 W/PackageManager(  878): Permission com.google.android.xmpp.permission.USE_XMPP_ENDPOINT from package com.google.android.gsf in an unknown group android.permission-group.NETWORK
12-22 08:46:46.374 W/PackageManager(  878): Permission com.google.android.providers.gsf.permission.READ_GSERVICES from package com.google.android.gsf in an unknown group android.permission-group.ACCOUNTS
12-22 08:46:46.400 E/QC-QMI  (  509): qmi_client [509] 1: failed to locate client data
12-22 08:46:46.401 E/QC-QMI  (  492): qmuxd: RX on fd=15 returned error=0 errno[2:No such file or directory]
12-22 08:46:46.401 E/QC-QMI  (  492): QMUX qmux_client_id=1 not found in qmux client list, unable to remove
12-22 08:46:46.403 E/QC-QMI  (  492): qmi_qmux_open_connection: connection is disabled for conn_id=29
12-22 08:46:46.403 E/QC-QMI  (  492): qmi_qmux_tx_msg: failed to open inactive connd_id=29
12-22 08:46:46.403 E/QC-QMI  (  492): qmi_qmux: TX failed, connection inactive or in reset, conn_id=29, status_flags=4
12-22 08:46:46.403 E/QC-QMI  (  492): qmi_ctl_tx_msg: qmi_qmux_tx_msg failed
12-22 08:46:46.403 E/QC-QMI  (  492): qmi_ctl_handle_request: qmi_ctl_tx_msg call failed
12-22 08:46:46.404 E/QC-QMI  (  492): qmi_qmux_open_connection: connection is disabled for conn_id=29
12-22 08:46:46.404 E/QC-QMI  (  492): qmi_qmux_tx_msg: failed to open inactive connd_id=29
12-22 08:46:46.404 E/QC-QMI  (  492): qmi_qmux: TX failed, connection inactive or in reset, conn_id=29, status_flags=4
12-22 08:46:46.404 E/QC-QMI  (  492): qmi_ctl_tx_msg: qmi_qmux_tx_msg failed
12-22 08:46:46.404 E/QC-QMI  (  492): qmi_ctl_handle_request: qmi_ctl_tx_msg call failed
12-22 08:46:46.405 E/QC-QMI  (  492): qmi_qmux_open_connection: connection is disabled for conn_id=29
12-22 08:46:46.406 E/QC-QMI  (  492): qmi_qmux_tx_msg: failed to open inactive connd_id=29
12-22 08:46:46.406 E/QC-QMI  (  492): qmi_qmux: TX failed, connection inactive or in reset, conn_id=29, status_flags=4
12-22 08:46:46.406 E/QC-QMI  (  492): qmi_ctl_tx_msg: qmi_qmux_tx_msg failed
12-22 08:46:46.406 E/QC-QMI  (  492): qmi_ctl_handle_request: qmi_ctl_tx_msg call failed
12-22 08:46:46.407 E/QC-QMI  (  509): qmi_client [509] 2: failed to locate client data
12-22 08:46:46.408 E/QC-QMI  (  492): qmuxd: RX on fd=15 returned error=0 errno[2:No such file or directory]
12-22 08:46:46.409 E/QC-QMI  (  492): QMUX qmux_client_id=2 not found in qmux client list, unable to remove
