--------- beginning of main
03-03 05:14:10.651 W/auditd  (  336): type=2000 audit(0.0:1): initialized
--------- beginning of system
03-03 05:14:13.488 I/vold    (  339): Vold 3.0 (the awakening) firing up
03-03 05:14:13.488 V/vold    (  339): Detected support for: ext4 vfat
03-03 05:14:13.751 I/rmt_storage(  373): Shared memory initialised successfully.
03-03 05:14:13.751 I/lowmemorykiller(  370): Using in-kernel low memory killer interface
03-03 05:14:13.764 I/rmt_storage(  373): No EBR found
03-03 05:14:13.764 I/rmt_storage(  373): Error (-1) parsing MBR partitions
03-03 05:14:13.764 I/rmt_storage(  373): Registering modemst1: 0x4a /boot/modem_fs1
03-03 05:14:13.764 I/rmt_storage(  373): Registering modemst2: 0x4b /boot/modem_fs2
03-03 05:14:13.764 I/rmt_storage(  373): Registering fsc: 0xff /boot/modem_fsc
03-03 05:14:13.764 I/rmt_storage(  373): Registering fsg: 0x58 /boot/modem_fsg
03-03 05:14:13.764 I/rmt_storage(  373): 4 GPT partitions found
03-03 05:14:13.764 I/rmt_storage(  373): Capset success!
03-03 05:14:13.774 I/MSM-irqbalance(  376): msm-irq_balance (1.3) initialized
03-03 05:14:13.774 I/MSM-irqbalance(  376): Configuration
03-03 05:14:13.774 I/MSM-irqbalance(  376): Rate: 0.2 Hz
03-03 05:14:13.774 I/MSM-irqbalance(  376): Decay Factor: 75.0
03-03 05:14:13.774 I/MSM-irqbalance(  376): Balancing Factor: 0.1
03-03 05:14:13.774 I/MSM-irqbalance(  376): Debug Log: OFF
03-03 05:14:13.774 I/MSM-irqbalance(  376): Cfg file: /vendor/etc/msm_irqbalance.conf
03-03 05:14:13.775 I/MSM-irqbalance(  376): CPU PRIO: CPU0: 1 CPU1: 1 CPU2: 1 CPU3: 1 CPU4: 0 CPU5: 0
03-03 05:14:13.775 I/MSM-irqbalance(  376): Ignored IRQs: 20 40 200 203 155 157
03-03 05:14:13.783 D/QSEECOMD: (  375): qseecom listener services process entry PPID = 1
03-03 05:14:13.783 E/QSEECOMD: (  375): Listener: index = 0, hierarchy = 0
03-03 05:14:13.785 D/QSEECOMD: (  375): Init dlopen(librpmb.so, RTLD_NOW) succeeds
03-03 05:14:13.785 D/QSEECOMD: (  375): Init::Init dlsym(g_FSHandle rpmb_init_service) succeeds
03-03 05:14:13.786 I/rpmb_emmc(  375): RPMB Mult = 16384, Rel_sec_cnt = 1
03-03 05:14:13.786 E/DrmLibRpmb(  375): rpmb_init succeeded! with ret = 0
03-03 05:14:13.786 D/QSEECOMD: (  375): Init rpmb_init_service ret = 0
03-03 05:14:13.786 D/QSEECOMD: (  375): RPMB system services: init (Listener ID = 8192)
03-03 05:14:13.786 E/QSEECOMD: (  375): Listener: index = 1, hierarchy = 0
03-03 05:14:13.795 I/libmdmdetect(  374): ESOC framework not supported
03-03 05:14:13.795 I/libmdmdetect(  374): Found internal modem: modem
03-03 05:14:13.797 I/PerMgrSrv(  374): Peripheral Mananager service start
03-03 05:14:13.797 I/PerMgrSrv(  374): power-off timeout 500,ms; event-ack timeout 200,ms; debug-mode false
03-03 05:14:13.797 I/PerMgrSrv(  374): Statistics for : modem
03-03 05:14:13.797 I/PerMgrSrv(  374): modem: Current State : is off-line
03-03 05:14:13.797 I/PerMgrSrv(  374): modem: Voter/Listener count : 0/0
03-03 05:14:13.797 I/PerMgrSrv(  374): modem: Power on count : 0
03-03 05:14:13.797 I/PerMgrSrv(  374): modem: Power off count: 0
03-03 05:14:13.797 I/PerMgrSrv(  374): modem: Client list:
03-03 05:14:13.797 I/PerMgrSrv(  374): QMI service start
03-03 05:14:13.813 D/QSEECOMD: (  375): Init dlopen(libssd.so, RTLD_NOW) succeeds
03-03 05:14:13.813 D/QSEECOMD: (  375): Init::Init dlsym(g_FSHandle ssd_init_service) succeeds
03-03 05:14:13.813 E/SSD     (  375): ssd_init_service succeeded!
03-03 05:14:13.813 D/QSEECOMD: (  375): Init ssd_init_service ret = 0
03-03 05:14:13.813 D/QSEECOMD: (  375): SSD system services: init (Listener ID = 12288)
03-03 05:14:13.813 E/QSEECOMD: (  375): Listener: index = 2, hierarchy = 0
03-03 05:14:13.813 E/QSEECOMD: (  375): Init dlopen(libsecureui.so, RLTD_NOW) is failed....
03-03 05:14:13.813 D/QSEECOMD: (  375): SEC_UI_INIT failed, shall not start secure ui listener
03-03 05:14:13.813 E/QSEECOMD: (  375): Listener: index = 5, hierarchy = 0
03-03 05:14:13.813 E/QSEECOMD: (  375): Init dlopen(libmdtp.so, RLTD_NOW) is failed....
03-03 05:14:13.813 D/QSEECOMD: (  375): ERROR: MDTP_INIT failed, shall not start MDTP listener
03-03 05:14:13.814 D/QSEECOMD: (  375): Parent qseecom daemon process paused!!
03-03 05:14:13.814 D/QSEECOMD: (  391): qseecom listener service threads starting!!!
03-03 05:14:13.814 D/QSEECOMD: (  391): Total listener services to start = 7
03-03 05:14:13.814 E/QSEECOMD: (  391): Listener: index = 0, hierarchy = 1
03-03 05:14:13.814 D/QSEECOMD: (  391): Init dlopen(librpmb.so, RTLD_NOW) succeeds
03-03 05:14:13.814 D/QSEECOMD: (  391): Init::Init dlsym(g_FSHandle rpmb_start) succeeds
03-03 05:14:13.814 D/QSEECOMAPI: (  391): QSEECom_register_listener 8192 sb_length = 0x5000
03-03 05:14:13.816 D/QSEECOMD: (  391): Init rpmb_start ret = 0
03-03 05:14:13.816 D/QSEECOMD: (  391): RPMB system services: Started (Listener ID = 8192)
03-03 05:14:13.816 E/QSEECOMD: (  391): Listener: index = 1, hierarchy = 1
03-03 05:14:13.816 D/QSEECOMD: (  391): Init dlopen(libssd.so, RTLD_NOW) succeeds
03-03 05:14:13.816 D/QSEECOMD: (  391): Init::Init dlsym(g_FSHandle ssd_start) succeeds
03-03 05:14:13.816 D/QSEECOMAPI: (  391): QSEECom_register_listener 12288 sb_length = 0x5000
03-03 05:14:13.819 D/QSEECOMD: (  391): Init ssd_start ret = 0
03-03 05:14:13.819 D/QSEECOMD: (  391): SSD system services: Started (Listener ID = 12288)
03-03 05:14:13.819 E/QSEECOMD: (  391): Listener: index = 2, hierarchy = 1
03-03 05:14:13.819 E/QSEECOMD: (  391): Init dlopen(libsecureui.so, RLTD_NOW) is failed....
03-03 05:14:13.819 E/QSEECOMD: (  391): Listener: index = 3, hierarchy = 1
03-03 05:14:13.821 D/QSEECOMD: (  391): Init dlopen(libdrmtime.so, RTLD_NOW) succeeds
03-03 05:14:13.821 D/QSEECOMD: (  391): Init::Init dlsym(g_FSHandle atime_start) succeeds
03-03 05:14:13.821 D/DrmLibTime(  391): QSEE Time Listener: atime_start
03-03 05:14:13.821 D/QSEECOMAPI: (  391): QSEECom_register_listener 11 sb_length = 0x5000
03-03 05:14:13.822 D/DrmLibTime(  391): registering fs service to QSEECom is done!
03-03 05:14:13.822 D/DrmLibTime(  391): begin to create a thread!
03-03 05:14:13.822 D/DrmLibTime(  391): Creating a pthread in atime_start is done! return 0
03-03 05:14:13.822 D/QSEECOMD: (  391): Init atime_start ret = 0
03-03 05:14:13.822 D/QSEECOMD: (  391): time services: Started (Listener ID = 11)
03-03 05:14:13.822 E/QSEECOMD: (  391): Listener: index = 4, hierarchy = 1
03-03 05:14:13.823 D/DrmLibTime(  391): QSEE Time Listener: dispatch
03-03 05:14:13.823 D/QSEECOMD: (  391): Init dlopen(libdrmfs.so, RTLD_NOW) succeeds
03-03 05:14:13.823 D/DrmLibTime(  391): before calling ioctl to read the next time_cmd
03-03 05:14:13.823 D/QSEECOMD: (  391): Init::Init dlsym(g_FSHandle fs_start) succeeds
03-03 05:14:13.823 D/QSEECOMAPI: (  391): QSEECom_register_listener 10 sb_length = 0x5000
03-03 05:14:13.826 D/QSEECOMD: (  391): Init fs_start ret = 0
03-03 05:14:13.826 D/QSEECOMD: (  391): file system services: Started (Listener ID = 10)
03-03 05:14:13.826 E/QSEECOMD: (  391): Listener: index = 5, hierarchy = 1
03-03 05:14:13.827 E/QSEECOMD: (  391): Init dlopen(libmdtp.so, RLTD_NOW) is failed....
03-03 05:14:13.827 E/QSEECOMD: (  391): Listener: index = 6, hierarchy = 1
03-03 05:14:13.827 D/QSEECOMD: (  391): Init dlopen(libdrmfs.so, RTLD_NOW) succeeds
03-03 05:14:13.827 D/QSEECOMD: (  391): Init::Init dlsym(g_FSHandle gpfs_start) succeeds
03-03 05:14:13.827 D/QSEECOMAPI: (  391): QSEECom_register_listener 28672 sb_length = 0x7e000
03-03 05:14:13.829 D/QSEECOMD: (  391): Init gpfs_start ret = 0
03-03 05:14:13.829 D/QSEECOMD: (  391): gpfile system services: Started (Listener ID = 28672)
03-03 05:14:13.829 D/QSEECOMAPI: (  391): QSEECom_get_handle sb_length = 0x400
03-03 05:14:13.829 D/QSEECOMAPI: (  391): App is not loaded in QSEE
03-03 05:14:13.831 E/QSEECOMAPI: (  391): Error::Cannot open the file /firmware/image/keymaste.mdt
03-03 05:14:13.831 E/QSEECOMAPI: (  391): Error::Loading image failed with ret = -1
03-03 05:14:13.831 E/QSEECOMD: (  391): Loading keymaster app failed
03-03 05:14:13.831 D/QSEECOMD: (  391): QSEECOM DAEMON RUNNING
03-03 05:14:13.863 I/SurfaceFlinger(  372): SurfaceFlinger is starting
03-03 05:14:13.864 I/SurfaceFlinger(  372): SurfaceFlinger's main thread ready to run. Initializing graphics H/W...
03-03 05:14:13.872 D/libEGL  (  372): loaded /vendor/lib64/egl/libEGL_adreno.so
03-03 05:14:13.921 D/VoldCryptCmdListener(  339): cryptfs mountdefaultencrypted
03-03 05:14:13.921 I/Ext4Crypt(  339): ext4 crypto complete called on /data
03-03 05:14:13.921 I/Ext4Crypt(  339): No master key, so not ext4enc
03-03 05:14:13.923 I/Cryptfs (  339): cryptfs_check_passwd
03-03 05:14:13.923 I/Ext4Crypt(  339): ext4 crypto complete called on /data
03-03 05:14:13.923 I/Ext4Crypt(  339): No master key, so not ext4enc
03-03 05:14:13.923 D/Cryptfs (  339): crypt_ftr->fs_size = 22994908
03-03 05:14:13.924 I/Cryptfs (  339): Using scrypt with keymaster for cryptfs KDF
03-03 05:14:13.930 E/PerMgrProxy(  407): Starting pm-proxy service
03-03 05:14:13.930 I/libmdmdetect(  407): ESOC framework not supported
03-03 05:14:13.930 I/libmdmdetect(  407): Found internal modem: modem
03-03 05:14:13.931 I/PerMgrProxy(  407): Found internal modem
03-03 05:14:13.931 D/PerMgrSrv(  374): modem state: is off-line, add client PM-PROXY-THREAD
03-03 05:14:13.932 D/PerMgrSrv(  374): PM-PROXY-THREAD registered
03-03 05:14:13.932 D/PerMgrLib(  407): PM-PROXY-THREAD successfully registered for modem
03-03 05:14:13.932 I/PerMgrProxy(  407): pm-proxy-thread Voting for internal modem
03-03 05:14:13.932 D/PerMgrLib(  407): PM-PROXY-THREAD voting for modem
03-03 05:14:13.932 D/PerMgrSrv(  374): PM-PROXY-THREAD voting for modem
03-03 05:14:13.932 D/PerMgrSrv(  374): modem new state: going on-line
03-03 05:14:13.933 D/PerMgrSrv(  374): modem num voters is 1
03-03 05:14:14.047 D/libEGL  (  372): loaded /vendor/lib64/egl/libGLESv1_CM_adreno.so
03-03 05:14:14.061 D/libEGL  (  372): loaded /vendor/lib64/egl/libGLESv2_adreno.so
03-03 05:14:14.080 D/vold    (  339): Disk at 253:0 changed
03-03 05:14:14.088 I/Adreno  (  372): QUALCOMM build                   : 63c06b2, I8366cd0437
03-03 05:14:14.088 I/Adreno  (  372): Build Date                       : 10/21/15
03-03 05:14:14.088 I/Adreno  (  372): OpenGL ES Shader Compiler Version: XE031.05.13.02
03-03 05:14:14.088 I/Adreno  (  372): Local Branch                     :
03-03 05:14:14.088 I/Adreno  (  372): Remote Branch                    : quic/LA.BF64.1.2.9_v2
03-03 05:14:14.088 I/Adreno  (  372): Remote Branch                    : NONE
03-03 05:14:14.088 I/Adreno  (  372): Reconstruct Branch               : NOTHING
03-03 05:14:14.262 I/qdutils (  372): PartialUpdate status: Enabled
03-03 05:14:14.263 I/qdutils (  372): Left Align: 0
03-03 05:14:14.264 I/qdutils (  372): Width Align: 0
03-03 05:14:14.264 I/qdutils (  372): Top Align: 16
03-03 05:14:14.264 I/qdutils (  372): Height Align: 16
03-03 05:14:14.264 I/qdutils (  372): Min ROI Width: 1080
03-03 05:14:14.264 I/qdutils (  372): Min ROI Height: 0
03-03 05:14:14.264 I/qdutils (  372): Needs ROI Merge: 0
03-03 05:14:14.264 I/qdutils (  372): Dynamic Fps: Disabled
03-03 05:14:14.264 I/qdutils (  372): Min Panel fps: 0
03-03 05:14:14.264 I/qdutils (  372): Max Panel fps: 0
03-03 05:14:14.267 D/qdutils (  372): int qdutils::getHDMINode(): fb node 2 not present
03-03 05:14:14.267 I/qdutils (  372): int qdutils::getHDMINode(): No HDMI node on this device
03-03 05:14:14.269 W/qdhwcomposer(  372): Unable to load libmm-qdcm
03-03 05:14:14.270 I/qdhwcomposer(  372): Initializing Qualcomm Hardware Composer
03-03 05:14:14.271 I/qdhwcomposer(  372): MDP version: 500
03-03 05:14:14.272 I/SurfaceFlinger(  372): Using composer version 1.5
03-03 05:14:14.272 I/qdhwcomposer(  372): hwc_registerProcs
03-03 05:14:14.273 I/qdhwcomposer(  372): Initializing UEVENT Thread
03-03 05:14:14.274 I/qdhwcomposer(  372): Initializing VSYNC Thread
03-03 05:14:14.275 D/qdhwcomposer(  372): hwc_getDisplayAttributes disp = 0, width = 1080
03-03 05:14:14.275 I/qdhwcomposer(  372): vsync_loop: Reading event 0 for dpy 0 from /sys/class/graphics/fb0/vsync_event
03-03 05:14:14.276 D/qdhwcomposer(  372): hwc_getDisplayAttributes disp = 0, height = 1920
03-03 05:14:14.276 I/qdhwcomposer(  372): vsync_loop: Reading event 1 for dpy 0 from /sys/class/graphics/fb0/show_blank_event
03-03 05:14:14.276 E/qdhwcomposer(  372): hwc_getDisplayConfigs display (1) is inactive
03-03 05:14:14.276 I/qdhwcomposer(  372): vsync_loop: Reading event 2 for dpy 0 from /sys/class/graphics/fb0/msm_fb_thermal_level
03-03 05:14:14.277 I/qdhwcomposer(  372): vsync_loop: Reading event 0 for dpy 1 from /sys/class/graphics/fb-1/vsync_event
03-03 05:14:14.278 I/qdhwcomposer(  372): vsync_loop: Reading event 1 for dpy 1 from /sys/class/graphics/fb-1/show_blank_event
03-03 05:14:14.279 I/SurfaceFlinger(  372): EGL information:
03-03 05:14:14.279 I/qdhwcomposer(  372): vsync_loop: Reading event 2 for dpy 1 from /sys/class/graphics/fb-1/msm_fb_thermal_level
03-03 05:14:14.279 I/SurfaceFlinger(  372): vendor    : Android
03-03 05:14:14.279 I/SurfaceFlinger(  372): version   : 1.4 Android META-EGL
03-03 05:14:14.280 I/SurfaceFlinger(  372): extensions: EGL_KHR_get_all_proc_addresses EGL_ANDROID_presentation_time EGL_KHR_swap_buffers_with_damage EGL_KHR_image EGL_KHR_image_base EGL_KHR_lock_surface EGL_KHR_gl_texture_2D_image EGL_KHR_gl_texture_3D_image EGL_KHR_gl_texture_cubemap_image EGL_KHR_gl_renderbuffer_image EGL_KHR_reusable_sync EGL_KHR_fence_sync EGL_KHR_create_context EGL_KHR_surfaceless_context EGL_EXT_create_context_robustness EGL_ANDROID_image_native_buffer EGL_KHR_wait_sync EGL_ANDROID_recordable EGL_KHR_partial_update EGL_KHR_create_context_no_error
03-03 05:14:14.281 I/SurfaceFlinger(  372): Client API: OpenGL_ES
03-03 05:14:14.282 I/SurfaceFlinger(  372): EGLSurface: 8-8-8-8, config=0x7faaa11900
03-03 05:14:14.287 I/SurfaceFlinger(  372): OpenGL ES informations:
03-03 05:14:14.288 I/SurfaceFlinger(  372): vendor    : Qualcomm
03-03 05:14:14.289 I/SurfaceFlinger(  372): renderer  : Adreno (TM) 418
03-03 05:14:14.291 I/SurfaceFlinger(  372): version   : OpenGL ES 3.1 V@127.0 (GIT@I8366cd0437)
03-03 05:14:14.292 I/SurfaceFlinger(  372): extensions: GL_OES_EGL_image GL_OES_EGL_image_external GL_OES_EGL_sync GL_OES_vertex_half_float GL_OES_framebuffer_object GL_OES_rgb8_rgba8 GL_OES_compressed_ETC1_RGB8_texture GL_AMD_compressed_ATC_texture GL_KHR_texture_compression_astc_ldr GL_OES_texture_npot GL_EXT_texture_filter_anisotropic GL_EXT_texture_format_BGRA8888 GL_OES_texture_3D GL_EXT_color_buffer_float GL_EXT_color_buffer_half_float GL_QCOM_alpha_test GL_OES_depth24 GL_OES_packed_depth_stencil GL_OES_depth_texture GL_OES_depth_texture_cube_map GL_EXT_sRGB GL_OES_texture_float GL_OES_texture_float_linear GL_OES_texture_half_float GL_OES_texture_half_float_linear GL_EXT_texture_type_2_10_10_10_REV GL_EXT_texture_sRGB_decode GL_OES_element_index_uint GL_EXT_copy_image GL_EXT_geometry_shader GL_EXT_tessellation_shader GL_OES_texture_stencil8 GL_EXT_shader_io_blocks GL_OES_shader_image_atomic GL_OES_sample_variables GL_EXT_texture_border_clamp GL_EXT_multisampled_render_to_texture GL_OES_shader_multisample_interpolation GL_EXT_texture_cube_map_arr
03-03 05:14:14.292 I/SurfaceFlinger(  372): GL_MAX_TEXTURE_SIZE = 16384
03-03 05:14:14.293 I/SurfaceFlinger(  372): GL_MAX_VIEWPORT_DIMS = 16384
03-03 05:14:14.296 D/SurfaceFlinger(  372): Set power mode=2, type=0 flinger=0x7faaa03c00
03-03 05:14:14.297 D/qdhwcomposer(  372): hwc_setPowerMode: Setting mode 2 on display: 0
03-03 05:14:14.298 D/qdhwcomposer(  372): hwc_setPowerMode: Done setting mode 2 on display 0
03-03 05:14:14.298 I/qdhwcomposer(  372): handle_blank_event: dpy:0 panel power state: 1
03-03 05:14:14.452 D/vold    (  339): Disk at 253:0 changed
03-03 05:14:14.471 D/libEGL  (  435): loaded /vendor/lib64/egl/libEGL_adreno.so
03-03 05:14:14.499 I/Cryptfs (  339): keymaster module name is Keymaster QTI HAL
03-03 05:14:14.500 I/Cryptfs (  339): keymaster version is 256
03-03 05:14:14.500 I/Cryptfs (  339): Found keymaster1 module, using keymaster1 API.
03-03 05:14:14.501 D/QSEECOMAPI: (  339): QSEECom_get_handle sb_length = 0xa000
03-03 05:14:14.501 D/QSEECOMAPI: (  339): App is already loaded QSEE and app id = 3
03-03 05:14:14.513 D/libEGL  (  435): loaded /vendor/lib64/egl/libGLESv1_CM_adreno.so
03-03 05:14:14.513 E/keymaster1_device(  339): TA API Major Verion: 1
03-03 05:14:14.513 E/keymaster1_device(  339): TA API Minor Verion: 0
03-03 05:14:14.513 E/keymaster1_device(  339): TA Major Verion: 1
03-03 05:14:14.514 E/keymaster1_device(  339): TA Minor Verion: 5
03-03 05:14:14.514 I/Cryptfs (  339): Signing safely-padded object
03-03 05:14:14.519 D/libEGL  (  435): loaded /vendor/lib64/egl/libGLESv2_adreno.so
03-03 05:14:14.529 I/Adreno  (  435): QUALCOMM build                   : 63c06b2, I8366cd0437
03-03 05:14:14.529 I/Adreno  (  435): Build Date                       : 10/21/15
03-03 05:14:14.529 I/Adreno  (  435): OpenGL ES Shader Compiler Version: XE031.05.13.02
03-03 05:14:14.529 I/Adreno  (  435): Local Branch                     :
03-03 05:14:14.529 I/Adreno  (  435): Remote Branch                    : quic/LA.BF64.1.2.9_v2
03-03 05:14:14.529 I/Adreno  (  435): Remote Branch                    : NONE
03-03 05:14:14.529 I/Adreno  (  435): Reconstruct Branch               : NOTHING
03-03 05:14:14.541 E/BootAnimation(  435): couldn't find audio_conf.txt
03-03 05:14:14.551 D/DrmLibTime(  391): got the req here! ret=0
03-03 05:14:14.551 D/DrmLibTime(  391): command id, time_cmd_id = 770
03-03 05:14:14.551 D/DrmLibTime(  391): time_getutcsec starts!
03-03 05:14:14.551 D/DrmLibTime(  391): QSEE Time Listener: time_getutcsec
03-03 05:14:14.551 D/DrmLibTime(  391): QSEE Time Listener: get_utc_seconds
03-03 05:14:14.551 D/DrmLibTime(  391): QSEE Time Listener: time_get_modem_time
03-03 05:14:14.551 D/DrmLibTime(  391): QSEE Time Listener: Checking if ATS_MODEM is set or not.
03-03 05:14:14.551 D/QC-time-services(  391): Lib:time_genoff_operation: pargs->base = 13
03-03 05:14:14.551 D/QC-time-services(  391): Lib:time_genoff_operation: pargs->operation = 2
03-03 05:14:14.551 D/QC-time-services(  391): Lib:time_genoff_operation: pargs->ts_val = 0
03-03 05:14:14.551 E/QC-time-services(  391): Lib:time_genoff_operation: Connection failed !!
03-03 05:14:14.552 D/DrmLibTime(  391): QSEE Time Listener: ATS_MODEM is not set. Fallback to Android system time.
03-03 05:14:14.552 D/DrmLibTime(  391): QSEE Time Listener: Retrieved Android system time: 5285654
03-03 05:14:14.553 D/DrmLibTime(  391): time_getutcsec returns 0, sec = 5285654; nsec = 0
03-03 05:14:14.553 D/DrmLibTime(  391): time_getutcsec finished!
03-03 05:14:14.553 D/DrmLibTime(  391): iotcl_continue_command finished! and return 0
03-03 05:14:14.554 D/DrmLibTime(  391): before calling ioctl to read the next time_cmd
03-03 05:14:14.603 E/keymaster1_device(  339): HwKmClose
03-03 05:14:14.604 D/QSEECOMAPI: (  339): QSEECom_dealloc_memory
03-03 05:14:14.605 D/QSEECOMAPI: (  339): QSEECom_shutdown_app, app_id = 3
03-03 05:14:15.112 I/Cryptfs (  339): Enabling support for allow_discards in dmcrypt.
03-03 05:14:15.114 D/vold    (  339): Disk at 253:2 changed
03-03 05:14:15.116 D/SurfaceFlinger(  372): shader cache generated - 24 shaders in 365.511261 ms
03-03 05:14:15.130 D/qdutils (  372): DEBUG_CALC_FPS: 0
03-03 05:14:15.130 D/qdutils (  372): period: 10
03-03 05:14:15.130 D/qdutils (  372): ignorethresh_us: 500000
03-03 05:14:15.591 D/PerMgrSrv(  374): modem new state: is on-line
03-03 05:14:15.609 I/Cryptfs (  339): Password matches
03-03 05:14:15.609 D/Cryptfs (  339): test_mount_encrypted_fs(): Master key saved
03-03 05:14:15.610 I/Cryptfs (  339): keymaster module name is Keymaster QTI HAL
03-03 05:14:15.610 I/Cryptfs (  339): keymaster version is 256
03-03 05:14:15.610 I/Cryptfs (  339): Found keymaster1 module, using keymaster1 API.
03-03 05:14:15.610 D/QSEECOMAPI: (  339): QSEECom_get_handle sb_length = 0xa000
03-03 05:14:15.610 D/QSEECOMAPI: (  339): App is already loaded QSEE and app id = 3
03-03 05:14:15.612 E/keymaster1_device(  339): TA API Major Verion: 1
03-03 05:14:15.612 E/keymaster1_device(  339): TA API Minor Verion: 0
03-03 05:14:15.612 E/keymaster1_device(  339): TA Major Verion: 1
03-03 05:14:15.612 E/keymaster1_device(  339): TA Minor Verion: 5
03-03 05:14:15.612 E/keymaster1_device(  339): HwKmClose
03-03 05:14:15.612 D/QSEECOMAPI: (  339): QSEECom_dealloc_memory
03-03 05:14:15.612 D/QSEECOMAPI: (  339): QSEECom_shutdown_app, app_id = 3
03-03 05:14:15.612 D/Cryptfs (  339): Password is default - restarting filesystem
03-03 05:14:15.613 D/Cryptfs (  339): unmounting /data succeeded
03-03 05:14:15.654 I/rmt_storage(  373): rmt_storage_connect_cb: clnt_h=0x1 conn_h=0x7f908ba000
03-03 05:14:15.654 I/rmt_storage(  373): rmt_storage_open_cb: /boot/modem_fs1: clnt_h=0x1: req_h=0x1 msg_id=1: Client found
03-03 05:14:15.655 I/rmt_storage(  373): rmt_storage_open_cb: /boot/modem_fs1: clnt_h=0x1: req_h=0x1 msg_id=1: Send response: res=0 err=0
03-03 05:14:15.655 I/rmt_storage(  373): rmt_storage_client_thread: /boot/modem_fs1: clnt_h=0x1 Worker thread started
03-03 05:14:15.655 I/rmt_storage(  373): wake lock name: rmt_storage_547882267712, name creation success: 24
03-03 05:14:15.655 I/rmt_storage(  373): rmt_storage_disconnect_cb: clnt_h=0x1 conn_h=0x7f908ba000
03-03 05:14:15.655 I/rmt_storage(  373): rmt_storage_connect_cb: clnt_h=0x2 conn_h=0x7f908ba000
03-03 05:14:15.655 I/rmt_storage(  373): rmt_storage_open_cb: /boot/modem_fs2: clnt_h=0x2: req_h=0x2 msg_id=1: Client found
03-03 05:14:15.655 I/rmt_storage(  373): rmt_storage_client_thread: /boot/modem_fs2: clnt_h=0x2 Worker thread started
03-03 05:14:15.655 I/rmt_storage(  373): rmt_storage_open_cb: /boot/modem_fs2: clnt_h=0x2: req_h=0x2 msg_id=1: Send response: res=0 err=0
03-03 05:14:15.655 I/rmt_storage(  373): wake lock name: rmt_storage_547881202752, name creation success: 24
03-03 05:14:15.656 I/rmt_storage(  373): rmt_storage_disconnect_cb: clnt_h=0x2 conn_h=0x7f908ba000
03-03 05:14:15.656 I/rmt_storage(  373): rmt_storage_connect_cb: clnt_h=0x3 conn_h=0x7f908ba000
03-03 05:14:15.656 I/rmt_storage(  373): rmt_storage_open_cb: /boot/modem_fsg: clnt_h=0x3: req_h=0x3 msg_id=1: Client found
03-03 05:14:15.656 I/rmt_storage(  373): rmt_storage_client_thread: /boot/modem_fsg: clnt_h=0x3 Worker thread started
03-03 05:14:15.656 I/rmt_storage(  373): rmt_storage_open_cb: /boot/modem_fsg: clnt_h=0x3: req_h=0x3 msg_id=1: Send response: res=0 err=0
03-03 05:14:15.656 I/rmt_storage(  373): wake lock name: rmt_storage_547880137792, name creation success: 24
03-03 05:14:15.656 I/rmt_storage(  373): rmt_storage_disconnect_cb: clnt_h=0x3 conn_h=0x7f908ba000
03-03 05:14:15.656 I/rmt_storage(  373): rmt_storage_connect_cb: clnt_h=0x4 conn_h=0x7f908ba000
03-03 05:14:15.656 I/rmt_storage(  373): rmt_storage_open_cb: /boot/modem_fsc: clnt_h=0x4: req_h=0x4 msg_id=1: Client found
03-03 05:14:15.656 I/rmt_storage(  373): rmt_storage_client_thread: /boot/modem_fsc: clnt_h=0x4 Worker thread started
03-03 05:14:15.656 I/rmt_storage(  373): rmt_storage_open_cb: /boot/modem_fsc: clnt_h=0x4: req_h=0x4 msg_id=1: Send response: res=0 err=0
03-03 05:14:15.656 I/rmt_storage(  373): wake lock name: rmt_storage_547879072832, name creation success: 24
03-03 05:14:15.657 I/rmt_storage(  373): rmt_storage_disconnect_cb: clnt_h=0x4 conn_h=0x7f908ba000
03-03 05:14:15.657 I/rmt_storage(  373): rmt_storage_connect_cb: clnt_h=0x5 conn_h=0x7f908ba000
03-03 05:14:15.657 I/rmt_storage(  373): rmt_storage_alloc_buff_cb: /boot/modem_fs1: clnt_h=0x5: req_h=0x5 msg_id=4: Alloc request received: Size: 0
03-03 05:14:15.657 I/rmt_storage(  373): rmt_storage_alloc_buff_cb: /boot/modem_fs1: clnt_h=0x5: req_h=0x5 msg_id=4: New client making a dummy request with buffer req size 0
03-03 05:14:15.657 I/rmt_storage(  373): rmt_storage_alloc_buff_cb: /boot/modem_fs1: clnt_h=0x5: req_h=0x5 msg_id=4: Send response: res=0 err=0
03-03 05:14:15.658 I/rmt_storage(  373): rmt_storage_disconnect_cb: clnt_h=0x5 conn_h=0x7f908ba000
03-03 05:14:15.658 I/rmt_storage(  373): rmt_storage_connect_cb: clnt_h=0x6 conn_h=0x7f908ba000
03-03 05:14:15.658 I/rmt_storage(  373): rmt_storage_rw_iovec_cb: /boot/modem_fs1: clnt_h=0x6: req_h=0x6 msg_id=3: R/W request received
03-03 05:14:15.658 I/rmt_storage(  373): wakelock acquired: 1, error no: 42
03-03 05:14:15.659 I/rmt_storage(  373): rmt_storage_client_thread: /boot/modem_fs1: clnt_h=0x6 Unblock worker thread (th_id: 547882267712)
03-03 05:14:15.659 I/rmt_storage(  373): rmt_storage_client_thread: /boot/modem_fs1: clnt_h=0x6: req_h=0x6 msg_id=3: Bytes read = 512
03-03 05:14:15.659 I/rmt_storage(  373): rmt_storage_client_thread: /boot/modem_fs1: clnt_h=0x6: req_h=0x6 msg_id=3: Send response: res=0 err=0
03-03 05:14:15.659 I/rmt_storage(  373): rmt_storage_client_thread: /boot/modem_fs1: clnt_h=0x6 About to block rmt_storage client thread (th_id: 547882267712) wakelock released: 1, error no: 0
03-03 05:14:15.659 I/rmt_storage(  373):
03-03 05:14:15.660 I/rmt_storage(  373): rmt_storage_disconnect_cb: clnt_h=0x6 conn_h=0x7f908ba000
03-03 05:14:15.660 I/rmt_storage(  373): rmt_storage_connect_cb: clnt_h=0x7 conn_h=0x7f908ba000
03-03 05:14:15.660 I/rmt_storage(  373): rmt_storage_rw_iovec_cb: /boot/modem_fs2: clnt_h=0x7: req_h=0x7 msg_id=3: R/W request received
03-03 05:14:15.660 I/rmt_storage(  373): wakelock acquired: 1, error no: 42
03-03 05:14:15.660 I/rmt_storage(  373): rmt_storage_client_thread: /boot/modem_fs2: clnt_h=0x7 Unblock worker thread (th_id: 547881202752)
03-03 05:14:15.661 I/rmt_storage(  373): rmt_storage_client_thread: /boot/modem_fs2: clnt_h=0x7: req_h=0x7 msg_id=3: Bytes read = 512
03-03 05:14:15.661 I/rmt_storage(  373): rmt_storage_client_thread: /boot/modem_fs2: clnt_h=0x7: req_h=0x7 msg_id=3: Send response: res=0 err=0
03-03 05:14:15.662 I/rmt_storage(  373): rmt_storage_client_thread: /boot/modem_fs2: clnt_h=0x7 About to block rmt_storage client thread (th_id: 547881202752) wakelock released: 1, error no: 0
03-03 05:14:15.662 I/rmt_storage(  373):
03-03 05:14:15.662 I/rmt_storage(  373): rmt_storage_disconnect_cb: clnt_h=0x7 conn_h=0x7f908ba000
03-03 05:14:15.663 I/rmt_storage(  373): rmt_storage_connect_cb: clnt_h=0x8 conn_h=0x7f908ba000
03-03 05:14:15.663 I/rmt_storage(  373): rmt_storage_rw_iovec_cb: /boot/modem_fs1: clnt_h=0x8: req_h=0x8 msg_id=3: R/W request received
03-03 05:14:15.663 I/rmt_storage(  373): wakelock acquired: 1, error no: 42
03-03 05:14:15.663 I/rmt_storage(  373): rmt_storage_client_thread: /boot/modem_fs1: clnt_h=0x8 Unblock worker thread (th_id: 547882267712)
03-03 05:14:15.670 I/rmt_storage(  373): rmt_storage_client_thread: /boot/modem_fs1: clnt_h=0x8: req_h=0x8 msg_id=3: Bytes read = 1571840
03-03 05:14:15.670 I/rmt_storage(  373): rmt_storage_client_thread: /boot/modem_fs1: clnt_h=0x8: req_h=0x8 msg_id=3: Send response: res=0 err=0
03-03 05:14:15.671 I/rmt_storage(  373): rmt_storage_client_thread: /boot/modem_fs1: clnt_h=0x8 About to block rmt_storage client thread (th_id: 547882267712) wakelock released: 1, error no: 0
03-03 05:14:15.671 I/rmt_storage(  373):
03-03 05:14:15.671 I/rmt_storage(  373): rmt_storage_disconnect_cb: clnt_h=0x8 conn_h=0x7f908ba000
03-03 05:14:15.727 D/Cryptfs (  339): Just triggered post_fs_data
03-03 05:14:15.777 I//system/bin/tzdatacheck(  479): tzdata file /data/misc/zoneinfo/current/tzdata does not exist. No action required.
03-03 05:14:15.828 D/Cryptfs (  339): post_fs_data done
03-03 05:14:15.828 D/Cryptfs (  339): Just triggered restart_framework
03-03 05:14:15.853 I/        (  484): debuggerd: starting
03-03 05:14:15.860 I/irsc_util(  491): Starting irsc tool
03-03 05:14:15.880 I/rmt_storage(  373): rmt_storage_connect_cb: clnt_h=0x9 conn_h=0x7f908ba000
03-03 05:14:15.880 I/rmt_storage(  373): rmt_storage_rw_iovec_cb: /boot/modem_fs2: clnt_h=0x9: req_h=0x9 msg_id=3: R/W request received
03-03 05:14:15.880 I/rmt_storage(  373): wakelock acquired: 1, error no: 42
03-03 05:14:15.880 I/rmt_storage(  373): rmt_storage_client_thread: /boot/modem_fs2: clnt_h=0x9 Unblock worker thread (th_id: 547881202752)
03-03 05:14:15.886 I/installd(  488): installd firing up
03-03 05:14:15.901 I/keystore(  490): Found keymaster1 module Keymaster QTI HAL, version 100
03-03 05:14:15.901 I/SoftKeymaster(  490): system/keymaster/soft_keymaster_device.cpp, Line 122: Creating device
03-03 05:14:15.901 D/SoftKeymaster(  490): system/keymaster/soft_keymaster_device.cpp, Line 123: Device address: 0x7f9d5e3000
03-03 05:14:15.902 D/QSEECOMAPI: (  490): QSEECom_get_handle sb_length = 0xa000
03-03 05:14:15.902 D/QSEECOMAPI: (  490): App is already loaded QSEE and app id = 3
03-03 05:14:15.903 E/keymaster1_device(  490): TA API Major Verion: 1
03-03 05:14:15.903 E/keymaster1_device(  490): TA API Minor Verion: 0
03-03 05:14:15.903 E/keymaster1_device(  490): TA Major Verion: 1
03-03 05:14:15.903 E/keymaster1_device(  490): TA Minor Verion: 5
03-03 05:14:15.903 D/SoftKeymaster(  490): system/keymaster/soft_keymaster_device.cpp, Line 173: Reinitializing SoftKeymasterDevice to use HW keymaster1
03-03 05:14:15.906 I/keystore(  490): Keymaster1 module is incomplete, using SoftKeymasterDevice wrapper
03-03 05:14:15.906 I/SoftKeymaster(  490): system/keymaster/soft_keymaster_device.cpp, Line 122: Creating device
03-03 05:14:15.907 D/SoftKeymaster(  490): system/keymaster/soft_keymaster_device.cpp, Line 123: Device address: 0x7f9d5e3300
03-03 05:14:15.927 I/rmt_storage(  373): rmt_storage_client_thread: /boot/modem_fs2: clnt_h=0x9: req_h=0x9 msg_id=3: Bytes written = 1572864
03-03 05:14:15.927 I/rmt_storage(  373): rmt_storage_client_thread: /boot/modem_fs2: clnt_h=0x9: req_h=0x9 msg_id=3: Send response: res=0 err=0
03-03 05:14:15.927 I/rmt_storage(  373): rmt_storage_client_thread: /boot/modem_fs2: clnt_h=0x9 About to block rmt_storage client thread (th_id: 547881202752) wakelock released: 1, error no: 0
03-03 05:14:15.927 I/rmt_storage(  373):
03-03 05:14:15.927 I/rmt_storage(  373): rmt_storage_disconnect_cb: clnt_h=0x9 conn_h=0x7f908ba000
03-03 05:14:15.953 I/Netd    (  482): Netd 1.0 starting
03-03 05:14:15.956 D/TetherController(  482): Setting IP forward enable = 0
03-03 05:14:15.983 I/rmt_storage(  373): rmt_storage_connect_cb: clnt_h=0xa conn_h=0x7f908ba000
03-03 05:14:15.983 I/rmt_storage(  373): rmt_storage_rw_iovec_cb: /boot/modem_fs1: clnt_h=0xa: req_h=0xa msg_id=3: R/W request received
03-03 05:14:15.983 I/rmt_storage(  373): wakelock acquired: 1, error no: 42
03-03 05:14:15.983 I/rmt_storage(  373): rmt_storage_client_thread: /boot/modem_fs1: clnt_h=0xa Unblock worker thread (th_id: 547882267712)
03-03 05:14:16.025 I/rmt_storage(  373): rmt_storage_client_thread: /boot/modem_fs1: clnt_h=0xa: req_h=0xa msg_id=3: Bytes written = 1572864
03-03 05:14:16.025 I/rmt_storage(  373): rmt_storage_client_thread: /boot/modem_fs1: clnt_h=0xa: req_h=0xa msg_id=3: Send response: res=0 err=0
03-03 05:14:16.025 I/rmt_storage(  373): rmt_storage_client_thread: /boot/modem_fs1: clnt_h=0xa About to block rmt_storage client thread (th_id: 547882267712) wakelock released: 1, error no: 0
03-03 05:14:16.025 I/rmt_storage(  373):
03-03 05:14:16.025 I/rmt_storage(  373): rmt_storage_disconnect_cb: clnt_h=0xa conn_h=0x7f908ba000
03-03 05:14:16.079 I/fingerprintd(  518): Starting fingerprintd
03-03 05:14:16.081 E/Diag_Lib(  511):  Diag_LSM_Init: Failed to open handle to diag driver, error = 13
03-03 05:14:16.082 E/QC-QMI  (  511): qmi_client [511]: unable to bind to client socket, rc = -1 errno[13:Permission denied]
03-03 05:14:16.082 E/QC-QMI  (  511): qmi_qmux_if_pwr_up_init_ex:  Initialization failed, rc = -1
03-03 05:14:16.082 E/QMI_FW  (  511): QMUXD: WARNING qmi_qmux_if_pwr_up_init failed! rc=-1
03-03 05:14:16.082 E/QC-QMI  (  511): qmi_client [511]: unable to bind to client socket, rc = -1 errno[13:Permission denied]
03-03 05:14:16.082 E/QC-QMI  (  511): qmi_qmux_if_pwr_up_init_ex:  Initialization failed, rc = -1
03-03 05:14:16.082 E/QMI_FW  (  511): QMUXD: WARNING qmi_qmux_if_pwr_up_init failed! rc=-1
03-03 05:14:16.082 E/QC-QMI  (  511): qmi_client [511]: unable to bind to client socket, rc = -1 errno[13:Permission denied]
03-03 05:14:16.082 E/QC-QMI  (  511): qmi_qmux_if_pwr_up_init_ex:  Initialization failed, rc = -1
03-03 05:14:16.082 E/QMI_FW  (  511): QMUXD: WARNING qmi_qmux_if_pwr_up_init failed! rc=-1
03-03 05:14:16.082 E/QC-QMI  (  511): qmi_client [511]: unable to bind to client socket, rc = -1 errno[13:Permission denied]
03-03 05:14:16.083 E/QC-QMI  (  511): qmi_qmux_if_pwr_up_init_ex:  Initialization failed, rc = -1
03-03 05:14:16.083 E/QMI_FW  (  511): QMUXD: WARNING qmi_qmux_if_pwr_up_init failed! rc=-1
03-03 05:14:16.093 I/ThermalEngine(  496): Thermal daemon started
03-03 05:14:16.093 I/ThermalEngine(  496): Using target config file '/system/etc/thermal-engine-8992.conf'
03-03 05:14:16.093 I/ThermalEngine(  496): devices_manager_init: Init
03-03 05:14:16.093 I/ThermalEngine(  496): Number of gpus :1
03-03 05:14:16.094 I/Thermal-IOCTL(  496): KTM IOCTL interface "/dev/msm_thermal_query" opened
03-03 05:14:16.094 E/ThermalEngine(  496): update_cpu_topology: Cluster Info[0]. Cluster Id: 0 cpu_bits:0xf sync:1
03-03 05:14:16.094 E/ThermalEngine(  496): update_cpu_topology: Cluster Info[1]. Cluster Id: 1 cpu_bits:0x30 sync:1
03-03 05:14:16.095 I/ThermalEngine(  496): vdd_rstr_init: Init KTM VDD RSTR enabled: 0
03-03 05:14:16.096 I/ThermalEngine(  496): sensors_manager_init: Init
03-03 05:14:16.097 E/Diag_Lib(  496):  Diag_LSM_Init: Failed to open handle to diag driver, error = 13
03-03 05:14:16.097 E/QC-QMI  (  496): qmi_client [496]: unable to connect to server, errno=[2:No such file or directory], attempt=1
03-03 05:14:16.098 D/QC-time-services(  512): Daemon:genoff_pre_init::Base = 0
03-03 05:14:16.098 D/QC-time-services(  512): Daemon:ats_rtc_init: Time read from RTC -- year = 70, month = 2,day = 3
03-03 05:14:16.110 E/ThermalEngine(  496): bcl_setup: Unexpected node error
03-03 05:14:16.110 E/ThermalEngine(  496): add_tgt_sensors_set: Error adding bcl
03-03 05:14:16.110 E/ThermalEngine(  496): sensors_init: Error adding BCL TS
03-03 05:14:16.111 I/ThermalEngine(  496): Loading config file for virtual sensor
03-03 05:14:16.111 I/ThermalEngine(  496): Loading configuration file /system/etc/thermal-engine-8992.conf
03-03 05:14:16.132 I/        (  483): debuggerd: starting
03-03 05:14:16.138 E/Diag_Lib(  492):  Diag_LSM_Init: Failed to open handle to diag driver, error = 13
03-03 05:14:16.138 E/QC-QMI  (  492): qmuxd: linux_qmi_read_sysfs_config: couldn't open file /sys/module/f_rmnet/parameters/rmnet_ctl_ch
03-03 05:14:16.138 E/QC-QMI  (  492): qmuxd: linux_qmi_read_sysfs_config: couldn't open /sys/module/rmnet/parameters/rmnet_ctl_ch
03-03 05:14:16.139 E/Diag_Lib(  492):  Diag_LSM_Init: Failed to open handle to diag driver, error = 13
03-03 05:14:16.152 E/Diag_Lib(  515):  Diag_LSM_Init: Failed to open handle to diag driver, error = 13
03-03 05:14:16.152 E/QC-QMI  (  515): qmi_client [515]: unable to connect to server, errno=[2:No such file or directory], attempt=1
03-03 05:14:16.245 I/irsc_util(  491): Num of entries:27
03-03 05:14:16.245 I/irsc_util(  491): Ending irsc tool
03-03 05:14:16.276 E/Diag_Lib(  497):  Diag_LSM_Init: Failed to open handle to diag driver, error = 13
03-03 05:14:16.276 E/Diag_Lib(  497): qpLogDiagInit <== result : 0
03-03 05:14:16.276 E/Diag_Lib(  497): QMID : gIsQXDMDisabled 0, gIsADBDisabled 1, gIsDebugDisabled 0, gIsIMSLogsDisabled 0
03-03 05:14:16.276 E/Diag_Lib(  497):  Diag_LSM_Init: Failed to open handle to diag driver, error = 13
03-03 05:14:16.276 E/Diag_Lib(  497): qpLogDiagInit <== result : 0
03-03 05:14:16.276 E/Diag_Lib(  497): QMID : gIsQXDMDisabled 0, gIsADBDisabled 1, gIsDebugDisabled 0, gIsIMSLogsDisabled 0
03-03 05:14:16.277 E/Diag_Lib(  497):  Diag_LSM_Init: Failed to open handle to diag driver, error = 13
03-03 05:14:16.277 E/Diag_Lib(  497): qpLogDiagInit <== result : 0
03-03 05:14:16.277 E/Diag_Lib(  497): QMID : gIsQXDMDisabled 0, gIsADBDisabled 1, gIsDebugDisabled 0, gIsIMSLogsDisabled 0
03-03 05:14:16.277 E/Diag_Lib(  497):  Diag_LSM_Init: Failed to open handle to diag driver, error = 13
03-03 05:14:16.277 E/Diag_Lib(  497): qpLogDiagInit <== result : 0
03-03 05:14:16.277 E/Diag_Lib(  497): QMID : gIsQXDMDisabled 0, gIsADBDisabled 1, gIsDebugDisabled 0, gIsIMSLogsDisabled 0
03-03 05:14:16.277 E/Diag_Lib(  497):  Diag_LSM_Init: Failed to open handle to diag driver, error = 13
03-03 05:14:16.277 E/Diag_Lib(  497): qpLogDiagInit <== result : 0
03-03 05:14:16.277 E/Diag_Lib(  497): QMID : gIsQXDMDisabled 0, gIsADBDisabled 1, gIsDebugDisabled 0, gIsIMSLogsDisabled 0
03-03 05:14:16.277 E/Diag_Lib(  497):  Diag_LSM_Init: Failed to open handle to diag driver, error = 13
03-03 05:14:16.277 E/Diag_Lib(  497): qpLogDiagInit <== result : 0
03-03 05:14:16.277 E/Diag_Lib(  497): QMID : gIsQXDMDisabled 0, gIsADBDisabled 1, gIsDebugDisabled 0, gIsIMSLogsDisabled 0
03-03 05:14:16.283 E/Diag_Lib(  497):  Diag_LSM_Init: Failed to open handle to diag driver, error = 13
03-03 05:14:16.283 E/Diag_Lib(  497): qpLogDiagInit <== result : 0
03-03 05:14:16.283 E/Diag_Lib(  497): QMID : gIsQXDMDisabled 0, gIsADBDisabled 1, gIsDebugDisabled 0, gIsIMSLogsDisabled 0
03-03 05:14:16.283 E/Diag_Lib(  497):  Diag_LSM_Init: Failed to open handle to diag driver, error = 13
03-03 05:14:16.283 E/Diag_Lib(  497): qpLogDiagInit <== result : 0
03-03 05:14:16.283 E/Diag_Lib(  497): QMID : gIsQXDMDisabled 0, gIsADBDisabled 1, gIsDebugDisabled 0, gIsIMSLogsDisabled 0
03-03 05:14:16.283 E/Diag_Lib(  497):  Diag_LSM_Init: Failed to open handle to diag driver, error = 13
03-03 05:14:16.283 E/Diag_Lib(  497): qpLogDiagInit <== result : 0
03-03 05:14:16.283 E/Diag_Lib(  497): QMID : gIsQXDMDisabled 0, gIsADBDisabled 1, gIsDebugDisabled 0, gIsIMSLogsDisabled 0
03-03 05:14:16.291 E/Diag_Lib(  494):  Diag_LSM_Init: Failed to open handle to diag driver, error = 13
03-03 05:14:16.291 E/Diag_Lib(  494):  Diag_LSM_Init: Failed to open handle to diag driver, error = 13
03-03 05:14:16.292 E/QC-QMI  (  494): qmi_client [494]: unable to connect to server, errno=[2:No such file or directory], attempt=1
03-03 05:14:16.312 I/gatekeeperd(  501): Starting gatekeeperd...
03-03 05:14:16.317 D/gatekeeper_device(  501): HwKmOpen called
03-03 05:14:16.318 D/QSEECOMAPI: (  501): QSEECom_get_handle sb_length = 0xa000
03-03 05:14:16.318 D/QSEECOMAPI: (  501): App is already loaded QSEE and app id = 3
03-03 05:14:16.325 E/QCNEA   (  516): Cne Version 4.8
03-03 05:14:16.325 E/Diag_Lib(  516):  Diag_LSM_Init: Failed to open handle to diag driver, error = 13
03-03 05:14:16.326 E/Diag_Lib(  516):  Diag_LSM_Init: Failed to open handle to diag driver, error = 13
03-03 05:14:16.327 E/QC-QMI  (  516): qmi_client [516]: unable to connect to server, errno=[2:No such file or directory], attempt=1
03-03 05:14:16.331 I/ThermalEngine(  496): Parsing section global
03-03 05:14:16.331 I/ThermalEngine(  496): Found field 'sampling'
03-03 05:14:16.331 I/ThermalEngine(  496): Found field 'charger_offset'
03-03 05:14:16.331 E/ThermalEngine(  496): virtual_sensors_init: Error getting virtual sensors set
03-03 05:14:16.331 I/ThermalEngine(  496): Loading configuration file /system/etc/thermal-engine-8992.conf
03-03 05:14:16.332 I/ThermalEngine(  496): Parsing section global
03-03 05:14:16.332 I/ThermalEngine(  496): Found field 'sampling'
03-03 05:14:16.332 I/ThermalEngine(  496): Found field 'charger_offset'
03-03 05:14:16.332 I/ThermalEngine(  496): Created section 'CPU0_MONITOR'
03-03 05:14:16.332 I/ThermalEngine(  496): Algo Type 'monitor'
03-03 05:14:16.332 I/ThermalEngine(  496): Parsing section CPU0_MONITOR
03-03 05:14:16.332 I/ThermalEngine(  496): Found field 'sensor'
03-03 05:14:16.332 I/ThermalEngine(  496): Found field 'sampling'
03-03 05:14:16.332 I/ThermalEngine(  496): Found field 'thresholds'
03-03 05:14:16.332 I/ThermalEngine(  496): Found field 'thresholds_clr'
03-03 05:14:16.332 I/ThermalEngine(  496): Found field 'actions'
03-03 05:14:16.332 I/ThermalEngine(  496): Found field 'action_info'
03-03 05:14:16.332 I/ThermalEngine(  496): Created section 'CPU2_MONITOR'
03-03 05:14:16.332 I/ThermalEngine(  496): Algo Type 'monitor'
03-03 05:14:16.332 I/ThermalEngine(  496): Parsing section CPU2_MONITOR
03-03 05:14:16.332 I/ThermalEngine(  496): Found field 'sensor'
03-03 05:14:16.332 I/ThermalEngine(  496): Found field 'sampling'
03-03 05:14:16.332 I/ThermalEngine(  496): Found field 'thresholds'
03-03 05:14:16.332 I/ThermalEngine(  496): Found field 'thresholds_clr'
03-03 05:14:16.332 I/ThermalEngine(  496): Found field 'actions'
03-03 05:14:16.332 I/ThermalEngine(  496): Found field 'action_info'
03-03 05:14:16.332 I/ThermalEngine(  496): Created section 'CPU3_MONITOR'
03-03 05:14:16.332 I/ThermalEngine(  496): Algo Type 'monitor'
03-03 05:14:16.332 I/ThermalEngine(  496): Parsing section CPU3_MONITOR
03-03 05:14:16.332 I/ThermalEngine(  496): Found field 'sensor'
03-03 05:14:16.332 I/ThermalEngine(  496): Found field 'sampling'
03-03 05:14:16.332 I/ThermalEngine(  496): Found field 'thresholds'
03-03 05:14:16.332 I/ThermalEngine(  496): Found field 'thresholds_clr'
03-03 05:14:16.332 I/ThermalEngine(  496): Found field 'actions'
03-03 05:14:16.333 I/ThermalEngine(  496): Found field 'action_info'
03-03 05:14:16.333 I/ThermalEngine(  496): Created section 'CPU4_MONITOR'
03-03 05:14:16.333 I/ThermalEngine(  496): Algo Type 'monitor'
03-03 05:14:16.333 I/ThermalEngine(  496): Parsing section CPU4_MONITOR
03-03 05:14:16.333 I/ThermalEngine(  496): Found field 'sensor'
03-03 05:14:16.333 I/ThermalEngine(  496): Found field 'sampling'
03-03 05:14:16.333 I/ThermalEngine(  496): Found field 'thresholds'
03-03 05:14:16.333 I/ThermalEngine(  496): Found field 'thresholds_clr'
03-03 05:14:16.333 I/ThermalEngine(  496): Found field 'actions'
03-03 05:14:16.333 I/ThermalEngine(  496): Found field 'action_info'
03-03 05:14:16.333 I/ThermalEngine(  496): Created section 'CPU5_MONITOR'
03-03 05:14:16.333 I/ThermalEngine(  496): Algo Type 'monitor'
03-03 05:14:16.333 I/ThermalEngine(  496): Parsing section CPU5_MONITOR
03-03 05:14:16.333 I/ThermalEngine(  496): Found field 'sensor'
03-03 05:14:16.333 I/ThermalEngine(  496): Found field 'sampling'
03-03 05:14:16.333 I/ThermalEngine(  496): Found field 'thresholds'
03-03 05:14:16.333 I/ThermalEngine(  496): Found field 'thresholds_clr'
03-03 05:14:16.333 I/ThermalEngine(  496): Found field 'actions'
03-03 05:14:16.333 I/ThermalEngine(  496): Found field 'action_info'
03-03 05:14:16.333 I/ThermalEngine(  496): Created section 'CPU4_HOTPLUG_MONITOR'
03-03 05:14:16.333 I/ThermalEngine(  496): Algo Type 'monitor'
03-03 05:14:16.333 I/ThermalEngine(  496): Parsing section CPU4_HOTPLUG_MONITOR
03-03 05:14:16.333 I/ThermalEngine(  496): Found field 'sensor'
03-03 05:14:16.333 I/ThermalEngine(  496): Found field 'sampling'
03-03 05:14:16.333 I/ThermalEngine(  496): Found field 'thresholds'
03-03 05:14:16.333 I/ThermalEngine(  496): Found field 'thresholds_clr'
03-03 05:14:16.333 I/ThermalEngine(  496): Found field 'actions'
03-03 05:14:16.333 I/ThermalEngine(  496): Found field 'action_info'
03-03 05:14:16.333 I/ThermalEngine(  496): Created section 'CPU5_HOTPLUG_MONITOR'
03-03 05:14:16.333 I/ThermalEngine(  496): Algo Type 'monitor'
03-03 05:14:16.333 I/ThermalEngine(  496): Parsing section CPU5_HOTPLUG_MONITOR
03-03 05:14:16.334 I/ThermalEngine(  496): Found field 'sensor'
03-03 05:14:16.334 I/ThermalEngine(  496): Found field 'sampling'
03-03 05:14:16.334 I/ThermalEngine(  496): Found field 'thresholds'
03-03 05:14:16.334 I/ThermalEngine(  496): Found field 'thresholds_clr'
03-03 05:14:16.334 I/ThermalEngine(  496): Found field 'actions'
03-03 05:14:16.334 I/ThermalEngine(  496): Found field 'action_info'
03-03 05:14:16.334 I/ThermalEngine(  496): Created section 'LCD_management'
03-03 05:14:16.334 I/ThermalEngine(  496): Algo Type 'monitor'
03-03 05:14:16.334 I/ThermalEngine(  496): Parsing section LCD_management
03-03 05:14:16.334 I/ThermalEngine(  496): Found field 'sensor'
03-03 05:14:16.334 I/ThermalEngine(  496): Found field 'sampling'
03-03 05:14:16.334 I/ThermalEngine(  496): Found field 'thresholds'
03-03 05:14:16.334 I/ThermalEngine(  496): Found field 'thresholds_clr'
03-03 05:14:16.334 I/ThermalEngine(  496): Found field 'actions'
03-03 05:14:16.334 I/ThermalEngine(  496): Found field 'action_info'
03-03 05:14:16.334 I/ThermalEngine(  496): Created section 'battery_monitor'
03-03 05:14:16.334 I/ThermalEngine(  496): Algo Type 'monitor'
03-03 05:14:16.334 I/ThermalEngine(  496): Parsing section battery_monitor
03-03 05:14:16.334 I/ThermalEngine(  496): Found field 'sensor'
03-03 05:14:16.334 I/ThermalEngine(  496): Found field 'sampling'
03-03 05:14:16.334 I/ThermalEngine(  496): Found field 'thresholds'
03-03 05:14:16.334 I/ThermalEngine(  496): Found field 'thresholds_clr'
03-03 05:14:16.334 I/ThermalEngine(  496): Found field 'actions'
03-03 05:14:16.334 I/ThermalEngine(  496): Found field 'action_info'
03-03 05:14:16.334 I/ThermalEngine(  496): Created section 'PID-LITTLE_CLUSTER_management'
03-03 05:14:16.334 I/ThermalEngine(  496): Algo Type 'pid'
03-03 05:14:16.334 I/ThermalEngine(  496): Parsing section PID-LITTLE_CLUSTER_management
03-03 05:14:16.334 I/ThermalEngine(  496): Found field 'sampling'
03-03 05:14:16.334 I/ThermalEngine(  496): Found field 'sensor'
03-03 05:14:16.334 I/ThermalEngine(  496): Found field 'device'
03-03 05:14:16.335 I/ThermalEngine(  496): Found field 'set_point'
03-03 05:14:16.335 I/ThermalEngine(  496): Found field 'set_point_clr'
03-03 05:14:16.335 I/ThermalEngine(  496): Found field 'p_const'
03-03 05:14:16.335 I/ThermalEngine(  496): Found field 'i_const'
03-03 05:14:16.335 I/ThermalEngine(  496): Found field 'd_const'
03-03 05:14:16.335 I/ThermalEngine(  496): Found field 'i_samples'
03-03 05:14:16.335 I/ThermalEngine(  496): Found field 'dev_units_per_calc'
03-03 05:14:16.335 I/ThermalEngine(  496): Found field 'limit'
03-03 05:14:16.335 I/ThermalEngine(  496): Created section 'PID-BIG_CLUSTER_management'
03-03 05:14:16.335 I/ThermalEngine(  496): Algo Type 'pid'
03-03 05:14:16.335 I/ThermalEngine(  496): Parsing section PID-BIG_CLUSTER_management
03-03 05:14:16.335 I/ThermalEngine(  496): Found field 'sampling'
03-03 05:14:16.335 I/ThermalEngine(  496): Found field 'sensor'
03-03 05:14:16.335 I/ThermalEngine(  496): Found field 'device'
03-03 05:14:16.335 I/ThermalEngine(  496): Found field 'set_point'
03-03 05:14:16.335 I/ThermalEngine(  496): Found field 'set_point_clr'
03-03 05:14:16.335 I/ThermalEngine(  496): Found field 'p_const'
03-03 05:14:16.335 I/ThermalEngine(  496): Found field 'i_const'
03-03 05:14:16.335 I/ThermalEngine(  496): Found field 'd_const'
03-03 05:14:16.335 I/ThermalEngine(  496): Found field 'i_samples'
03-03 05:14:16.335 I/ThermalEngine(  496): Found field 'dev_units_per_calc'
03-03 05:14:16.335 I/ThermalEngine(  496): Found field 'limit'
03-03 05:14:16.335 I/ThermalEngine(  496): Created section 'SS-GPU_management'
03-03 05:14:16.335 I/ThermalEngine(  496): Algo Type 'pid'
03-03 05:14:16.335 I/ThermalEngine(  496): Parsing section SS-GPU_management
03-03 05:14:16.335 I/ThermalEngine(  496): Found field 'sensor'
03-03 05:14:16.335 I/ThermalEngine(  496): Found field 'sampling'
03-03 05:14:16.335 I/ThermalEngine(  496): Found field 'device'
03-03 05:14:16.335 I/ThermalEngine(  496): Found field 'set_point'
03-03 05:14:16.335 I/ThermalEngine(  496): Found field 'set_point_clr'
03-03 05:14:16.336 I/ThermalEngine(  496): Found field 'p_const'
03-03 05:14:16.336 I/ThermalEngine(  496): Found field 'i_const'
03-03 05:14:16.336 I/ThermalEngine(  496): Found field 'd_const'
03-03 05:14:16.336 I/ThermalEngine(  496): Found field 'i_samples'
03-03 05:14:16.336 I/ThermalEngine(  496): Found field 'dev_units_per_calc'
03-03 05:14:16.336 I/ThermalEngine(  496): Found field 'limit'
03-03 05:14:16.336 I/ThermalEngine(  496): [SS-GPU_management]
03-03 05:14:16.336 I/ThermalEngine(  496): algo_type pid
03-03 05:14:16.336 I/ThermalEngine(  496): sampling 5000
03-03 05:14:16.336 I/ThermalEngine(  496): sensor xo_therm
03-03 05:14:16.336 I/ThermalEngine(  496): device gpu
03-03 05:14:16.336 I/ThermalEngine(  496): set_point 44000
03-03 05:14:16.336 I/ThermalEngine(  496): set_point_clr 41000
03-03 05:14:16.336 I/ThermalEngine(  496): p_const 5.000000
03-03 05:14:16.336 I/ThermalEngine(  496): i_const 0.050000
03-03 05:14:16.336 I/ThermalEngine(  496): d_const 0.000000
03-03 05:14:16.336 I/ThermalEngine(  496): i_samples 20
03-03 05:14:16.336 I/ThermalEngine(  496): dev_units_per_calc 3500000
03-03 05:14:16.336 I/ThermalEngine(  496): [PID-BIG_CLUSTER_management]
03-03 05:14:16.336 I/ThermalEngine(  496): algo_type pid
03-03 05:14:16.336 I/ThermalEngine(  496): sampling 1000
03-03 05:14:16.336 I/ThermalEngine(  496): sensor xo_therm
03-03 05:14:16.336 I/ThermalEngine(  496): device cluster1
03-03 05:14:16.336 I/ThermalEngine(  496): set_point 39000
03-03 05:14:16.336 I/ThermalEngine(  496): set_point_clr 37000
03-03 05:14:16.336 I/ThermalEngine(  496): p_const 10.000000
03-03 05:14:16.336 I/ThermalEngine(  496): i_const 0.090000
03-03 05:14:16.336 I/ThermalEngine(  496): d_const 0.000000
03-03 05:14:16.336 I/ThermalEngine(  496): i_samples 10
03-03 05:14:16.336 I/ThermalEngine(  496): dev_units_per_calc 10000
03-03 05:14:16.336 I/ThermalEngine(  496): [PID-LITTLE_CLUSTER_management]
03-03 05:14:16.336 I/ThermalEngine(  496): algo_type pid
03-03 05:14:16.336 I/ThermalEngine(  496): sampling 5000
03-03 05:14:16.336 I/ThermalEngine(  496): sensor xo_therm
03-03 05:14:16.336 I/ThermalEngine(  496): device cluster0
03-03 05:14:16.336 I/ThermalEngine(  496): set_point 44000
03-03 05:14:16.336 I/ThermalEngine(  496): set_point_clr 41000
03-03 05:14:16.336 I/ThermalEngine(  496): p_const 5.000000
03-03 05:14:16.336 I/ThermalEngine(  496): i_const 0.100000
03-03 05:14:16.336 I/ThermalEngine(  496): d_const 0.000000
